Archive member included to satisfy reference by file (symbol)

C:/devkitPro/devkitARM/bin/../lib/gcc/arm-none-eabi/14.2.0/thumb\libgcc.a(_call_via_rX.o)
                              mm_main_gba.o (_call_via_r1)
C:/devkitPro/devkitARM/bin/../lib/gcc/arm-none-eabi/14.2.0/thumb\libgcc.a(_sync_none.o)
                              (__sync_synchronize_none)

Discarded input sections

 .text          0x00000000        0x0 C:/devkitPro/devkitARM/bin/../lib/gcc/arm-none-eabi/14.2.0/../../../../arm-none-eabi/lib/thumb/gba_crt0.o
 .data          0x00000000        0x0 C:/devkitPro/devkitARM/bin/../lib/gcc/arm-none-eabi/14.2.0/../../../../arm-none-eabi/lib/thumb/gba_crt0.o
 .bss           0x00000000        0x0 C:/devkitPro/devkitARM/bin/../lib/gcc/arm-none-eabi/14.2.0/../../../../arm-none-eabi/lib/thumb/gba_crt0.o
 .text          0x00000000        0x0 C:/devkitPro/devkitARM/bin/../lib/gcc/arm-none-eabi/14.2.0/thumb/crti.o
 .data          0x00000000        0x0 C:/devkitPro/devkitARM/bin/../lib/gcc/arm-none-eabi/14.2.0/thumb/crti.o
 .bss           0x00000000        0x0 C:/devkitPro/devkitARM/bin/../lib/gcc/arm-none-eabi/14.2.0/thumb/crti.o
 .text          0x00000000        0x0 C:/devkitPro/devkitARM/bin/../lib/gcc/arm-none-eabi/14.2.0/thumb/crtbegin.o
 .data          0x00000000        0x0 C:/devkitPro/devkitARM/bin/../lib/gcc/arm-none-eabi/14.2.0/thumb/crtbegin.o
 .bss           0x00000000        0x0 C:/devkitPro/devkitARM/bin/../lib/gcc/arm-none-eabi/14.2.0/thumb/crtbegin.o
 .rodata.all_implied_fbits
                0x00000000       0x24 C:/devkitPro/devkitARM/bin/../lib/gcc/arm-none-eabi/14.2.0/thumb/crtbegin.o
 .text          0x00000000        0x0 _bn_audio_soundbank.bin.o
 .data          0x00000000        0x0 _bn_audio_soundbank.bin.o
 .bss           0x00000000        0x0 _bn_audio_soundbank.bin.o
 .text          0x00000000        0x0 big_font_bn_gfx.o
 .data          0x00000000        0x0 big_font_bn_gfx.o
 .bss           0x00000000        0x0 big_font_bn_gfx.o
 .text          0x00000000        0x0 boss_intro_bn_gfx.o
 .data          0x00000000        0x0 boss_intro_bn_gfx.o
 .bss           0x00000000        0x0 boss_intro_bn_gfx.o
 .text          0x00000000        0x0 brightness_bn_gfx.o
 .data          0x00000000        0x0 brightness_bn_gfx.o
 .bss           0x00000000        0x0 brightness_bn_gfx.o
 .text          0x00000000        0x0 butano_background_bn_gfx.o
 .data          0x00000000        0x0 butano_background_bn_gfx.o
 .bss           0x00000000        0x0 butano_background_bn_gfx.o
 .text          0x00000000        0x0 butano_big_silhouette_bn_gfx.o
 .data          0x00000000        0x0 butano_big_silhouette_bn_gfx.o
 .bss           0x00000000        0x0 butano_big_silhouette_bn_gfx.o
 .text          0x00000000        0x0 butano_big_sprite_bn_gfx.o
 .data          0x00000000        0x0 butano_big_sprite_bn_gfx.o
 .bss           0x00000000        0x0 butano_big_sprite_bn_gfx.o
 .text          0x00000000        0x0 butano_fire_bn_gfx.o
 .data          0x00000000        0x0 butano_fire_bn_gfx.o
 .bss           0x00000000        0x0 butano_fire_bn_gfx.o
 .text          0x00000000        0x0 butano_flash_palette_bn_gfx.o
 .data          0x00000000        0x0 butano_flash_palette_bn_gfx.o
 .bss           0x00000000        0x0 butano_flash_palette_bn_gfx.o
 .text          0x00000000        0x0 butano_font_bn_gfx.o
 .data          0x00000000        0x0 butano_font_bn_gfx.o
 .bss           0x00000000        0x0 butano_font_bn_gfx.o
 .text          0x00000000        0x0 butano_huge_bn_gfx.o
 .data          0x00000000        0x0 butano_huge_bn_gfx.o
 .bss           0x00000000        0x0 butano_huge_bn_gfx.o
 .text          0x00000000        0x0 clouds_bn_gfx.o
 .data          0x00000000        0x0 clouds_bn_gfx.o
 .bss           0x00000000        0x0 clouds_bn_gfx.o
 .text          0x00000000        0x0 enemy_bullets_bn_gfx.o
 .data          0x00000000        0x0 enemy_bullets_bn_gfx.o
 .bss           0x00000000        0x0 enemy_bullets_bn_gfx.o
 .text          0x00000000        0x0 enemy_explosion_bn_gfx.o
 .data          0x00000000        0x0 enemy_explosion_bn_gfx.o
 .bss           0x00000000        0x0 enemy_explosion_bn_gfx.o
 .text          0x00000000        0x0 experience_bar_bn_gfx.o
 .data          0x00000000        0x0 experience_bar_bn_gfx.o
 .bss           0x00000000        0x0 experience_bar_bn_gfx.o
 .text          0x00000000        0x0 experience_frame_back_bn_gfx.o
 .data          0x00000000        0x0 experience_frame_back_bn_gfx.o
 .bss           0x00000000        0x0 experience_frame_back_bn_gfx.o
 .text          0x00000000        0x0 experience_frame_front_bn_gfx.o
 .data          0x00000000        0x0 experience_frame_front_bn_gfx.o
 .bss           0x00000000        0x0 experience_frame_front_bn_gfx.o
 .text          0x00000000        0x0 fighter_font_bn_gfx.o
 .data          0x00000000        0x0 fighter_font_bn_gfx.o
 .bss           0x00000000        0x0 fighter_font_bn_gfx.o
[...]
Memory Configuration

Name             Origin             Length             Attributes
rom              0x08000000         0x02000000
iwram            0x03000000         0x00008000
ewram            0x02000000         0x00040000
*default*        0x00000000         0xffffffff

Linker script and memory map

                0x00000000                        __sync_synchronize = __sync_synchronize_none
                0x08000000                        __text_start = ORIGIN (rom)
                0x02040000                        __eheap_end = (ORIGIN (ewram) + LENGTH (ewram))
                0x03000000                        __iwram_start = ORIGIN (iwram)
                0x03008000                        __iwram_top = (ORIGIN (iwram) + LENGTH (iwram))
                0x03007fa0                        __sp_irq = (__iwram_top - 0x60)
                0x03007f00                        __sp_usr = (__sp_irq - 0xa0)
                0x03007ff8                        __irq_flags = 0x3007ff8
                0x08000000                        . = __text_start

.crt0           0x08000000      0x210
 *(.crt0)
 .crt0          0x08000000      0x210 C:/devkitPro/devkitARM/bin/../lib/gcc/arm-none-eabi/14.2.0/../../../../arm-none-eabi/lib/thumb/gba_crt0.o
                0x08000000                _start
                0x080000c4                __boot_method
                0x080000c5                __slave_number
                0x080000e0                start_vector
                0x08000210                        . = ALIGN (0x4)

.init           0x08000210        0xc
 *(SORT_NONE(.init))
 .init          0x08000210        0x4 C:/devkitPro/devkitARM/bin/../lib/gcc/arm-none-eabi/14.2.0/thumb/crti.o
                0x08000210                _init
 .init          0x08000214        0x8 C:/devkitPro/devkitARM/bin/../lib/gcc/arm-none-eabi/14.2.0/thumb/crtn.o

.plt            0x0800021c        0x0
 *(.plt)
                0x0800021c                        . = ALIGN (0x4)

.text           0x08000220    0x3e3f8
 *(EXCLUDE_FILE(*.iwram*) .text*)
 .text.__do_global_dtors_aux
                0x08000220       0x2c C:/devkitPro/devkitARM/bin/../lib/gcc/arm-none-eabi/14.2.0/thumb/crtbegin.o
 .text.frame_dummy
                0x0800024c       0x24 C:/devkitPro/devkitARM/bin/../lib/gcc/arm-none-eabi/14.2.0/thumb/crtbegin.o
 .text          0x08000270     0x8f08 C:\Users\Linny\AppData\Local\Temp\cc3nsn9g.ltrans0.ltrans.o
                0x08000270                bf::game::tank_boss::_position() const
                0x08000298                bf::game::wizard_boss::_position() const
                0x080002ac                bf::game::gigabat_boss::_position() const
                0x080002bc                bf::game::boss::_throw_bomb() const
                0x08000628                bn::sprite_builder::~sprite_builder()
                0x08000628                bn::sprite_builder::~sprite_builder() [clone .lto_priv.0]
                0x080006b8                bn::optional<bn::camera_ptr>::operator=(bn::camera_ptr const&)
                0x0800073c                bn::random::update()
                0x0800075c                bn::fixed_rect_t<12>::intersects(bn::fixed_rect_t<12> const&) const
                0x080007b8                bf::game::direction_vector(bn::fixed_t<12>, bn::fixed_t<12>, bn::fixed_t<12>)
                0x0800083c                void _bn::assert::show_args<char [20]>(char const*, char const*, char const*, int, char const (&) [20])
                0x0800083c                void _bn::assert::show_args<char [17]>(char const*, char const*, char const*, int, char const (&) [17])
                0x0800083c                void _bn::assert::show_args<char [42]>(char const*, char const*, char const*, int, char const (&) [42])
                0x0800083c                void _bn::assert::show_args<char [30]>(char const*, char const*, char const*, int, char const (&) [30])
                0x0800083c                void _bn::assert::show_args<char [32]>(char const*, char const*, char const*, int, char const (&) [32])
                0x0800083c                void _bn::assert::show_args<char [31]>(char const*, char const*, char const*, int, char const (&) [31])
                0x0800083c                void _bn::assert::show_args<char [55]>(char const*, char const*, char const*, int, char const (&) [55])
                0x0800083c                void _bn::assert::show_args<char [13]>(char const*, char const*, char const*, int, char const (&) [13])
                0x0800083c                void _bn::assert::show_args<char [35]>(char const*, char const*, char const*, int, char const (&) [35])
                0x0800083c                void _bn::assert::show_args<char [15]>(char const*, char const*, char const*, int, char const (&) [15])
                0x0800083c                void _bn::assert::show_args<char [24]>(char const*, char const*, char const*, int, char const (&) [24])
                0x0800083c                void _bn::assert::show_args<char [16]>(char const*, char const*, char const*, int, char const (&) [16])
                0x0800083c                void _bn::assert::show_args<char [19]>(char const*, char const*, char const*, int, char const (&) [19])
                0x0800083c                void _bn::assert::show_args<char [37]>(char const*, char const*, char const*, int, char const (&) [37])
                0x0800083c                void _bn::assert::show_args<char [33]>(char const*, char const*, char const*, int, char const (&) [33])
                0x0800083c                void _bn::assert::show_args<char [53]>(char const*, char const*, char const*, int, char const (&) [53])
                0x0800083c                void _bn::assert::show_args<char [14]>(char const*, char const*, char const*, int, char const (&) [14])
                0x0800083c                void _bn::assert::show_args<char [54]>(char const*, char const*, char const*, int, char const (&) [54])
                0x0800083c                void _bn::assert::show_args<char [27]>(char const*, char const*, char const*, int, char const (&) [27])
                0x0800083c                void _bn::assert::show_args<char [38]>(char const*, char const*, char const*, int, char const (&) [38])
                0x0800083c                void _bn::assert::show_args<char [21]>(char const*, char const*, char const*, int, char const (&) [21])
                0x0800083c                void _bn::assert::show_args<char [18]>(char const*, char const*, char const*, int, char const (&) [18])
                0x0800083c                void _bn::assert::show_args<char [22]>(char const*, char const*, char const*, int, char const (&) [22])
                0x0800083c                void _bn::assert::show_args<char [66]>(char const*, char const*, char const*, int, char const (&) [66])
                0x0800083c                void _bn::assert::show_args<char [46]>(char const*, char const*, char const*, int, char const (&) [46])
                0x0800083c                void _bn::assert::show_args<char [26]>(char const*, char const*, char const*, int, char const (&) [26])
                0x0800083c                void _bn::assert::show_args<char [34]>(char const*, char const*, char const*, int, char const (&) [34])
                0x0800083c                void _bn::assert::show_args<char [63]>(char const*, char const*, char const*, int, char const (&) [63])
                0x0800083c                void _bn::assert::show_args<char [25]>(char const*, char const*, char const*, int, char const (&) [25])
                0x0800083c                void _bn::assert::show_args<char [23]>(char const*, char const*, char const*, int, char const (&) [23])
                0x0800087c                bn::iforward_list<bf::game::enemy_bullets::bullet_type>::value_node_type& bn::ipool<bn::iforward_list<bf::game::enemy_bullets::bullet_type>::value_node_type>::create<bf::game::enemy_bullets::bullet_type>(bf::game::enemy_bullets::bullet_type&&) [clone .part.0] [clone .lto_priv.0]
                0x0800087c                bn::iforward_list<bf::game::enemy>::value_node_type& bn::ipool<bn::iforward_list<bf::game::enemy>::value_node_type>::create<bf::game::enemy_event const&, bn::sprite_palette_ptr&, signed char&, bn::camera_ptr const&>(bf::game::enemy_event const&, bn::sprite_palette_ptr&, signed char&, bn::camera_ptr const&) [clone .part.0] [clone .lto_priv.0]
                0x08000964                bf::game::boss::play_music() const
                0x08000a88                bn::ideque<bn::sprite_animate_action<7> >::push_back(bn::sprite_animate_action<7>&&)
                0x08000b50                bn::to_value_template_action<bn::sprite_ptr, bn::fixed_point_t<12>, bn::sprite_position_manager>::update()
                0x08000bb4                void bn::ostringstream::append<12>(bn::fixed_t<12>)
                0x08000c50                void _bn::assert::show_args<char [27], bn::fixed_t<12> >(char const*, char const*, char const*, int, char const (&) [27], bn::fixed_t<12> const&)
                0x08000c50                void _bn::assert::show_args<char [17], bn::fixed_t<12> >(char const*, char const*, char const*, int, char const (&) [17], bn::fixed_t<12> const&)
                0x08000c50                void _bn::assert::show_args<char [18], bn::fixed_t<12> >(char const*, char const*, char const*, int, char const (&) [18], bn::fixed_t<12> const&)
                0x08000c50                void _bn::assert::show_args<char [20], bn::fixed_t<12> >(char const*, char const*, char const*, int, char const (&) [20], bn::fixed_t<12> const&)
                0x08000c50                void _bn::assert::show_args<char [21], bn::fixed_t<12> >(char const*, char const*, char const*, int, char const (&) [21], bn::fixed_t<12> const&)
                0x08000c50                void _bn::assert::show_args<char [25], bn::fixed_t<12> >(char const*, char const*, char const*, int, char const (&) [25], bn::fixed_t<12> const&)
                0x08000c50                void _bn::assert::show_args<char [26], bn::fixed_t<12> >(char const*, char const*, char const*, int, char const (&) [26], bn::fixed_t<12> const&)
                0x08000c50                void _bn::assert::show_args<char [33], bn::fixed_t<12> >(char const*, char const*, char const*, int, char const (&) [33], bn::fixed_t<12> const&)
                0x08000c50                void _bn::assert::show_args<char [31], bn::fixed_t<12> >(char const*, char const*, char const*, int, char const (&) [31], bn::fixed_t<12> const&)
                0x08000c50                void _bn::assert::show_args<char [23], bn::fixed_t<12> >(char const*, char const*, char const*, int, char const (&) [23], bn::fixed_t<12> const&)
                0x08000c50                void _bn::assert::show_args<char [19], bn::fixed_t<12> >(char const*, char const*, char const*, int, char const (&) [19], bn::fixed_t<12> const&)
                0x08000c50                void _bn::assert::show_args<char [29], bn::fixed_t<12> >(char const*, char const*, char const*, int, char const (&) [29], bn::fixed_t<12> const&)
                0x08000c50                void _bn::assert::show_args<char [32], bn::fixed_t<12> >(char const*, char const*, char const*, int, char const (&) [32], bn::fixed_t<12> const&)
                0x08000c50                void _bn::assert::show_args<char [35], bn::fixed_t<12> >(char const*, char const*, char const*, int, char const (&) [35], bn::fixed_t<12> const&)
                0x08000c50                void _bn::assert::show_args<char [22], bn::fixed_t<12> >(char const*, char const*, char const*, int, char const (&) [22], bn::fixed_t<12> const&)
                0x08000c50                void _bn::assert::show_args<char [16], bn::fixed_t<12> >(char const*, char const*, char const*, int, char const (&) [16], bn::fixed_t<12> const&)
                0x08000c50                void _bn::assert::show_args<char [38], bn::fixed_t<12> >(char const*, char const*, char const*, int, char const (&) [38], bn::fixed_t<12> const&)
                0x08000edc                bn::ivector<unsigned short>::push_back(unsigned short&&) [clone .part.0] [clone .lto_priv.0]
                0x08000edc                bn::ivector<signed char>::push_back(signed char&&) [clone .part.0] [clone .lto_priv.0]
                0x08000edc                bn::ivector<bn::sprite_third_attributes_hbe_ptr>::push_back(bn::sprite_third_attributes_hbe_ptr&&) [clone .part.0] [clone .lto_priv.0]
                0x08000edc                bn::ivector<bn::sprite_ptr>::push_back(bn::sprite_ptr&&) [clone .part.0] [clone .lto_priv.0]
                0x08000f04                bn::ivector<bn::sprite_ptr>::push_back(bn::sprite_ptr&&)
                0x08000f4c                bn::sprite_vertical_scale_to_action& bn::ivector<bn::sprite_vertical_scale_to_action>::emplace_back<bn::sprite_ptr&, int, bn::fixed_t<12> >(bn::sprite_ptr&, int&&, bn::fixed_t<12>&&) [clone .part.0] [clone .lto_priv.0]
                0x08000f4c                bn::sprite_vertical_scale_to_action& bn::ivector<bn::sprite_vertical_scale_to_action>::emplace_back<bn::sprite_ptr, int, int>(bn::sprite_ptr&&, int&&, int&&) [clone .part.0] [clone .lto_priv.0]
                0x08000f4c                bn::fixed_rect_t<12>& bn::ivector<bn::fixed_rect_t<12> >::emplace_back<bn::fixed_point_t<12>&, bn::fixed_size_t<12> >(bn::fixed_point_t<12>&, bn::fixed_size_t<12>&&) [clone .part.0] [clone .lto_priv.0]
                0x08000f74                bf::game::butano_boss::_update_rects()
                0x080011bc                bn::optional<bf::game::object>::operator->() [clone .part.0] [clone .lto_priv.0]
                0x080011bc                bn::optional<bn::blending_transparency_alpha_to_action>::operator->() [clone .part.0] [clone .lto_priv.3] [clone .lto_priv.0]
                0x080011bc                bn::optional<bn::regular_bg_tiles_ptr>::operator->() [clone .part.0] [clone .lto_priv.0]
                0x080011bc                bn::optional<bn::sprite_animate_action<7> >::operator->() [clone .part.0] [clone .lto_priv.0]
                0x080011bc                bn::optional<bn::sprite_horizontal_scale_to_action>::operator->() [clone .part.0] [clone .lto_priv.0]
                0x080011bc                bn::optional<bn::sprite_ptr>::operator->() [clone .part.0] [clone .lto_priv.0] [clone .lto_priv.0]
                0x080011bc                bn::optional<bn::sprite_scale_to_action>::operator->() [clone .part.0] [clone .lto_priv.0] [clone .lto_priv.0]
                0x080011bc                bn::optional<bn::regular_bg_move_by_action>::operator->() [clone .part.0] [clone .lto_priv.0] [clone .lto_priv.0]
                0x080011bc                bn::optional<bn::music_volume_to_action>::operator->() [clone .part.0] [clone .lto_priv.4] [clone .lto_priv.0]
                0x080011bc                bn::optional<bn::sprite_move_to_action>::operator->() [clone .part.0] [clone .lto_priv.0] [clone .lto_priv.0]
                0x080011bc                bn::optional<bn::rect_window_move_top_by_action>::operator->() [clone .part.0] [clone .lto_priv.1] [clone .lto_priv.0]
                0x080011bc                bn::optional<bn::rect_window_move_bottom_by_action>::operator->() [clone .part.0] [clone .lto_priv.1] [clone .lto_priv.0]
                0x080011bc                bn::optional<bn::sprite_visible_toggle_action>::operator->() [clone .part.0] [clone .lto_priv.0]
                0x080011bc                bn::optional<bn::rect_window_move_bottom_to_action>::operator->() [clone .part.0] [clone .lto_priv.0]
                0x080011bc                bn::optional<bn::bg_palette_ptr>::operator->() [clone .part.0] [clone .lto_priv.0]
                0x080011bc                bn::optional<bf::game::explosion>::operator->() [clone .part.0] [clone .lto_priv.2] [clone .lto_priv.0]
                0x080011bc                bn::optional<bn::sprite_rotate_by_action>::operator->() [clone .part.0] [clone .lto_priv.0] [clone .lto_priv.0]
                0x080011bc                bn::optional<bn::sprite_move_to_action>::operator->() [clone .part.0] [clone .lto_priv.1] [clone .lto_priv.0]
                0x080011bc                bn::optional<bn::blending_intensity_alpha_to_action>::operator->() [clone .part.0] [clone .lto_priv.0] [clone .lto_priv.0]
                0x080011bc                bn::optional<bn::sprite_rotate_by_action>::operator->() [clone .part.0] [clone .lto_priv.1] [clone .lto_priv.0]
                0x080011bc                bn::optional<bn::sprite_move_to_action>::operator->() [clone .part.0] [clone .lto_priv.2] [clone .lto_priv.0]
                0x080011bc                bn::optional<bn::sprite_tiles_ptr>::operator->() [clone .part.0] [clone .lto_priv.0]
                0x080011bc                bn::optional<bn::rect_window_move_top_to_action>::operator->() [clone .part.0] [clone .lto_priv.0]
                0x080011bc                bn::optional<bf::game::explosion>::operator->() [clone .part.0] [clone .lto_priv.0] [clone .lto_priv.0]
                0x080011bc                bn::optional<bn::rect_window_boundaries_hbe_ptr>::operator->() [clone .part.0] [clone .lto_priv.1] [clone .lto_priv.0]
                0x080011bc                bn::optional<bn::blending_transparency_alpha_to_action>::operator->() [clone .part.0] [clone .lto_priv.5] [clone .lto_priv.0]
                0x080011bc                bn::optional<bf::game::explosion>::operator->() [clone .part.0] [clone .lto_priv.3] [clone .lto_priv.0]
                0x080011bc                bn::optional<bn::sprite_affine_mat_rotate_by_action>::operator->() [clone .part.0] [clone .lto_priv.0]
                0x080011bc                bn::optional<bn::music_volume_to_action>::operator->() [clone .part.0] [clone .lto_priv.3] [clone .lto_priv.0]
                0x080011bc                bn::optional<bn::sprite_palette_ptr>::operator->() [clone .part.0] [clone .lto_priv.0]
                0x080011bc                bn::optional<bn::sprite_ptr>::operator->() [clone .part.0] [clone .lto_priv.1] [clone .lto_priv.0]
                0x080011bc                bn::optional<bn::music_volume_to_action>::operator->() [clone .part.0] [clone .lto_priv.2] [clone .lto_priv.0]
                0x080011bc                bn::optional<bn::blending_transparency_alpha_to_action>::operator->() [clone .part.0] [clone .lto_priv.4] [clone .lto_priv.0]
                0x080011bc                bn::optional<bn::sprite_palette_fade_to_action>::operator->() [clone .part.0] [clone .lto_priv.0]
                0x080011bc                bn::optional<bn::sprite_scale_to_action>::operator->() [clone .part.0] [clone .lto_priv.1] [clone .lto_priv.0]
                0x080011bc                bn::optional<bn::sprite_cached_animate_action<2> >::operator->() [clone .part.0] [clone .lto_priv.0]
                0x080011bc                bn::optional<bn::regular_bg_move_by_action>::operator->() [clone .part.0] [clone .lto_priv.1] [clone .lto_priv.0]
                0x080011bc                bn::optional<bf::game::explosion>::operator->() [clone .part.0] [clone .lto_priv.1] [clone .lto_priv.0]
                0x080011bc                bn::optional<bn::sprite_vertical_scale_to_action>::operator->() [clone .part.0] [clone .lto_priv.0]
                0x080011bc                bn::optional<bf::game::explosion>::operator->() [clone .part.0] [clone .lto_priv.4] [clone .lto_priv.0]
                0x080011bc                bn::optional<bn::blending_intensity_alpha_to_action>::operator->() [clone .part.0] [clone .lto_priv.1] [clone .lto_priv.0]
                0x080011bc                bn::optional<bn::sprite_position_hbe_ptr>::operator->() [clone .part.0] [clone .lto_priv.0]
                0x080011e4                void _bn::assert::show_args<char [39], int>(char const*, char const*, char const*, int, char const (&) [39], int const&)
                0x080011e4                void _bn::assert::show_args<char [26], int>(char const*, char const*, char const*, int, char const (&) [26], int const&)
                0x080011e4                void _bn::assert::show_args<char [21], int>(char const*, char const*, char const*, int, char const (&) [21], int const&)
                0x080011e4                void _bn::assert::show_args<char [47], int>(char const*, char const*, char const*, int, char const (&) [47], int const&)
                0x080011e4                void _bn::assert::show_args<char [14], int>(char const*, char const*, char const*, int, char const (&) [14], int const&)
                0x080011e4                void _bn::assert::show_args<char [28], int>(char const*, char const*, char const*, int, char const (&) [28], int const&)
                0x080011e4                void _bn::assert::show_args<char [33], int>(char const*, char const*, char const*, int, char const (&) [33], int const&)
                0x080011e4                void _bn::assert::show_args<char [22], int>(char const*, char const*, char const*, int, char const (&) [22], int const&)
                0x080011e4                void _bn::assert::show_args<char [16], int>(char const*, char const*, char const*, int, char const (&) [16], int const&)
                0x080011e4                void _bn::assert::show_args<char [23], int>(char const*, char const*, char const*, int, char const (&) [23], int const&)
                0x080011e4                void _bn::assert::show_args<char [15], int>(char const*, char const*, char const*, int, char const (&) [15], int const&)
                0x080011e4                void _bn::assert::show_args<char [20], int>(char const*, char const*, char const*, int, char const (&) [20], int const&)
                0x080011e4                void _bn::assert::show_args<char [17], int>(char const*, char const*, char const*, int, char const (&) [17], int const&)
                0x080011e4                void _bn::assert::show_args<char [24], int>(char const*, char const*, char const*, int, char const (&) [24], int const&)
                0x080011e4                void _bn::assert::show_args<char [27], int>(char const*, char const*, char const*, int, char const (&) [27], int const&)
                0x080011e4                void _bn::assert::show_args<char [18], int>(char const*, char const*, char const*, int, char const (&) [18], int const&)
                0x080011e4                void _bn::assert::show_args<char [25], int>(char const*, char const*, char const*, int, char const (&) [25], int const&)
                0x08001234                bf::circle_generator::generate(bn::span<std::pair<bn::fixed_t<12>, bn::fixed_t<12> > >) const
                0x080013a0                bf::wave_generator::generate(bn::span<bn::fixed_t<12> >) const
                0x08001b38                bn::blending_transparency_alpha_to_action& bn::optional<bn::blending_transparency_alpha_to_action>::emplace<int, int>(int&&, int&&)
                0x08001b38                bn::blending_transparency_alpha_to_action& bn::optional<bn::blending_transparency_alpha_to_action>::emplace<int const&, int>(int const&, int&&)
                0x08001c00                bf::game::background::show_hero_dying()
                0x08001d30                void _bn::assert::show_args<char [23], int, char [4], int>(char const*, char const*, char const*, int, char const (&) [23], int const&, char const (&) [4], int const&)
                0x08001d30                void _bn::assert::show_args<char [32], int, char [4], int>(char const*, char const*, char const*, int, char const (&) [32], int const&, char const (&) [4], int const&)
                0x08001d30                void _bn::assert::show_args<char [22], int, char [4], int>(char const*, char const*, char const*, int, char const (&) [22], int const&, char const (&) [4], int const&)
                0x08001d30                void _bn::assert::show_args<char [29], int, char [4], int>(char const*, char const*, char const*, int, char const (&) [29], int const&, char const (&) [4], int const&)
                0x08001d30                void _bn::assert::show_args<char [33], int, char [4], int>(char const*, char const*, char const*, int, char const (&) [33], int const&, char const (&) [4], int const&)
                0x08001d30                void _bn::assert::show_args<char [17], int, char [4], int>(char const*, char const*, char const*, int, char const (&) [17], int const&, char const (&) [4], int const&)
                0x08001d30                void _bn::assert::show_args<char [37], int, char [4], int>(char const*, char const*, char const*, int, char const (&) [37], int const&, char const (&) [4], int const&)
                0x08001d30                void _bn::assert::show_args<char [20], int, char [4], int>(char const*, char const*, char const*, int, char const (&) [20], int const&, char const (&) [4], int const&)
                0x08001d30                void _bn::assert::show_args<char [46], int, char [4], int>(char const*, char const*, char const*, int, char const (&) [46], int const&, char const (&) [4], int const&)
                0x08001d30                void _bn::assert::show_args<char [16], int, char [4], int>(char const*, char const*, char const*, int, char const (&) [16], int const&, char const (&) [4], int const&)
                0x08001d30                void _bn::assert::show_args<char [14], int, char [4], int>(char const*, char const*, char const*, int, char const (&) [14], int const&, char const (&) [4], int const&)
                0x08001d30                void _bn::assert::show_args<char [58], int, char [4], int>(char const*, char const*, char const*, int, char const (&) [58], int const&, char const (&) [4], int const&)
                0x08001d30                void _bn::assert::show_args<char [25], int, char [4], int>(char const*, char const*, char const*, int, char const (&) [25], int const&, char const (&) [4], int const&)
                0x08001d30                void _bn::assert::show_args<char [19], int, char [4], int>(char const*, char const*, char const*, int, char const (&) [19], int const&, char const (&) [4], int const&)
                0x08001d30                void _bn::assert::show_args<char [27], int, char [4], int>(char const*, char const*, char const*, int, char const (&) [27], int const&, char const (&) [4], int const&)
                0x08001d30                void _bn::assert::show_args<char [39], int, char [4], int>(char const*, char const*, char const*, int, char const (&) [39], int const&, char const (&) [4], int const&)
                0x08001d94                bf::game::(anonymous namespace)::_create_sprite(int, int, bn::sprite_affine_mat_ptr const&) [clone .lto_priv.0]
                0x08001eac                bf::butano_background::_set_visible() [clone .part.0]
                0x08002074                bf::butano_background::put_under_all()
                0x080020e8                bn::ivector<bn::sprite_ptr>::operator[](int)
                0x080021ec                bf::game::butano_boss::_update_sprites()
                0x080028f0                bf::butano_background::show(bn::fixed_point_t<12> const&, bn::camera_ptr const&)
                0x08002f74                _ZN2bn7ivectorINS_10sprite_ptrEE5clearEvQnt27is_trivially_destructible_vIT_E.lto_priv.0
 .text          0x08009178     0x5318 C:\Users\Linny\AppData\Local\Temp\cc3nsn9g.ltrans1.ltrans.o
                0x080091dc                bn::by_value_template_action<bn::sprite_ptr, bn::fixed_point_t<12>, bn::sprite_position_manager>::update()
                0x08009254                bn::cyclic_by_value_template_action<bn::sprite_ptr, bn::fixed_t<12>, bn::sprite_rotation_manager>::update()
                0x08009334                bn::ideque<bn::sprite_animate_action<5> >::push_back(bn::sprite_animate_action<5>&&)
                0x08009400                bn::to_value_template_action<bn::sprite_ptr, bn::fixed_t<12>, bn::sprite_vertical_scale_manager>::update()
                0x08009508                bn::optional<bn::sprite_affine_mat_ptr>::operator*() [clone .part.0] [clone .lto_priv.0]
                0x08009508                bn::optional<bn::sprite_palette_ptr>::operator*() [clone .part.0] [clone .lto_priv.0]
                0x08009508                bn::optional<bn::fixed_t<12> >::operator*() [clone .part.0] [clone .lto_priv.0]
                0x080095f4                bf::game::enemy_bullets::clear()
                0x080096dc                bf::game::explosion::update()
                0x080097a8                bf::game::(anonymous namespace)::_create_mini_explosion(bn::fixed_t<12>, bn::fixed_t<12>, bn::camera_ptr const&) [clone .lto_priv.1] [clone .lto_priv.0]
                0x080097a8                bf::game::(anonymous namespace)::_create_mini_explosion(bn::fixed_t<12>, bn::fixed_t<12>, bn::camera_ptr const&) [clone .lto_priv.0] [clone .lto_priv.0]
                0x08009d4c                bf::game::enemy_bullets::add_bullet(bn::fixed_point_t<12> const&, bn::fixed_point_t<12> const&, bf::game::enemy_bullet_event const&, bn::camera_ptr const&)
                0x0800a3e8                bf::game::enemies::update(bf::game::hero_bomb const&, bf::game::intro const&, bn::camera_ptr const&, bf::game::hero&, bf::game::enemy_bullets&, bf::game::objects&, bf::game::boss_intro&, bf::game::scoreboard&, bf::game::background&, bf::game::rumble_manager&) [clone .part.0]
                0x0800c4f0                bf::game::enemy::_add_damage(bn::fixed_point_t<12> const&, bn::fixed_t<12>, int, bn::camera_ptr const&)
                0x0800ca54                bn::loop_value_template_action<bn::sprite_palette_ptr, bn::fixed_t<12>, bn::sprite_palette_fade_manager>::update()
                0x0800cb20                bf::game::gigabat_boss::_update_sprites(bn::fixed_point_t<12> const&, bool)
 .text          0x0800e490     0x71b0 C:\Users\Linny\AppData\Local\Temp\cc3nsn9g.ltrans2.ltrans.o
                0x0800e490                bf::game::tank_boss::_hero_should_look_down_impl(bn::fixed_point_t<12> const&, bool) const
                0x0800e4c8                bf::game::object::update()
                0x0800e564                bf::game::scoreboard::set_visible(bool)
                0x0800e5b0                bf::game::(anonymous namespace)::_cannon_end_position(bn::fixed_t<12>, bn::fixed_t<12>) [clone .lto_priv.0]
                0x0800e878                bf::game::tank_boss::_hide_damage_palette()
                0x0800f004                bf::game::objects::spawn_hero_bomb_without_sound(bn::fixed_point_t<12> const&, bn::camera_ptr const&) [clone .part.0]
                0x0800f78c                bf::game::tank_boss::_show_damage_palette(bn::sprite_palette_ptr const&, bn::camera_ptr const&)
                0x0800fe78                bf::game::hero_bomb::update(bf::game::intro const&, bf::game::boss_intro const&, bn::camera_ptr const&, bf::game::hero&, bf::game::enemies&, bf::game::enemy_bullets&, bf::game::background&, bf::game::rumble_manager&)
                0x08010a38                bf::game::objects::spawn_hero_weapon_without_sound(bn::fixed_point_t<12> const&, int, bn::camera_ptr const&) [clone .part.0]
                0x08010d28                bf::game::hero::update(bf::game::hero_bomb const&, bf::game::enemies const&, bf::game::enemy_bullets&, bf::game::objects&, bf::game::background&, bf::butano_background&, bn::camera_ptr&, bf::game::rumble_manager&)
                0x08013294                bf::game::intro::update(bf::butano_background const&)
                0x080142ec                bf::game::tank_boss::_update_footprint_sprites(bn::fixed_t<12>)
                0x0801475c                bf::game::tank_boss::_update_alive(bn::fixed_point_t<12> const&, bf::game::hero_bomb const&, bn::camera_ptr const&, bf::game::enemy_bullets&)
                0x08015018                bf::game::tank_boss::_update_dead(bn::fixed_point_t<12> const&, bn::camera_ptr const&, bf::game::background&, bf::game::rumble_manager&)
 .text          0x08015640     0x795c C:\Users\Linny\AppData\Local\Temp\cc3nsn9g.ltrans3.ltrans.o
                0x080156a4                bn::unique_ptr<bf::scene, bn::default_delete<bf::scene> >::reset()
                0x08015788                bn::ivector<bf::how_to_play::entry_type>::push_back(bf::how_to_play::entry_type&&)
                0x08015840                bf::(anonymous namespace)::_enable_blending(bn::ivector<bn::sprite_ptr>&) [clone .lto_priv.0]
                0x080158e4                bf::how_to_play::entry_type::setup(int, int)
                0x080159cc                bf::game::tank_boss::_update_base_sprites(bn::fixed_t<12>)
                0x08015bd0                bf::game::wizard_boss::_update_sprites(bn::fixed_point_t<12> const&)
                0x0801613c                bn::istring::_append(char const*, int)
                0x080161a8                bf::(anonymous namespace)::_write_sram(bf::status&) [clone .lto_priv.0]
                0x08016288                bf::game::tank_boss::_update_cannon_sprite(bn::fixed_t<12>, bn::fixed_point_t<12> const&)
                0x080164bc                bf::status::add_experience(int)
                0x0801651c                bf::game::tank_boss::_update_jelly_sprite(bn::fixed_t<12>, bn::fixed_point_t<12> const&)
                0x08016984                bf::game::tank_boss::_update_explosions()
                0x08016ecc                bf::game::(anonymous namespace)::_add_wizard_sprite(bn::camera_ptr const&, bn::ivector<bn::sprite_ptr>&) [clone .lto_priv.0]
                0x08019100                bf::how_to_play::entry_type::~entry_type() [clone .lto_priv.0]
 .text          0x0801cf9c     0x65b8 C:\Users\Linny\AppData\Local\Temp\cc3nsn9g.ltrans4.ltrans.o
                0x0801d45c                bn::audio_manager::(anonymous namespace)::static_data::~static_data() [clone .lto_priv.0]
                0x0801d45c                bn::audio_manager::(anonymous namespace)::static_data::~static_data() [clone .lto_priv.0]
                0x0801d460                bn::bg_blocks_manager::decrease_usages(int)
                0x0801d508                bn::bg_blocks_manager::(anonymous namespace)::static_data::~static_data() [clone .lto_priv.0]
                0x0801d508                bn::bg_blocks_manager::(anonymous namespace)::static_data::~static_data() [clone .lto_priv.0]
                0x0801d568                bn::camera_ptr::position() const
                0x0801d57c                bn::bgs_manager::fill_hblank_effect_regular_positions(int, bn::fixed_t<12> const*, unsigned short*)
                0x0801d61c                bn::audio_manager::stop_music()
                0x0801d680                bn::core::(anonymous namespace)::stop(bool) [clone .lto_priv.0]
                0x0801d948                bn::audio_manager::play_sound(int, bn::sound_item)
                0x0801da08                bn::sound_item::play() const
                0x0801e604                bn::bgs_manager::(anonymous namespace)::_insert_item(bn::bgs_manager::(anonymous namespace)::item_type&) [clone .lto_priv.0]
                0x0801e708                bn::bgs_manager::(anonymous namespace)::static_data::~static_data() [clone .lto_priv.0]
                0x0801e708                bn::bgs_manager::(anonymous namespace)::static_data::~static_data() [clone .lto_priv.0]
                0x0801f664                bn::optional<bn::regular_bg_tiles_ptr>::operator*() const [clone .part.0] [clone .lto_priv.0]
                0x0801f664                bn::optional<bn::affine_bg_map_ptr>::operator*() const [clone .part.0] [clone .lto_priv.0]
                0x0801f664                bn::optional<bn::affine_bg_tiles_ptr>::operator*() const [clone .part.0] [clone .lto_priv.0]
                0x0801f68c                bn::bgs_manager::create(bn::regular_bg_builder&&)
                0x0802348c                bn::music::set_volume(bn::fixed_t<12>)
 .text.startup  0x08023554     0x22f8 C:\Users\Linny\AppData\Local\Temp\cc3nsn9g.ltrans4.ltrans.o
                0x08023554                main
 .text          0x0802584c     0x6884 C:\Users\Linny\AppData\Local\Temp\cc3nsn9g.ltrans5.ltrans.o
                0x08025bd4                _bn::assert::show(char const*, char const*, char const*, int)
                0x08025c04                _bn::assert::show(char const*, char const*, char const*, int, bn::istring_base const&)
                0x08025c1c                bn::display_manager::(anonymous namespace)::_update_rect_windows_hw_boundaries(int) [clone .lto_priv.0]
                0x08025ca0                bn::rect_window::set_top(bn::fixed_t<12>)
                0x08025d04                bn::rect_window::set_boundaries(bn::fixed_point_t<12> const&, bn::fixed_point_t<12> const&)
                0x08025ddc                bn::rect_window::set_bottom(bn::fixed_t<12>)
                0x08025e40                bn::rect_window::set_camera(bn::camera_ptr const&)
                0x08025ed0                bn::display_manager::(anonymous namespace)::static_data::~static_data() [clone .lto_priv.0]
                0x08025ed0                bn::display_manager::(anonymous namespace)::static_data::~static_data() [clone .lto_priv.0]
                0x08025f1c                bn::rumble::set_enabled(bool)
                0x08025f5c                bn::hdma_manager::commit(bool)
                0x0802607c                operator new(unsigned int)
                0x080260ac                operator new[](unsigned int)
                0x080260dc                operator new(unsigned int, std::nothrow_t const&)
                0x0802610c                operator new[](unsigned int, std::nothrow_t const&)
                0x0802613c                operator delete(void*)
                0x08026148                operator delete[](void*)
                0x08026154                operator delete(void*, unsigned int)
                0x08026160                operator delete[](void*, unsigned int)
                0x0802616c                operator delete(void*, std::nothrow_t const&)
                0x08026178                operator delete[](void*, std::nothrow_t const&)
                0x08026184                bn::sprite_palette_ptr::sprite_palette_ptr(bn::sprite_palette_ptr const&)
                0x08026184                bn::sprite_palette_ptr::sprite_palette_ptr(bn::sprite_palette_ptr const&)
                0x080261a0                bn::palettes_bank::find_bpp_4(bn::span<bn::color const> const&, unsigned short)
                0x080262bc                bn::palettes_bank::update()
                0x080263f0                bn::palettes_bank::_on_global_effect_updated(bool)
                0x08026470                bn::palettes_manager::(anonymous namespace)::static_data::~static_data() [clone .lto_priv.0]
                0x08026470                bn::palettes_manager::(anonymous namespace)::static_data::~static_data() [clone .lto_priv.0]
                0x08026474                bn::sprite_affine_mats_manager::(anonymous namespace)::_update_flipped_identity(int) [clone .lto_priv.0]
                0x08026530                bool bn::sprite_affine_mats_manager::(anonymous namespace)::_sprite_double_size<32, 16>(int, int, int, int, int) [clone .lto_priv.0]
                0x080265b4                bool bn::sprite_affine_mats_manager::(anonymous namespace)::_sprite_double_size<16, 32>(int, int, int, int, int) [clone .lto_priv.0]
                0x08026638                bn::sprite_affine_mats_manager::(anonymous namespace)::static_data::~static_data() [clone .lto_priv.0]
                0x08026638                bn::sprite_affine_mats_manager::(anonymous namespace)::static_data::~static_data() [clone .lto_priv.0]
                0x08026674                bn::sprite_text_generator::generate(bn::fixed_t<12>, bn::fixed_t<12>, bn::string_view const&, bn::ivector<bn::sprite_ptr>&) const
                0x080266b4                bn::sprite_affine_mats_manager::decrease_usages(int)
                0x0802672c                bn::memory_manager::(anonymous namespace)::static_data::~static_data() [clone .lto_priv.0]
                0x0802672c                bn::memory_manager::(anonymous namespace)::static_data::~static_data() [clone .lto_priv.0]
                0x08026760                bn::sprite_tiles_manager::(anonymous namespace)::_insert_items_map_item(bn::tile const*, int) [clone .lto_priv.0]
                0x08026824                bn::sprite_affine_mats_manager::(anonymous namespace)::_new_item_index() [clone .lto_priv.0]
                0x080268c8                bn::sprite_affine_mat_ptr::create()
                0x08026978                bn::sprite_affine_mat_ptr::create(bn::affine_mat_attributes const&)
                0x08026a84                bn::sprite_tiles_manager::(anonymous namespace)::_insert_free_item(int, unsigned short*) [clone .lto_priv.0]
                0x08026b50                bn::sprite_tiles_manager::(anonymous namespace)::_erase_free_item(int) [clone .lto_priv.0]
                0x08026c34                bn::sprite_tiles_manager::(anonymous namespace)::_erase_to_commit_item(int, bn::sprite_tiles_manager::(anonymous namespace)::item_type&) [clone .lto_priv.0]
                0x08026d34                bn::hblank_effects_manager::create(void const*, int, int, bn::hblank_effects_manager::handler_type)
                0x08026d88                bn::isprite_animate_action::update()
                0x08026e40                bn::isprite_cached_animate_action::update()
                0x08026ee8                bn::keypad_manager::update()
                0x08026f90                bn::hblank_effects_manager::(anonymous namespace)::_is_uint32(bn::hblank_effects_manager::handler_type) [clone .lto_priv.0]
                0x08026ff4                bn::hblank_effects_manager::(anonymous namespace)::item_type::cleanup() [clone .lto_priv.0]
                0x0802713c                bn::hblank_effects_manager::decrease_usages(int) [clone .part.0]
                0x08027290                bn::hbe_ptr::~hbe_ptr()
                0x080272c4                bn::sprite_affine_mat_attributes_hbe_ptr::create(bn::sprite_affine_mat_ptr const&, bn::span<bn::affine_mat_attributes const> const&)
                0x080274c0                bn::hblank_effects_manager::(anonymous namespace)::_update_visible_item_index(int) [clone .lto_priv.0]
                0x08027574                bn::hblank_effects_manager::(anonymous namespace)::item_type::check_update() [clone .lto_priv.0]
                0x08029868                bn::palettes_bank::_erase_bpp_4_indexes_map_index(unsigned short)
                0x08029a48                bn::palettes_bank::decrease_usages(int)
                0x08029acc                bn::sprite_palette_ptr::~sprite_palette_ptr()
                0x08029acc                bn::sprite_palette_ptr::~sprite_palette_ptr()
                0x08029aec                bn::sprite_tiles_manager::(anonymous namespace)::_erase_items_map_item(bn::tile const*) [clone .lto_priv.0]
                0x08029d14                bn::sprite_tiles_ptr::create(bn::sprite_tiles_item const&)
                0x08029d90                bn::palettes_bank::log_status() const
                0x0802a160                bn::sprite_tiles_manager::log_status()
                0x0802a724                bn::(anonymous namespace)::_setup_builder(bn::sprite_text_generator const&, bn::sprite_builder&) [clone .lto_priv.0]
                0x0802a850                bn::sprite_tiles_manager::(anonymous namespace)::_find_impl(bn::tile const*, bn::compression_type, int) [clone .lto_priv.0]
                0x0802aaac                bn::(anonymous namespace)::_graphics_index(char, bn::utf8_characters_map_ref const&, char const*, int&) [clone .part.0] [clone .lto_priv.0]
                0x0802ac50                bn::sprite_text_generator::width(bn::string_view const&) const
                0x0802ae60                bn::bg_palette_ptr::create(bn::bg_palette_item const&)
                0x0802af9c                bn::sprite_palette_item::decompress(bn::span<bn::color>) const
                0x0802b104                bn::sprite_palette_ptr::find(bn::sprite_palette_item const&)
                0x0802b1f8                bn::sprite_palette_ptr::create(bn::sprite_palette_item const&)
                0x0802b23c                bn::sprite_palette_ptr::set_colors(bn::sprite_palette_item const&) [clone .part.0]
                0x0802b278                bn::sprite_tiles_manager::(anonymous namespace)::_hw_commit(bn::tile const*, bn::compression_type, int, int) [clone .lto_priv.0]
                0x0802b30c                bn::sprite_tiles_manager::(anonymous namespace)::_create_item(int, bn::tile const*, bn::compression_type, int, bool) [clone .lto_priv.0]
                0x0802b530                bn::sprite_tiles_manager::(anonymous namespace)::_create_impl(bn::tile const*, bn::compression_type, int) [clone .lto_priv.0]
                0x0802b730                bn::blending::set_transparency_alpha(bn::fixed_t<12>)
                0x0802b7c4                bn::blending::set_intensity_alpha(bn::fixed_t<12>)
                0x0802b858                bn::bgs_mosaic::set_stretch(bn::fixed_t<12>)
                0x0802b8c8                bn::palettes_bank::set_fade_intensity(int, bn::fixed_t<12>)
                0x0802b938                bn::palettes_bank::set_fade_intensity(bn::fixed_t<12>)
                0x0802b998                bn::palettes_bank::set_brightness(bn::fixed_t<12>)
                0x0802b9fc                bn::palettes_bank::set_contrast(bn::fixed_t<12>)
                0x0802ba60                bn::sprite_affine_mats_manager::set_rotation_angle(int, bn::fixed_t<12>)
                0x0802bba4                bn::sprite_affine_mats_manager::set_scale(int, bn::fixed_t<12>)
                0x0802bcf0                bn::tile* bn::(anonymous namespace)::_build_sprite_assert<(bn::sprite_size)1>(bn::sprite_text_generator const&, bn::sprite_palette_ptr const&, bn::fixed_point_t<12> const&, bn::ivector<bn::sprite_ptr>&) [clone .lto_priv.0]
                0x0802bedc                bn::tile* bn::(anonymous namespace)::_build_sprite_assert<(bn::sprite_size)2>(bn::sprite_text_generator const&, bn::sprite_palette_ptr const&, bn::fixed_point_t<12> const&, bn::ivector<bn::sprite_ptr>&) [clone .lto_priv.0]
 .text          0x0802c0d0     0x899c C:\Users\Linny\AppData\Local\Temp\cc3nsn9g.ltrans6.ltrans.o
                0x0802c0d0                bn::hw::link::(anonymous namespace)::_resetStateCallback() [clone .lto_priv.0]
                0x0802c9d4                bn::sprite_tiles_manager::update()
                0x0802cb8c                bn::sprite_ptr::set_y(bn::fixed_t<12>)
                0x0802cbd4                bn::sprite_ptr::set_visible(bool)
                0x0802cc38                bn::sprites_manager::(anonymous namespace)::_always_update_indexes_to_commit(bn::sprites_manager_item const&) [clone .lto_priv.0]
                0x0802cc80                bn::sprite_ptr::set_vertical_flip(bool)
                0x0802cd48                bn::sprites_manager::set_vertical_flip(void*, bool)
                0x0802ce0c                bn::sprites_manager::(anonymous namespace)::_update_item_dimensions(bn::sprites_manager_item&) [clone .lto_priv.0]
                0x0802cee4                bn::sprites_manager::set_horizontal_flip(void*, bool)
                0x0802cfac                bn::sprites_manager::reload_blending()
                0x0802d084                bn::ostringstream::ostringstream(bn::istring_base&)
                0x0802d084                bn::ostringstream::ostringstream(bn::istring_base&)
                0x0802d08c                bn::hw::link::disable()
                0x0802d110                bn::lc::LinkConnection::stop() [clone .constprop.0]
                0x0802d13c                bn::hw::palettes::hue_shift(bn::color const*, int, int, bn::color*)
                0x0802d288                VgmStop()
                0x0802d348                clr_grayscale
                0x0802d3bc                gbt_refresh_pattern_ptr.lto_priv.0
                0x0802d440                gbt_run_startup_commands.part.0.lto_priv.0
                0x0802d4d4                bn::hw::audio::(anonymous namespace)::_commit() [clone .lto_priv.0]
                0x0802dc34                bn::hw::audio::(anonymous namespace)::_vblank_handler() [clone .lto_priv.0]
                0x0802dcac                bn::best_fit_allocator::free(void*) [clone .constprop.0]
                0x0802ddc8                bn::bg_blocks_manager::(anonymous namespace)::items_list::insert_after(int, bn::bg_blocks_manager::(anonymous namespace)::item_type const&) [clone .constprop.0]
                0x0802e084                bn::hw::bgs::commit_data::commit_data() [clone .constprop.0] [clone .isra.0]
                0x0802e0e0                bn::bg_blocks_manager::(anonymous namespace)::items_list::items_list() [clone .constprop.0] [clone .isra.0]
                0x0802e12c                bn::sprite_affine_mats_manager::(anonymous namespace)::static_data::static_data() [clone .constprop.0] [clone .isra.0]
                0x0802e1d0                bn::sprite_tiles_manager::(anonymous namespace)::static_data::static_data() [clone .constprop.0] [clone .isra.0]
                0x0802e2fc                bn::display_manager::(anonymous namespace)::static_data::static_data() [clone .constprop.0] [clone .isra.0]
                0x0802e38c                bn::hdma_manager::(anonymous namespace)::static_data::static_data() [clone .constprop.0] [clone .isra.0]
                0x0802e3c0                bn::hblank_effects_manager::(anonymous namespace)::static_external_data::static_external_data() [clone .constprop.0] [clone .isra.0]
                0x0802e498                bn::core::(anonymous namespace)::static_data::static_data() [clone .constprop.0] [clone .isra.0]
                0x0802e500                bn::sprite_ptr::set_horizontal_flip(bool) [clone .isra.0]
                0x0802e5c8                bn::sprite_ptr::set_position(bn::fixed_point_t<12> const&) [clone .isra.0]
                0x0802e640                bn::sprite_builder::set_horizontal_flip(bool) [clone .isra.0]
                0x0802e6d4                bn::sprite_tiles_manager::decrease_usages(int)
                0x0802e808                bn::sprite_tiles_ptr::~sprite_tiles_ptr() [clone .isra.0]
                0x0802e818                bn::sprite_tiles_manager::(anonymous namespace)::_insert_to_commit_item(int, bn::sprite_tiles_manager::(anonymous namespace)::item_type&) [clone .part.0] [clone .lto_priv.0]
                0x0802e884                bn::hw::link::_timer_intr()
                0x0802e978                bn::hw::link::_serial_intr()
                0x0802eb30                bn::audio_manager::play_music(bn::music_item, bn::fixed_t<12>, bool) [clone .constprop.0]
                0x0802ebd0                bn::sprite_ptr::~sprite_ptr()
                0x0802ebd0                bn::sprite_ptr::~sprite_ptr()
                0x0802edbc                bn::hw::audio::(anonymous namespace)::_erase_sound_from_queue(unsigned short) [clone .lto_priv.0]
                0x0802ee54                bn::hw::audio::(anonymous namespace)::_check_sounds_queue() [clone .part.0] [clone .lto_priv.0]
                0x0802eef4                bn::hw::link::(anonymous namespace)::_sendDataCallback() [clone .lto_priv.0]
                0x0802efd8                bn::hw::link::(anonymous namespace)::_receiveResponseCallback(bn::lc::LinkResponse const&) [clone .lto_priv.0]
                0x0802f134                bn::sprite_ptr::set_blending_enabled(bool)
                0x0802f1d0                bn::igeneric_pool_base::_allocate()
                0x0802f218                bn::hw::audio::(anonymous namespace)::_add_sound_to_queue(int, unsigned short) [clone .lto_priv.0]
                0x0802f2e4                bn::sorted_sprites::sorter::insert(bn::sprites_manager_item&) [clone .constprop.0]
                0x0802f4ec                bn::sprites_manager::create(bn::fixed_point_t<12> const&, bn::sprite_shape_size const&, bn::sprite_tiles_ptr&&, bn::sprite_palette_ptr&&)
                0x0802f6bc                bn::sprites_manager::(anonymous namespace)::static_data::~static_data() [clone .lto_priv.0]
                0x0802f6bc                bn::sprites_manager::(anonymous namespace)::static_data::~static_data() [clone .lto_priv.0]
                0x0802f720                bn::hw::audio::(anonymous namespace)::static_data::~static_data() [clone .lto_priv.0]
                0x0802f720                bn::hw::audio::(anonymous namespace)::static_data::~static_data() [clone .lto_priv.0]
                0x0802f724                bn::hw::text::parse(unsigned int, bn::array<char, 32>&)
                0x0802f7c4                bn::iunordered_map<unsigned int, bn::audio_manager::sound_data_type, bn::identity_hasher, bn::equal_to<unsigned int> >::operator()(unsigned int, unsigned int const&) [clone .constprop.0]
                0x0802f8fc                bn::sprites_manager::(anonymous namespace)::_remove_affine_mat(bn::sprites_manager_item&) [clone .lto_priv.0]
                0x0802fa10                bn::sprite_ptr::set_palette(bn::sprite_palette_ptr const&)
                0x0802faf8                bn::sprite_builder::sprite_builder(bn::sprite_item const&, int)
                0x0802faf8                bn::sprite_builder::sprite_builder(bn::sprite_item const&, int)
                0x0802fb8c                bn::palettes_bank::set_colors(int, bn::span<bn::color const> const&) [clone .constprop.0]
                0x0802fc9c                bn::ivector<bn::bgs_manager::(anonymous namespace)::item_type*>::size_type bn::erase<bn::bgs_manager::(anonymous namespace)::item_type*>(bn::ivector<bn::bgs_manager::(anonymous namespace)::item_type*>&, bn::bgs_manager::(anonymous namespace)::item_type* const&) [clone .constprop.0] [clone .isra.0]
                0x0802fdd8                bn::ostringstream::append(char const*)
                0x0802fe7c                bn::istring::append(char const*) [clone .isra.0]
                0x0802ff1c                void _bn::assert::show_args<char [14], bn::fixed_t<12>, char [4], bn::fixed_t<12> >(char const*, char const*, char const*, int, char const (&) [14], bn::fixed_t<12> const&, char const (&) [4], bn::fixed_t<12> const&) [clone .constprop.0]
                0x0802ff80                bn::sprite_tiles_manager::vram(int)
                0x0802ffcc                bn::sprite_shape_size::width() const [clone .isra.0]
                0x08030098                bn::sprite_text_generator::sprite_text_generator(bn::sprite_font const&) [clone .isra.0]
                0x08030150                bn::best_fit_allocator::alloc(int) [clone .constprop.0]
                0x080302b4                malloc
                0x080302c0                bn::sprite_builder::sprite_builder(bn::sprite_shape_size const&, bn::sprite_tiles_ptr, bn::sprite_palette_ptr) [clone .isra.0]
                0x08030524                bn::sprite_shape_size::tiles_count(bn::bpp_mode) const [clone .isra.0]
                0x08030674                bn::sprites_manager::set_tiles(void*, bn::sprite_tiles_ptr const&)
                0x080308c8                bn::sprites_manager::set_tiles(void*, bn::sprite_tiles_ptr&&)
                0x08030b00                bn::istring::append(char const*, int) [clone .isra.0]
                0x08030bb0                void _bn::assert::show_args<char [20], char, char [9], bn::string_view, char [2]>(char const*, char const*, char const*, int, char const (&) [20], char const&, char const (&) [9], bn::string_view const&, char const (&) [2]) [clone .constprop.0]
                0x08030c54                bn::ostringstream::append(int)
                0x08030dc8                void _bn::assert::show_args<char [16], int, char [4], signed char>(char const*, char const*, char const*, int, char const (&) [16], int const&, char const (&) [4], signed char const&) [clone .constprop.0]
                0x08030ea4                bn::sprites_manager::(anonymous namespace)::_assign_affine_mat(bool, bn::sprites_manager_item&, bn::sprite_affine_mat_ptr&&) [clone .lto_priv.0]
                0x08030fec                bn::sprites_manager::set_new_affine_mat(void*, bn::affine_mat_attributes&)
                0x08031160                bn::sprites_manager::set_double_size_mode(void*, bn::sprite_double_size_mode) [clone .part.0]
                0x080311d4                void _bn::assert::show_args<char [52], unsigned short>(char const*, char const*, char const*, int, char const (&) [52], unsigned short const&) [clone .constprop.0]
                0x08031228                void _bn::assert::show_args<char [20], int, char [4], unsigned short>(char const*, char const*, char const*, int, char const (&) [20], int const&, char const (&) [4], unsigned short const&) [clone .constprop.0]
                0x080312f8                bn::palettes_bank::create_bpp_4(bn::span<bn::color const> const&, unsigned short, bool) [clone .constprop.0]
                0x08031428                bn::hw::show::error(bn::system_font const&, bn::string_view const&, bn::string_view const&, bn::string_view const&, int, bn::string_view const&, bn::string_view const&) [clone .constprop.0]
                0x080317f8                bn::sprite_tiles_manager::allocate(int, bn::bpp_mode) [clone .constprop.0]
                0x08031950                bn::ostringstream::append(unsigned int)
                0x08031a00                void _bn::assert::show_args<char [35], unsigned int>(char const*, char const*, char const*, int, char const (&) [35], unsigned int const&) [clone .constprop.0]
                0x08031a50                void _bn::assert::show_args<char [46], int, char [4], unsigned int>(char const*, char const*, char const*, int, char const (&) [46], int const&, char const (&) [4], unsigned int const&) [clone .constprop.0]
                0x08031ac0                bn::ostringstream::append(void const*)
                0x08031be8                void _bn::assert::show_args<char [44], bn::tile const*, char [4], bn::tile const*>(char const*, char const*, char const*, int, char const (&) [44], bn::tile const* const&, char const (&) [4], bn::tile const* const&) [clone .constprop.0]
                0x08031cd8                bn::sprite_tiles_manager::create(bn::span<bn::tile const> const&, bn::compression_type) [clone .isra.0]
                0x08031d24                bn::sprite_ptr::set_tiles(bn::sprite_tiles_item const&, int)
                0x08031e7c                bn::sprites_manager::create(bn::sprite_builder&&)
                0x080324b0                bn::sprite_ptr::create(bn::sprite_builder const&)
                0x08032620                bn::isprite_cached_animate_action::_assign_graphics_indexes(bn::sprite_tiles_item const&, bn::span<unsigned short const> const&) [clone .isra.0]
                0x08032760                void _bn::assert::show_args<char [32], char [15], unsigned short const*, char [16], int, char [17], int, char [34], bn::string_view>(char const*, char const*, char const*, int, char const (&) [32], char const (&) [15], unsigned short const* const&, char const (&) [16], int const&, char const (&) [17], int const&, char const (&) [34], bn::string_view const&) [clone .constprop.0]
                0x080327f8                void _bn::assert::show_args<char [30], char [13], unsigned short const*, char [14], int, char [15], int, char [17], int, char [34], bn::string_view>(char const*, char const*, char const*, int, char const (&) [30], char const (&) [13], unsigned short const* const&, char const (&) [14], int const&, char const (&) [15], int const&, char const (&) [17], int const&, char const (&) [34], bn::string_view const&) [clone .constprop.0]
                0x080328ac                bn::ostringstream::_append_fraction(unsigned int, int)
                0x080329c0                bn::hblank_effects_manager::(anonymous namespace)::_create(void const*, int, bn::hblank_effects_manager::handler_type, bool) [clone .constprop.0]
                0x08032c80                bool bn::(anonymous namespace)::_generate<false>(bn::sprite_text_generator const&, bn::fixed_point_t<12> const&, bn::string_view const&, bn::utf8_characters_map_ref const&, int, int, bool, bn::ivector<bn::sprite_ptr>&) [clone .isra.0]
                0x08033dd4                bn::palettes_bank::create_bpp_8(bn::span<bn::color const> const&, bn::compression_type, bool) [clone .constprop.0]
                0x08033fdc                bn::(anonymous namespace)::_create_impl(bn::sprite_palette_item const&, bool) [clone .constprop.0]
                0x08034054                bn::(anonymous namespace)::_create_impl(bn::bg_palette_item const&, bool) [clone .constprop.0]
                0x080340e4                bn::sprite_ptr::set_scale(bn::fixed_t<12>)
                0x080341a4                bn::sprite_builder::set_scale(bn::fixed_t<12>) [clone .isra.0]
                0x080342ac                bn::palettes_bank::set_grayscale_intensity(int, bn::fixed_t<12>) [clone .constprop.0]
                0x0803432c                bn::music_volume_to_action& bn::optional<bn::music_volume_to_action>::emplace<int const&, int>(int const&, int&&) [clone .constprop.0]
                0x080343e8                bn::sprite_builder::set_vertical_scale(bn::fixed_t<12>) [clone .constprop.0] [clone .isra.0]
                0x08034504                bn::sprite_ptr::set_vertical_scale(bn::fixed_t<12>) [clone .isra.0]
                0x0803467c                bn::sprite_builder::set_horizontal_scale(bn::fixed_t<12>) [clone .isra.0]
                0x0803483c                bn::sprite_ptr::set_horizontal_scale(bn::fixed_t<12>) [clone .isra.0]
                0x080349b4                bn::sprite_ptr::set_rotation_angle(bn::fixed_t<12>) [clone .isra.0]
 .text          0x08034a6c     0x7750 C:\Users\Linny\AppData\Local\Temp\cc3nsn9g.ltrans7.ltrans.o
                0x08034a6c                bn::sprite_affine_mats_manager::(anonymous namespace)::item_type::sprite_double_size(int, bn::sprite_shape_size const&) const [clone .isra.0]
                0x08034c18                bn::sprite_affine_mats_manager::sprite_double_size(int, bn::sprite_shape_size const&) [clone .isra.0]
                0x08034c64                bn::bg_palette_ptr::~bg_palette_ptr() [clone .isra.0]
                0x08034c7c                bn::palettes_bank::palettes_bank() [clone .isra.0]
                0x08034d50                bn::camera_ptr::~camera_ptr() [clone .isra.0]
                0x08034d7c                bf::game::(anonymous namespace)::_set_visible(bool, bn::ivector<bn::sprite_ptr>&) [clone .isra.0]
                0x08034e1c                bn::sprite_affine_mat_ptr::~sprite_affine_mat_ptr() [clone .isra.0]
                0x08034e94                bn::sprite_affine_mat_attributes_hbe_ptr::~sprite_affine_mat_attributes_hbe_ptr() [clone .isra.0]
                0x08034f4c                bn::iunordered_map<unsigned short, short, bn::identity_hasher, bn::equal_to<unsigned short> >::insert_or_assign_hash(unsigned int, std::pair<unsigned short const, short>&&) [clone .isra.0]
                0x0803505c                bn::palettes_bank::colors_hash(bn::span<bn::color const> const&) [clone .isra.0]
                0x080350a0                bn::regular_bg_ptr::~regular_bg_ptr() [clone .isra.0]
                0x0803518c                bn::string_view::string_view(char const*) [clone .isra.0]
                0x080351cc                bn::regular_bg_ptr::palette() const [clone .isra.0]
                0x08035220                bf::intro::intro(bn::sprite_text_generator&, bf::butano_background&) [clone .isra.0]
                0x080355b8                bn::isprite_animate_action::_assign_graphics_indexes(bn::span<unsigned short const> const&) [clone .isra.0]
                0x08035638                bf::status::status() [clone .isra.0]
                0x08035704                bn::sprite_shape_size::height() const [clone .isra.0]
                0x080357d4                bn::sprite_palette_ptr::set_fade_intensity(bn::fixed_t<12>) [clone .isra.0]
                0x08035848                bf::how_to_play::entry_type::entry_type(bf::how_to_play::entry_type&&) [clone .isra.0]
                0x08035b1c                bf::how_to_play::how_to_play(bf::scene_type, bf::status&, bn::sprite_text_generator&, bf::butano_background&) [clone .isra.0]
                0x08036998                bf::game::wizard_boss::wizard_boss(bn::fixed_point_t<12> const&, bn::sprite_palette_ptr const&, bn::camera_ptr const&) [clone .isra.0]
                0x0803782c                bn::sprite_move_to_action& bn::optional<bn::sprite_move_to_action>::emplace<bn::sprite_ptr&, int const&, bn::fixed_t<12>, bn::fixed_t<12> >(bn::sprite_ptr&, int const&, bn::fixed_t<12>&&, bn::fixed_t<12>&&) [clone .isra.0]
                0x080378e8                bf::game::tank_boss::tank_boss(bn::fixed_point_t<12> const&, bn::sprite_palette_ptr const&, bn::camera_ptr const&) [clone .isra.0]
                0x08038d84                bf::game::object_message::object_message(bn::fixed_point_t<12> const&, int, bn::camera_ptr const&) [clone .isra.0]
                0x08038f44                bf::game::gigabat_boss::gigabat_boss(bn::fixed_point_t<12> const&, bn::sprite_palette_ptr const&, bn::camera_ptr const&) [clone .isra.0]
                0x0803987c                bf::game::explosion::explosion(bn::sprite_item const&, bn::fixed_point_t<12> const&, int, int, bool, bn::camera_ptr const&) [clone .isra.0]
                0x0803a2f8                bf::game::game::game(bf::status&, bn::sprite_text_generator&, bf::butano_background&) [clone .isra.0]
 .text.startup  0x0803c1bc      0x318 C:\Users\Linny\AppData\Local\Temp\cc3nsn9g.ltrans7.ltrans.o
 .text.__libc_init_array
                0x0803c4d4       0x50 bn_hw_common.bn_noflto.o
                0x0803c4d4                __libc_init_array
 .text.__aeabi_atexit
                0x0803c524        0x4 bn_hw_common.bn_noflto.o
                0x0803c524                __aeabi_atexit
 .text.__cxa_pure_virtual
                0x0803c528       0x24 bn_hw_common.bn_noflto.o
                0x0803c528                __cxa_pure_virtual
 .text._ZN3_bn6assert9show_argsIA40_cEEvPKcS4_S4_iRKT_
                0x0803c54c       0x48 bn_hw_common.bn_noflto.o
                0x0803c54c                void _bn::assert::show_args<char [40]>(char const*, char const*, char const*, int, char const (&) [40])
 .text.__aeabi_idiv0
                0x0803c594       0x24 bn_hw_common.bn_noflto.o
                0x0803c594                __aeabi_idiv0
 .text._ZN2bn2hw4gpio4initEv
                0x0803c5b8        0x8 bn_hw_gpio.bn_noflto.o
                0x0803c5b8                bn::hw::gpio::init()
 .text._ZN2bn2hw4sram4initEv
                0x0803c5c0       0x18 bn_hw_sram.bn_noflto.o
                0x0803c5c0                bn::hw::sram::init()
 .text          0x0803c5d8       0x1c bn_hw_core.o
                0x0803c5d8                bn_hw_soft_reset
                0x0803c5f0                bn_hw_hard_reset
 .text.Stop     0x0803c5f4        0x4 tonc_bios.o
                0x0803c5f4                Stop
 .text.VBlankIntrWait
                0x0803c5f8        0x4 tonc_bios.o
                0x0803c5f8                VBlankIntrWait
 .text.memset16
                0x0803c5fc       0x3c tonc_memset.o
                0x0803c5fc                memset16
 .text          0x0803c638      0x26c posprintf.o
                0x0803c63c                posprintf
 .text          0x0803c8a4      0x314 mm_effect.o
                0x0803c8a4                mmResetEffects
                0x0803c8d0                mmEffect
                0x0803c8e6                mmEffectEx
                0x0803c9e6                mmEffectActive
                0x0803ca1a                mmEffectVolume
                0x0803ca36                mmEffectPanning
                0x0803ca4a                mmEffectRate
                0x0803ca5e                mmEffectCancel
                0x0803ca98                mmEffectRelease
                0x0803cabe                mmEffectScaleRate
                0x0803cad2                mmSetEffectsVolume
                0x0803cae0                mmEffectCancelAll
                0x0803cb20                mmUpdateEffects
 .text          0x0803cbb8       0x14 mm_main.o
                0x0803cbb8                mpp_call_r7
                0x0803cbba                mpp_call_r1
                0x0803cbbc                mpp_call_r2
                0x0803cbbe                mpp_call_r3
                0x0803cbc0                mmSetEventHandler
 .text          0x0803cbcc     0x1570 mm_mas.o
                0x0803cc40                mmStart
                0x0803cc60                mmJingle
                0x0803cc66                mmPlayModule
                0x0803cd30                mmPause
                0x0803cd4c                mmResume
                0x0803cd5c                mmActive
                0x0803cd62                mmActiveSub
                0x0803cd68                mmSetModuleVolume
                0x0803cd78                mmSetJingleVolume
                0x0803cdb4                mmGetPositionTick
                0x0803cdba                mmGetPositionRow
                0x0803cdc0                mmGetPosition
                0x0803cdc6                mmPosition
                0x0803cde0                mmSetModuleTempo
                0x0803ce12                mmSetModulePitch
                0x0803ce54                mmStop
                0x0803cf1a                mppUpdateSub
                0x0803d076                mpp_Process_VolumeCommand
                0x0803d2ae                mpp_Process_Effect
                0x0803d9fc                ST3_FREQTABLE
                0x0803de1c                IT_PitchTable
 .text          0x0803e13c      0x12c mm_main_gba.o
                0x0803e13c                mmInit
                0x0803e190                mmSetVBlankHandler
                0x0803e196                mmFrame
 .text          0x0803e268      0x1e0 mm_mixer_gba.o
                0x0803e268                mmMixerSetSource
                0x0803e27c                mmMixerSetRead
                0x0803e28a                mmMixerSetFreq
                0x0803e29a                mmMixerMulFreq
                0x0803e2ae                mmMixerStopChannel
                0x0803e2c0                mmMixerChannelActive
                0x0803e2d2                mmMixerSetVolume
                0x0803e2e0                mmMixerSetPan
                0x0803e2ee                mmMixerInit
 .text          0x0803e448       0x3c C:/devkitPro/devkitARM/bin/../lib/gcc/arm-none-eabi/14.2.0/thumb\libgcc.a(_call_via_rX.o)
                0x0803e448                _call_via_r0
                0x0803e44c                _call_via_r1
                0x0803e450                _call_via_r2
                0x0803e454                _call_via_r3
                0x0803e458                _call_via_r4
                0x0803e45c                _call_via_r5
                0x0803e460                _call_via_r6
                0x0803e464                _call_via_r7
                0x0803e468                _call_via_r8
                0x0803e46c                _call_via_r9
                0x0803e470                _call_via_sl
                0x0803e474                _call_via_fp
                0x0803e478                _call_via_ip
                0x0803e47c                _call_via_sp
                0x0803e480                _call_via_lr
 *fill*         0x0803e484        0x4 ff
 .text.__stub   0x0803e488      0x130 linker stubs
 *(.gnu.linkonce.t.*)
 *(.text.*personality*)
 *(.gnu.warning)
 *(.glue_7t)
 .glue_7t       0x0803e618        0x0 linker stubs
 *(.glue_7)
 .glue_7        0x0803e618        0x0 linker stubs
 *(.vfp11_veneer)
 .vfp11_veneer  0x0803e618        0x0 linker stubs
                0x0803e618                        . = ALIGN (0x4)
                0x0803e618                        __text_end = .

.v4_bx          0x0803e618        0x0
 .v4_bx         0x0803e618        0x0 linker stubs

.iplt           0x0803e618        0x0
 .iplt          0x0803e618        0x0 C:/devkitPro/devkitARM/bin/../lib/gcc/arm-none-eabi/14.2.0/../../../../arm-none-eabi/lib/thumb/gba_crt0.o

.fini           0x0803e618        0xc
 *(.fini)
 .fini          0x0803e618        0x4 C:/devkitPro/devkitARM/bin/../lib/gcc/arm-none-eabi/14.2.0/thumb/crti.o
                0x0803e618                _fini
 .fini          0x0803e61c        0x8 C:/devkitPro/devkitARM/bin/../lib/gcc/arm-none-eabi/14.2.0/thumb/crtn.o
                0x0803e624                        . = ALIGN (0x4)

.rodata         0x0803e624   0x308ae8
 *(.rodata)
 .rodata        0x0803e624     0x1ba0 big_font_bn_gfx.o
                0x0803e624                big_font_bn_gfxTiles
                0x080401a4                big_font_bn_gfxPal
 .rodata        0x080401c4      0xe20 boss_intro_bn_gfx.o
                0x080401c4                boss_intro_bn_gfxTiles
                0x08040fc4                boss_intro_bn_gfxPal
 .rodata        0x08040fe4     0x1220 brightness_bn_gfx.o
                0x08040fe4                brightness_bn_gfxTiles
                0x080421e4                brightness_bn_gfxPal
 .rodata        0x08042204      0xc60 butano_background_bn_gfx.o
                0x08042204                butano_background_bn_gfxTiles
                0x08042644                butano_background_bn_gfxMap
                0x08042e44                butano_background_bn_gfxPal
 .rodata        0x08042e64     0x1020 butano_big_silhouette_bn_gfx.o
                0x08042e64                butano_big_silhouette_bn_gfxTiles
                0x08043e64                butano_big_silhouette_bn_gfxPal
 .rodata        0x08043e84     0x20c0 butano_big_sprite_bn_gfx.o
                0x08043e84                butano_big_sprite_bn_gfxTiles
                0x08045e84                butano_big_sprite_bn_gfxPal
 .rodata        0x08045f44      0x820 butano_fire_bn_gfx.o
                0x08045f44                butano_fire_bn_gfxTiles
                0x08046744                butano_fire_bn_gfxPal
 .rodata        0x08046764      0x100 butano_flash_palette_bn_gfx.o
                0x08046764                butano_flash_palette_bn_gfxTiles
                0x080467a4                butano_flash_palette_bn_gfxPal
 .rodata        0x08046864      0xc20 butano_font_bn_gfx.o
                0x08046864                butano_font_bn_gfxTiles
                0x08047464                butano_font_bn_gfxPal
 .rodata        0x08047484     0xce20 butano_huge_bn_gfx.o
                0x08047484                butano_huge_bn_gfxTiles
                0x080530c4                butano_huge_bn_gfxMap
                0x080540c4                butano_huge_bn_gfxPal
 .rodata        0x080542a4     0x15e0 clouds_bn_gfx.o
                0x080542a4                clouds_bn_gfxTiles
                0x08055064                clouds_bn_gfxMap
                0x08055864                clouds_bn_gfxPal
 .rodata        0x08055884      0x120 enemy_bullets_bn_gfx.o
                0x08055884                enemy_bullets_bn_gfxTiles
                0x08055984                enemy_bullets_bn_gfxPal
 .rodata        0x080559a4    0x10020 enemy_explosion_bn_gfx.o
                0x080559a4                enemy_explosion_bn_gfxTiles
                0x080659a4                enemy_explosion_bn_gfxPal
 .rodata        0x080659c4       0xa0 experience_bar_bn_gfx.o
                0x080659c4                experience_bar_bn_gfxTiles
                0x08065a44                experience_bar_bn_gfxPal
 .rodata        0x08065a64       0xa0 experience_frame_back_bn_gfx.o
                0x08065a64                experience_frame_back_bn_gfxTiles
                0x08065ae4                experience_frame_back_bn_gfxPal
 .rodata        0x08065b04      0x120 experience_frame_front_bn_gfx.o
                0x08065b04                experience_frame_front_bn_gfxTiles
                0x08065c04                experience_frame_front_bn_gfxPal
 .rodata        0x08065c24      0xe20 fighter_font_bn_gfx.o
                0x08065c24                fighter_font_bn_gfxTiles
                0x08066a24                fighter_font_bn_gfxPal
 .rodata        0x08066a44       0x40 flash_palette_bn_gfx.o
                0x08066a44                flash_palette_bn_gfxTiles
                0x08066a64                flash_palette_bn_gfxPal
 .rodata        0x08066a84      0x220 gem_bn_gfx.o
                0x08066a84                gem_bn_gfxTiles
                0x08066c84                gem_bn_gfxPal
 .rodata        0x08066ca4     0xf020 gigabat_bn_gfx.o
                0x08066ca4                gigabat_bn_gfxTiles
                0x08075ca4                gigabat_bn_gfxPal
 .rodata        0x08075cc4      0x420 gigabat_shadow_bn_gfx.o
                0x08075cc4                gigabat_shadow_bn_gfxTiles
                0x080760c4                gigabat_shadow_bn_gfxPal
 .rodata        0x080760e4     0x1020 hero_body_flying_bn_gfx.o
                0x080760e4                hero_body_flying_bn_gfxTiles
                0x080770e4                hero_body_flying_bn_gfxPal
 .rodata        0x08077104     0x1020 hero_body_walking_bn_gfx.o
                0x08077104                hero_body_walking_bn_gfxTiles
                0x08078104                hero_body_walking_bn_gfxPal
 .rodata        0x08078124      0xa20 hero_bomb_bn_gfx.o
                0x08078124                hero_bomb_bn_gfxTiles
                0x08078324                hero_bomb_bn_gfxMap
                0x08078b24                hero_bomb_bn_gfxPal
 .rodata        0x08078b44       0xa0 hero_bomb_icon_bn_gfx.o
                0x08078b44                hero_bomb_icon_bn_gfxTiles
                0x08078bc4                hero_bomb_icon_bn_gfxPal
 .rodata        0x08078be4      0x220 hero_bomb_mini_bn_gfx.o
                0x08078be4                hero_bomb_mini_bn_gfxTiles
                0x08078de4                hero_bomb_mini_bn_gfxPal
 .rodata        0x08078e04     0x1220 hero_bullets_bn_gfx.o
                0x08078e04                hero_bullets_bn_gfxTiles
                0x0807a004                hero_bullets_bn_gfxPal
 .rodata        0x0807a024     0xc020 hero_death_bn_gfx.o
                0x0807a024                hero_death_bn_gfxTiles
                0x08086024                hero_death_bn_gfxPal
 .rodata        0x08086044      0x220 hero_head_bn_gfx.o
                0x08086044                hero_head_bn_gfxTiles
                0x08086244                hero_head_bn_gfxPal
 .rodata        0x08086264      0x820 hero_shield_bn_gfx.o
                0x08086264                hero_shield_bn_gfxTiles
                0x08086a64                hero_shield_bn_gfxPal
 .rodata        0x08086a84      0x120 hero_weapon_big_2_bn_gfx.o
                0x08086a84                hero_weapon_big_2_bn_gfxTiles
                0x08086b84                hero_weapon_big_2_bn_gfxPal
 .rodata        0x08086ba4      0x420 hero_weapon_big_3_bn_gfx.o
                0x08086ba4                hero_weapon_big_3_bn_gfxTiles
                0x08086fa4                hero_weapon_big_3_bn_gfxPal
 .rodata        0x08086fc4      0x120 hero_weapon_big_4_bn_gfx.o
                0x08086fc4                hero_weapon_big_4_bn_gfxTiles
                0x080870c4                hero_weapon_big_4_bn_gfxPal
 .rodata        0x080870e4      0x120 hero_weapon_big_5_bn_gfx.o
                0x080870e4                hero_weapon_big_5_bn_gfxTiles
                0x080871e4                hero_weapon_big_5_bn_gfxPal
 .rodata        0x08087204      0x120 hero_weapon_big_6_bn_gfx.o
                0x08087204                hero_weapon_big_6_bn_gfxTiles
                0x08087304                hero_weapon_big_6_bn_gfxPal
 .rodata        0x08087324      0x220 hero_weapon_big_7_bn_gfx.o
                0x08087324                hero_weapon_big_7_bn_gfxTiles
                0x08087524                hero_weapon_big_7_bn_gfxPal
 .rodata        0x08087544      0x420 hero_weapon_big_8_bn_gfx.o
                0x08087544                hero_weapon_big_8_bn_gfxTiles
                0x08087944                hero_weapon_big_8_bn_gfxPal
 .rodata        0x08087964      0x120 hero_weapon_big_9_bn_gfx.o
                0x08087964                hero_weapon_big_9_bn_gfxTiles
                0x08087a64                hero_weapon_big_9_bn_gfxPal
 .rodata        0x08087a84      0x4a0 hero_weapons_bn_gfx.o
                0x08087a84                hero_weapons_bn_gfxTiles
                0x08087f04                hero_weapons_bn_gfxPal
 .rodata        0x08087f24      0xe20 mini_explosion_bn_gfx.o
                0x08087f24                mini_explosion_bn_gfxTiles
                0x08088d24                mini_explosion_bn_gfxPal
 .rodata        0x08088d44      0xa20 mini_explosion_2_bn_gfx.o
                0x08088d44                mini_explosion_2_bn_gfxTiles
                0x08089744                mini_explosion_2_bn_gfxPal
 .rodata        0x08089764     0x1f00 mountain_clouds_bn_gfx.o
                0x08089764                mountain_clouds_bn_gfxTiles
                0x0808a644                mountain_clouds_bn_gfxMap
                0x0808b644                mountain_clouds_bn_gfxPal
 .rodata        0x0808b664      0xf20 object_messages_bn_gfx.o
                0x0808b664                object_messages_bn_gfxTiles
                0x0808c564                object_messages_bn_gfxPal
 .rodata        0x0808c584     0x1720 pause_bn_gfx.o
                0x0808c584                pause_bn_gfxTiles
                0x0808d484                pause_bn_gfxMap
                0x0808dc84                pause_bn_gfxPal
 .rodata        0x0808dca4      0xde0 small_font_bn_gfx.o
                0x0808dca4                small_font_bn_gfxTiles
                0x0808ea64                small_font_bn_gfxPal
 .rodata        0x0808ea84     0x8140 stage_1_bn_gfx.o
                0x0808ea84                stage_1_bn_gfxTiles
                0x08094b04                stage_1_bn_gfxMap
                0x08096b04                stage_1_bn_gfxPal
 .rodata        0x08096bc4      0x420 stage_1_animals_bn_gfx.o
                0x08096bc4                stage_1_animals_bn_gfxTiles
                0x08096fc4                stage_1_animals_bn_gfxPal
 .rodata        0x08096fe4      0x420 stage_1_characters_1_bn_gfx.o
                0x08096fe4                stage_1_characters_1_bn_gfxTiles
                0x080973e4                stage_1_characters_1_bn_gfxPal
 .rodata        0x08097404     0x1020 stage_1_characters_1_team_bn_gfx.o
                0x08097404                stage_1_characters_1_team_bn_gfxTiles
                0x08098404                stage_1_characters_1_team_bn_gfxPal
 .rodata        0x08098424      0x420 stage_1_characters_2_bn_gfx.o
                0x08098424                stage_1_characters_2_bn_gfxTiles
                0x08098824                stage_1_characters_2_bn_gfxPal
 .rodata        0x08098844     0x1020 stage_1_intro_bn_gfx.o
                0x08098844                stage_1_intro_bn_gfxTiles
                0x08099844                stage_1_intro_bn_gfxPal
 .rodata        0x08099864       0x40 stage_1_intro_alt_bn_gfx.o
                0x08099864                stage_1_intro_alt_bn_gfxTiles
                0x08099884                stage_1_intro_alt_bn_gfxPal
 .rodata        0x080998a4      0x220 stage_1_monsters_1_bn_gfx.o
                0x080998a4                stage_1_monsters_1_bn_gfxTiles
                0x08099aa4                stage_1_monsters_1_bn_gfxPal
 .rodata        0x08099ac4      0x220 stage_1_monsters_2_bn_gfx.o
                0x08099ac4                stage_1_monsters_2_bn_gfxTiles
                0x08099cc4                stage_1_monsters_2_bn_gfxPal
 .rodata        0x08099ce4     0x5b00 stage_2_bn_gfx.o
                0x08099ce4                stage_2_bn_gfxTiles
                0x0809d6a4                stage_2_bn_gfxMap
                0x0809f6a4                stage_2_bn_gfxPal
 .rodata        0x0809f7e4     0x1920 stage_2_characters_1_bn_gfx.o
                0x0809f7e4                stage_2_characters_1_bn_gfxTiles
                0x080a10e4                stage_2_characters_1_bn_gfxPal
 .rodata        0x080a1104     0x2020 stage_2_characters_2_bn_gfx.o
                0x080a1104                stage_2_characters_2_bn_gfxTiles
                0x080a3104                stage_2_characters_2_bn_gfxPal
 .rodata        0x080a3124     0x1020 stage_2_intro_bn_gfx.o
                0x080a3124                stage_2_intro_bn_gfxTiles
                0x080a4124                stage_2_intro_bn_gfxPal
 .rodata        0x080a4144       0x40 stage_2_intro_alt_bn_gfx.o
                0x080a4144                stage_2_intro_alt_bn_gfxTiles
                0x080a4164                stage_2_intro_alt_bn_gfxPal
 .rodata        0x080a4184     0x2020 stage_2_monsters_1_bn_gfx.o
                0x080a4184                stage_2_monsters_1_bn_gfxTiles
                0x080a6184                stage_2_monsters_1_bn_gfxPal
 .rodata        0x080a61a4     0x2020 stage_2_monsters_2_bn_gfx.o
                0x080a61a4                stage_2_monsters_2_bn_gfxTiles
                0x080a81a4                stage_2_monsters_2_bn_gfxPal
 .rodata        0x080a81c4     0x1020 stage_2_robot_bn_gfx.o
                0x080a81c4                stage_2_robot_bn_gfxTiles
                0x080a91c4                stage_2_robot_bn_gfxPal
 .rodata        0x080a91e4     0x59a0 stage_3_bn_gfx.o
                0x080a91e4                stage_3_bn_gfxTiles
                0x080acb04                stage_3_bn_gfxMap
                0x080aeb04                stage_3_bn_gfxPal
 .rodata        0x080aeb84     0x1820 stage_3_blonde_bn_gfx.o
                0x080aeb84                stage_3_blonde_bn_gfxTiles
                0x080b0384                stage_3_blonde_bn_gfxPal
 .rodata        0x080b03a4     0x8020 stage_3_characters_1_bn_gfx.o
                0x080b03a4                stage_3_characters_1_bn_gfxTiles
                0x080b83a4                stage_3_characters_1_bn_gfxPal
 .rodata        0x080b83c4     0x6020 stage_3_characters_2_bn_gfx.o
                0x080b83c4                stage_3_characters_2_bn_gfxTiles
                0x080be3c4                stage_3_characters_2_bn_gfxPal
 .rodata        0x080be3e4     0x1820 stage_3_dragon_man_bn_gfx.o
                0x080be3e4                stage_3_dragon_man_bn_gfxTiles
                0x080bfbe4                stage_3_dragon_man_bn_gfxPal
 .rodata        0x080bfc04     0x1020 stage_3_intro_bn_gfx.o
                0x080bfc04                stage_3_intro_bn_gfxTiles
                0x080c0c04                stage_3_intro_bn_gfxPal
 .rodata        0x080c0c24       0x40 stage_3_intro_alt_bn_gfx.o
                0x080c0c24                stage_3_intro_alt_bn_gfxTiles
                0x080c0c44                stage_3_intro_alt_bn_gfxPal
 .rodata        0x080c0c64     0x4020 stage_3_monsters_1_bn_gfx.o
                0x080c0c64                stage_3_monsters_1_bn_gfxTiles
                0x080c4c64                stage_3_monsters_1_bn_gfxPal
 .rodata        0x080c4c84     0x3020 stage_3_monsters_2_bn_gfx.o
                0x080c4c84                stage_3_monsters_2_bn_gfxTiles
                0x080c7c84                stage_3_monsters_2_bn_gfxPal
 .rodata        0x080c7ca4     0x3bc0 stage_4_bn_gfx.o
                0x080c7ca4                stage_4_bn_gfxTiles
                0x080c97e4                stage_4_bn_gfxMap
                0x080cb7e4                stage_4_bn_gfxPal
 .rodata        0x080cb864      0x820 stage_4_brain_bn_gfx.o
                0x080cb864                stage_4_brain_bn_gfxTiles
                0x080cc064                stage_4_brain_bn_gfxPal
 .rodata        0x080cc084     0x1820 stage_4_enemies_1_bn_gfx.o
                0x080cc084                stage_4_enemies_1_bn_gfxTiles
                0x080cd884                stage_4_enemies_1_bn_gfxPal
 .rodata        0x080cd8a4     0x1020 stage_4_enemies_2_bn_gfx.o
                0x080cd8a4                stage_4_enemies_2_bn_gfxTiles
                0x080ce8a4                stage_4_enemies_2_bn_gfxPal
 .rodata        0x080ce8c4      0x820 stage_4_enemies_3_1_bn_gfx.o
                0x080ce8c4                stage_4_enemies_3_1_bn_gfxTiles
                0x080cf0c4                stage_4_enemies_3_1_bn_gfxPal
 .rodata        0x080cf0e4      0x220 stage_4_enemies_3_2_bn_gfx.o
                0x080cf0e4                stage_4_enemies_3_2_bn_gfxTiles
                0x080cf2e4                stage_4_enemies_3_2_bn_gfxPal
 .rodata        0x080cf304      0x620 stage_4_enemies_4_bn_gfx.o
                0x080cf304                stage_4_enemies_4_bn_gfxTiles
                0x080cf904                stage_4_enemies_4_bn_gfxPal
 .rodata        0x080cf924     0x1020 stage_4_intro_bn_gfx.o
                0x080cf924                stage_4_intro_bn_gfxTiles
                0x080d0924                stage_4_intro_bn_gfxPal
 .rodata        0x080d0944       0x40 stage_4_intro_alt_bn_gfx.o
                0x080d0944                stage_4_intro_alt_bn_gfxTiles
                0x080d0964                stage_4_intro_alt_bn_gfxPal
 .rodata        0x080d0984     0x1020 stage_4_meteors_big_bn_gfx.o
                0x080d0984                stage_4_meteors_big_bn_gfxTiles
                0x080d1984                stage_4_meteors_big_bn_gfxPal
 .rodata        0x080d19a4      0x620 stage_4_meteors_small_bn_gfx.o
                0x080d19a4                stage_4_meteors_small_bn_gfxTiles
                0x080d1fa4                stage_4_meteors_small_bn_gfxPal
 .rodata        0x080d1fc4      0x220 stage_4_octopus_bn_gfx.o
                0x080d1fc4                stage_4_octopus_bn_gfxTiles
                0x080d21c4                stage_4_octopus_bn_gfxPal
 .rodata        0x080d21e4     0x2c00 stars_bn_gfx.o
                0x080d21e4                stars_bn_gfxTiles
                0x080d3dc4                stars_bn_gfxMap
                0x080d4dc4                stars_bn_gfxPal
 .rodata        0x080d4de4     0x1220 tank_base_bn_gfx.o
                0x080d4de4                tank_base_bn_gfxTiles
                0x080d5fe4                tank_base_bn_gfxPal
 .rodata        0x080d6004      0x820 tank_cannon_bn_gfx.o
                0x080d6004                tank_cannon_bn_gfxTiles
                0x080d6804                tank_cannon_bn_gfxPal
 .rodata        0x080d6824      0xa20 tank_extras_bn_gfx.o
                0x080d6824                tank_extras_bn_gfxTiles
                0x080d7224                tank_extras_bn_gfxPal
 .rodata        0x080d7244      0x220 tank_jelly_bn_gfx.o
                0x080d7244                tank_jelly_bn_gfxTiles
                0x080d7444                tank_jelly_bn_gfxPal
 .rodata        0x080d7464     0xe020 wizard_bn_gfx.o
                0x080d7464                wizard_bn_gfxTiles
                0x080e5464                wizard_bn_gfxPal
 .rodata        0x080e5484     0x8020 wizard_aura_bn_gfx.o
                0x080e5484                wizard_aura_bn_gfxTiles
                0x080ed484                wizard_aura_bn_gfxPal
 .rodata        0x080ed4a4     0x26c8 C:\Users\Linny\AppData\Local\Temp\cc3nsn9g.ltrans0.ltrans.o
                0x080ed5b8                bn::sprite_items::butano_big_sprite
                0x080ed5d4                bn::sprite_items::butano_big_silhouette
                0x080ed5f8                vtable for bf::credits
                0x080ed60c                vtable for bf::ending
                0x080ed650                bn::sound_items::power_up_1
                0x080ed654                bn::sprite_items::gem
                0x080ed670                bn::sound_items::cure
                0x080ed674                bn::sprite_items::hero_bullets
                0x080ed690                bn::sprite_items::hero_bomb_icon
                0x080ed6b0                vtable for bf::game::game
                0x080ed6c4                bn::sprite_items::mini_explosion
                0x080ed6e0                bn::sound_items::explosion_3
                0x080ed6e4                bn::sound_items::explosion_1
                0x080ed704                bn::sound_items::explosion_2
                0x080ed708                bn::sound_items::flame_thrower
                0x080ed70c                vtable for bf::game::butano_boss
                0x080ed73c                vtable for bf::game::boss
                0x080ed76c                _ZN2bn12_GLOBAL__N_1L12sin_lut_implE.lto_priv.0
                0x080ee770                _ZN2bf4game12_GLOBAL__N_1L14_level8_eventsE.lto_priv.0
                0x080ee890                _ZN2bf4game12_GLOBAL__N_1L14_level7_eventsE.lto_priv.0
                0x080ee998                _ZN2bf4game12_GLOBAL__N_1L14_level6_eventsE.lto_priv.0
                0x080eea88                _ZN2bf4game12_GLOBAL__N_1L14_level5_eventsE.lto_priv.0
                0x080eeb48                _ZN2bf4game12_GLOBAL__N_1L14_level4_eventsE.lto_priv.0
                0x080eebd8                _ZN2bf4game12_GLOBAL__N_1L14_level3_eventsE.lto_priv.0
                0x080eec50                _ZN2bf4game12_GLOBAL__N_1L14_level2_eventsE.lto_priv.0
                0x080eecb0                _ZN2bf4game12_GLOBAL__N_1L14_level1_eventsE.lto_priv.0
                0x080eecd4                _ZN2bf4game12_GLOBAL__N_1L14_level0_eventsE.lto_priv.0
                0x080eece0                bn::sprite_items::stage_4_meteors_small
                0x080eecfc                bn::sprite_items::stage_4_meteors_big
                0x080eed18                bn::sprite_items::stage_4_enemies_4
                0x080eed34                bn::sprite_items::stage_4_enemies_3_2
                0x080eed50                bn::sprite_items::stage_4_enemies_3_1
                0x080eed6c                bn::sprite_items::stage_4_enemies_2
                0x080eed88                bn::sprite_items::stage_4_enemies_1
                0x080eeda4                bn::sprite_items::stage_4_brain
                0x080eedc0                bn::sprite_items::stage_3_dragon_man
                0x080eeddc                bn::sprite_items::stage_3_monsters_2
                0x080eedf8                bn::sprite_items::stage_3_monsters_1
                0x080eee14                bn::sprite_items::stage_3_characters_2
                0x080eee30                bn::sprite_items::stage_3_characters_1