Archive member included to satisfy reference by file (symbol)

C:/devkitPro/libgba/lib\libmm.a(mm_mas.o)
                              bn_hw_audio.bn_noflto.o (mmStart)
C:/devkitPro/libgba/lib\libmm.a(mm_main.o)
                              C:/devkitPro/libgba/lib\libmm.a(mm_mas.o) (mmCallback)
C:/devkitPro/libgba/lib\libmm.a(mm_effect.o)
                              bn_hw_audio.bn_noflto.o (mmEffect)
C:/devkitPro/libgba/lib\libmm.a(mm_mas_arm.o)
                              C:/devkitPro/libgba/lib\libmm.a(mm_mas.o) (mmAllocChannel)
C:/devkitPro/libgba/lib\libmm.a(mm_mixer_gba.o)
                              bn_hw_audio.bn_noflto.o (mmVBlank)
C:/devkitPro/libgba/lib\libmm.a(mm_main_gba.o)
                              C:/devkitPro/libgba/lib\libmm.a(mm_mixer_gba.o) (mm_vblank_function)
C:/devkitPro/devkitARM/bin/../lib/gcc/arm-none-eabi/14.2.0/thumb\libgcc.a(_call_via_rX.o)
                              C:/devkitPro/libgba/lib\libmm.a(mm_main_gba.o) (_call_via_r1)
C:/devkitPro/devkitARM/bin/../lib/gcc/arm-none-eabi/14.2.0/thumb\libgcc.a(_aeabi_ldivmod.o)
                              bn_hw_text.o (__aeabi_ldivmod)
C:/devkitPro/devkitARM/bin/../lib/gcc/arm-none-eabi/14.2.0/thumb\libgcc.a(_aeabi_uldivmod.o)
                              bn_hw_text.o (__aeabi_uldivmod)
C:/devkitPro/devkitARM/bin/../lib/gcc/arm-none-eabi/14.2.0/thumb\libgcc.a(_sync_none.o)
                              (__sync_synchronize_none)
C:/devkitPro/devkitARM/bin/../lib/gcc/arm-none-eabi/14.2.0/thumb\libgcc.a(_udivmoddi4.o)
                              C:/devkitPro/devkitARM/bin/../lib/gcc/arm-none-eabi/14.2.0/thumb\libgcc.a(_aeabi_ldivmod.o) (__udivmoddi4)
C:/devkitPro/devkitARM/bin/../lib/gcc/arm-none-eabi/14.2.0/../../../../arm-none-eabi/lib/thumb\libg.a(libc_a-init.o)
                              C:/devkitPro/devkitARM/bin/../lib/gcc/arm-none-eabi/14.2.0/../../../../arm-none-eabi/lib/thumb/gba_crt0.o (__libc_init_array)
C:/devkitPro/devkitARM/bin/../lib/gcc/arm-none-eabi/14.2.0/../../../../arm-none-eabi/lib/thumb\libsysbase.a(libsysbase_libsysbase_a-malloc_vars.o)
                              C:/devkitPro/devkitARM/bin/../lib/gcc/arm-none-eabi/14.2.0/../../../../arm-none-eabi/lib/thumb/gba_crt0.o (fake_heap_end)

Discarded input sections

 .text          0x00000000        0x0 C:/devkitPro/devkitARM/bin/../lib/gcc/arm-none-eabi/14.2.0/../../../../arm-none-eabi/lib/thumb/gba_crt0.o
 .data          0x00000000        0x0 C:/devkitPro/devkitARM/bin/../lib/gcc/arm-none-eabi/14.2.0/../../../../arm-none-eabi/lib/thumb/gba_crt0.o
 .bss           0x00000000        0x0 C:/devkitPro/devkitARM/bin/../lib/gcc/arm-none-eabi/14.2.0/../../../../arm-none-eabi/lib/thumb/gba_crt0.o
 .text          0x00000000        0x0 C:/devkitPro/devkitARM/bin/../lib/gcc/arm-none-eabi/14.2.0/thumb/crti.o
 .data          0x00000000        0x0 C:/devkitPro/devkitARM/bin/../lib/gcc/arm-none-eabi/14.2.0/thumb/crti.o
 .bss           0x00000000        0x0 C:/devkitPro/devkitARM/bin/../lib/gcc/arm-none-eabi/14.2.0/thumb/crti.o
 .text          0x00000000        0x0 C:/devkitPro/devkitARM/bin/../lib/gcc/arm-none-eabi/14.2.0/thumb/crtbegin.o
 .data          0x00000000        0x0 C:/devkitPro/devkitARM/bin/../lib/gcc/arm-none-eabi/14.2.0/thumb/crtbegin.o
 .bss           0x00000000        0x0 C:/devkitPro/devkitARM/bin/../lib/gcc/arm-none-eabi/14.2.0/thumb/crtbegin.o
 .rodata.all_implied_fbits
                0x00000000       0x24 C:/devkitPro/devkitARM/bin/../lib/gcc/arm-none-eabi/14.2.0/thumb/crtbegin.o
 .data.__dso_handle
                0x00000000        0x4 C:/devkitPro/devkitARM/bin/../lib/gcc/arm-none-eabi/14.2.0/thumb/crtbegin.o
 .text          0x00000000        0x0 _bn_audio_soundbank.bin.o
 .data          0x00000000        0x0 _bn_audio_soundbank.bin.o
 .bss           0x00000000        0x0 _bn_audio_soundbank.bin.o
 .text          0x00000000        0x0 ball_bn_gfx.o
 .data          0x00000000        0x0 ball_bn_gfx.o
 .bss           0x00000000        0x0 ball_bn_gfx.o
 .text          0x00000000        0x0 bg_bn_gfx.o
 .data          0x00000000        0x0 bg_bn_gfx.o
 .bss           0x00000000        0x0 bg_bn_gfx.o
 .text          0x00000000        0x0 paddle_bn_gfx.o
 .data          0x00000000        0x0 paddle_bn_gfx.o
 .bss           0x00000000        0x0 paddle_bn_gfx.o
 .text          0x00000000        0x0 common_fixed_8x16_font_bn_gfx.o
 .data          0x00000000        0x0 common_fixed_8x16_font_bn_gfx.o
 .bss           0x00000000        0x0 common_fixed_8x16_font_bn_gfx.o
 .rodata        0x00000000     0x1ba0 common_fixed_8x16_font_bn_gfx.o
 .text          0x00000000        0x0 common_fixed_8x8_font_bn_gfx.o
 .data          0x00000000        0x0 common_fixed_8x8_font_bn_gfx.o
 .bss           0x00000000        0x0 common_fixed_8x8_font_bn_gfx.o
 .rodata        0x00000000      0xde0 common_fixed_8x8_font_bn_gfx.o
 .text          0x00000000        0x0 common_variable_16x16_font_bn_gfx.o
[...]
Memory Configuration

Name             Origin             Length             Attributes
rom              0x08000000         0x02000000
iwram            0x03000000         0x00008000
ewram            0x02000000         0x00040000
*default*        0x00000000         0xffffffff

Linker script and memory map

                0x00000000                        __sync_synchronize = __sync_synchronize_none
                0x08000000                        __text_start = ORIGIN (rom)
                0x02040000                        __eheap_end = (ORIGIN (ewram) + LENGTH (ewram))
                0x03000000                        __iwram_start = ORIGIN (iwram)
                0x03008000                        __iwram_top = (ORIGIN (iwram) + LENGTH (iwram))
                0x03007fa0                        __sp_irq = (__iwram_top - 0x60)
                0x03007f00                        __sp_usr = (__sp_irq - 0xa0)
                0x03007ff8                        __irq_flags = 0x3007ff8
                0x08000000                        . = __text_start

.crt0           0x08000000      0x210
 *(.crt0)
 .crt0          0x08000000      0x210 C:/devkitPro/devkitARM/bin/../lib/gcc/arm-none-eabi/14.2.0/../../../../arm-none-eabi/lib/thumb/gba_crt0.o
                0x08000000                _start
                0x080000c4                __boot_method
                0x080000c5                __slave_number
                0x080000e0                start_vector
                0x08000210                        . = ALIGN (0x4)

.init           0x08000210        0xc
 *(SORT_NONE(.init))
 .init          0x08000210        0x4 C:/devkitPro/devkitARM/bin/../lib/gcc/arm-none-eabi/14.2.0/thumb/crti.o
                0x08000210                _init
 .init          0x08000214        0x8 C:/devkitPro/devkitARM/bin/../lib/gcc/arm-none-eabi/14.2.0/thumb/crtn.o

.plt            0x0800021c        0x0
 *(.plt)
                0x0800021c                        . = ALIGN (0x4)

.text           0x08000220    0x15688
 *(EXCLUDE_FILE(*.iwram*) .text*)
 .text.__do_global_dtors_aux
                0x08000220       0x2c C:/devkitPro/devkitARM/bin/../lib/gcc/arm-none-eabi/14.2.0/thumb/crtbegin.o
 .text.frame_dummy
                0x0800024c       0x24 C:/devkitPro/devkitARM/bin/../lib/gcc/arm-none-eabi/14.2.0/thumb/crtbegin.o
 .text._ZN3_bn6assert9show_argsIJA19_ciA4_ciEEEvPKcS5_S5_iDpRKT_
                0x08000270       0x64 main.o
                0x08000270                void _bn::assert::show_args<char [19], int, char [4], int>(char const*, char const*, char const*, int, char const (&) [19], int const&, char const (&) [4], int const&)
 .text.startup.main
                0x080002d4      0x75c main.o
                0x080002d4                main
 .text._ZN3_bn6assert9show_argsIA16_ciEEvPKcS4_S4_iRKT_RKT0_
                0x08000a30       0x54 common_info.o
                0x08000a30                void _bn::assert::show_args<char [16], int>(char const*, char const*, char const*, int, char const (&) [16], int const&)
 .text._ZN3_bn6assert9show_argsIA15_ciEEvPKcS4_S4_iRKT_RKT0_
                0x08000a84       0x54 common_stats.o
                0x08000a84                void _bn::assert::show_args<char [15], int>(char const*, char const*, char const*, int, char const (&) [15], int const&)
 .text._ZN2bn13ostringstream6appendILi12EEEvNS_7fixed_tIXT_EEE
                0x08000ad8       0xa0 common_stats.o
                0x08000ad8                void bn::ostringstream::append<12>(bn::fixed_t<12>)
 .text._ZN2bn13audio_manager4initEv
                0x08000b78        0xc bn_audio_manager.o
                0x08000b78                bn::audio_manager::init()
 .text._ZN2bn13audio_manager7disableEv
                0x08000b84        0xc bn_audio_manager.o
                0x08000b84                bn::audio_manager::disable()
 .text._ZN2bn13audio_manager22disable_vblank_handlerEv
                0x08000b90        0xc bn_audio_manager.o
                0x08000b90                bn::audio_manager::disable_vblank_handler()
 .text._ZN2bn13audio_manager6updateEv
                0x08000b9c       0x18 bn_audio_manager.o
                0x08000b9c                bn::audio_manager::update()
 .text._ZN2bn13audio_manager6commitEv
                0x08000bb4        0xc bn_audio_manager.o
                0x08000bb4                bn::audio_manager::commit()
 .text._ZN3_bn6assert9show_argsIA18_ciEEvPKcS4_S4_iRKT_RKT0_
                0x08000bc0       0x54 bn_audio_manager.o
                0x08000bc0                void _bn::assert::show_args<char [18], int>(char const*, char const*, char const*, int, char const (&) [18], int const&)
 .text._ZN3_bn6assert9show_argsIA14_ciEEvPKcS4_S4_iRKT_RKT0_
                0x08000c14       0x54 bn_audio_manager.o
                0x08000c14                void _bn::assert::show_args<char [14], int>(char const*, char const*, char const*, int, char const (&) [14], int const&)
 .text._ZN2bn13audio_manager16execute_commandsEv
                0x08000c68      0x178 bn_audio_manager.o
                0x08000c68                bn::audio_manager::execute_commands()
 .text._ZN3_bn6assert9show_argsIA26_ciEEvPKcS4_S4_iRKT_RKT0_
                0x08000de0       0x54 bn_audio_manager.o
                0x08000de0                void _bn::assert::show_args<char [26], int>(char const*, char const*, char const*, int, char const (&) [26], int const&)
 .text._ZN3_bn6assert9show_argsIA33_cEEvPKcS4_S4_iRKT_
                0x08000e34       0x48 bn_audio_manager.o
                0x08000e34                void _bn::assert::show_args<char [33]>(char const*, char const*, char const*, int, char const (&) [33])
 .text._ZNK2bn10sound_item4playEv
                0x08000e7c       0x58 bn_audio_manager.o
                0x08000e7c                bn::sound_item::play() const
 .text._ZN3_bn6assert9show_argsIA25_cEEvPKcS4_S4_iRKT_
                0x08000ed4       0x48 bn_audio_manager.o
                0x08000ed4                void _bn::assert::show_args<char [25]>(char const*, char const*, char const*, int, char const (&) [25])
 .text._ZN2bn13audio_manager10stop_musicEv
                0x08000f1c       0x70 bn_audio_manager.o
                0x08000f1c                bn::audio_manager::stop_music()
 .text._ZN2bn13audio_manager4stopEv
                0x08000f8c       0x5c bn_audio_manager.o
                0x08000f8c                bn::audio_manager::stop()
 .text._ZN3_bn6assert9show_argsIA24_cEEvPKcS4_S4_iRKT_
                0x08000fe8       0x48 bn_audio_manager.o
                0x08000fe8                void _bn::assert::show_args<char [24]>(char const*, char const*, char const*, int, char const (&) [24])
 .text._ZN3_bn6assert9show_argsIA25_cN2bn7fixed_tILi12EEEEEvPKcS7_S7_iRKT_RKT0_
                0x08001030       0x54 bn_audio_manager.o
                0x08001030                void _bn::assert::show_args<char [25], bn::fixed_t<12> >(char const*, char const*, char const*, int, char const (&) [25], bn::fixed_t<12> const&)
 .text._ZNK2bn10music_item4playENS_7fixed_tILi12EEE
                0x08001084       0x9c bn_audio_manager.o
                0x08001084                bn::music_item::play(bn::fixed_t<12>) const
 .text.startup._GLOBAL__sub_I__ZN2bn5audio16update_on_vblankEv
                0x08001120       0x30 bn_audio_manager.o
 .text._ZN3_bn6assert9show_argsIA23_cEEvPKcS4_S4_iRKT_
                0x08001150       0x48 bn_best_fit_allocator.o
                0x08001150                void _bn::assert::show_args<char [23]>(char const*, char const*, char const*, int, char const (&) [23])
 .text._ZN2bn18best_fit_allocatorD2Ev
                0x08001198       0x34 bn_best_fit_allocator.o
                0x08001198                bn::best_fit_allocator::~best_fit_allocator()
                0x08001198                bn::best_fit_allocator::~best_fit_allocator()
 .text._ZN3_bn6assert9show_argsIA20_ciEEvPKcS4_S4_iRKT_RKT0_
                0x080011cc       0x54 bn_best_fit_allocator.o
                0x080011cc                void _bn::assert::show_args<char [20], int>(char const*, char const*, char const*, int, char const (&) [20], int const&)
 .text._ZN3_bn6assert9show_argsIA14_cEEvPKcS4_S4_iRKT_
                0x08001220       0x48 bn_best_fit_allocator.o
                0x08001220                void _bn::assert::show_args<char [14]>(char const*, char const*, char const*, int, char const (&) [14])
 .text._ZN3_bn6assert9show_argsIA21_cEEvPKcS4_S4_iRKT_
                0x08001268       0x48 bn_best_fit_allocator.o
                0x08001268                void _bn::assert::show_args<char [21]>(char const*, char const*, char const*, int, char const (&) [21])
 .text._ZN2bn18best_fit_allocator5resetEPvi
                0x080012b0       0xc0 bn_best_fit_allocator.o
                0x080012b0                bn::best_fit_allocator::reset(void*, int)
 .text._ZN2bn17bg_blocks_manager12_GLOBAL__N_125_regular_map_blocks_countEii
                0x08001370       0x38 bn_bg_blocks_manager.o
 .text._ZN2bn13ostringstream11append_argsIiJA4_ctEEEvRKT_DpRKT0_.isra.0
                0x080013a8       0x24 bn_bg_blocks_manager.o
 .text._ZN2bn13ostringstream11append_argsIiJA4_ciEEEvRKT_DpRKT0_.isra.0
                0x080013cc       0x24 bn_bg_blocks_manager.o
 .text._ZNK2bn18regular_bg_map_ptr2idEv
                0x080013f0       0x18 bn_bg_blocks_manager.o
                0x080013f0                bn::regular_bg_map_ptr::id() const
 .text._ZNK2bn18regular_bg_map_ptr10dimensionsEv
                0x08001408       0x20 bn_bg_blocks_manager.o
                0x08001408                bn::regular_bg_map_ptr::dimensions() const
 .text._ZNK2bn20regular_bg_tiles_ptr3cbbEv
                0x08001428       0x18 bn_bg_blocks_manager.o
                0x08001428                bn::regular_bg_tiles_ptr::cbb() const
 .text._ZNK2bn17affine_bg_map_ptr2idEv
                0x08001440       0x18 bn_bg_blocks_manager.o
                0x08001440                bn::affine_bg_map_ptr::id() const
 .text._ZNK2bn17affine_bg_map_ptr10dimensionsEv
                0x08001458       0x20 bn_bg_blocks_manager.o
                0x08001458                bn::affine_bg_map_ptr::dimensions() const
 .text._ZNK2bn19affine_bg_tiles_ptr3cbbEv
                0x08001478       0x18 bn_bg_blocks_manager.o
                0x08001478                bn::affine_bg_tiles_ptr::cbb() const
 .text._ZN2bn17bg_blocks_manager10log_statusEv
                0x08001490      0x41c bn_bg_blocks_manager.o
                0x08001490                bn::bg_blocks_manager::log_status()
 .text._ZN2bn17bg_blocks_manager15decrease_usagesEi
                0x080018ac       0x98 bn_bg_blocks_manager.o
                0x080018ac                bn::bg_blocks_manager::decrease_usages(int)
 .text._ZN2bn18regular_bg_map_ptrD2Ev
                0x08001944       0x18 bn_bg_blocks_manager.o
                0x08001944                bn::regular_bg_map_ptr::~regular_bg_map_ptr()
                0x08001944                bn::regular_bg_map_ptr::~regular_bg_map_ptr()
 .text._ZN2bn17bg_blocks_manager4initEv
                0x0800195c      0x1e8 bn_bg_blocks_manager.o
                0x0800195c                bn::bg_blocks_manager::init()
 .text._ZN2bn17bg_blocks_manager11must_commitEi
                0x08001b44       0x18 bn_bg_blocks_manager.o
                0x08001b44                bn::bg_blocks_manager::must_commit(int)
 .text._ZN3_bn6assert9show_argsIA27_ciEEvPKcS4_S4_iRKT_RKT0_
                0x08001b5c       0x54 bn_bg_blocks_manager.o
                0x08001b5c                void _bn::assert::show_args<char [27], int>(char const*, char const*, char const*, int, char const (&) [27], int const&)
 .text._ZN3_bn6assert9show_argsIJA22_ciA4_ciEEEvPKcS5_S5_iDpRKT_
                0x08001bb0       0x58 bn_bg_blocks_manager.o
                0x08001bb0                void _bn::assert::show_args<char [22], int, char [4], int>(char const*, char const*, char const*, int, char const (&) [22], int const&, char const (&) [4], int const&)
 .text._ZN3_bn6assert9show_argsIJA58_ciA4_ciEEEvPKcS5_S5_iDpRKT_
                0x08001c08       0x58 bn_bg_blocks_manager.o
                0x08001c08                void _bn::assert::show_args<char [58], int, char [4], int>(char const*, char const*, char const*, int, char const (&) [58], int const&, char const (&) [4], int const&)
 .text._ZN3_bn6assert9show_argsIA22_ciEEvPKcS4_S4_iRKT_RKT0_
                0x08001c60       0x54 bn_bg_blocks_manager.o
                0x08001c60                void _bn::assert::show_args<char [22], int>(char const*, char const*, char const*, int, char const (&) [22], int const&)
 .text._ZN3_bn6assert9show_argsIJA44_cPKtA4_cS4_EEEvPKcS7_S7_iDpRKT_
                0x08001cb4       0x64 bn_bg_blocks_manager.o
                0x08001cb4                void _bn::assert::show_args<char [44], unsigned short const*, char [4], unsigned short const*>(char const*, char const*, char const*, int, char const (&) [44], unsigned short const* const&, char const (&) [4], unsigned short const* const&)
 .text._ZN3_bn6assert9show_argsIJA46_ciA4_ciEEEvPKcS5_S5_iDpRKT_
                0x08001d18       0x58 bn_bg_blocks_manager.o
                0x08001d18                void _bn::assert::show_args<char [46], int, char [4], int>(char const*, char const*, char const*, int, char const (&) [46], int const&, char const (&) [4], int const&)
 .text._ZN3_bn6assert9show_argsIJA37_cbA4_cbEEEvPKcS5_S5_iDpRKT_
                0x08001d70       0x7c bn_bg_blocks_manager.o
                0x08001d70                void _bn::assert::show_args<char [37], bool, char [4], bool>(char const*, char const*, char const*, int, char const (&) [37], bool const&, char const (&) [4], bool const&)
 .text._ZN3_bn6assert9show_argsIA19_cEEvPKcS4_S4_iRKT_
                0x08001dec       0x48 bn_bg_blocks_manager.o
                0x08001dec                void _bn::assert::show_args<char [19]>(char const*, char const*, char const*, int, char const (&) [19])
 .text._ZN2bn17bg_blocks_manager12_GLOBAL__N_116_find_tiles_implEPKtNS_16compression_typeEib
                0x08001e34      0x1f0 bn_bg_blocks_manager.o
 .text._ZN3_bn6assert9show_argsIJA34_ciA4_ctEEEvPKcS5_S5_iDpRKT_
                0x08002024       0x58 bn_bg_blocks_manager.o
                0x08002024                void _bn::assert::show_args<char [34], int, char [4], unsigned short>(char const*, char const*, char const*, int, char const (&) [34], int const&, char const (&) [4], unsigned short const&)
 .text._ZN3_bn6assert9show_argsIJA36_ciA4_ctEEEvPKcS5_S5_iDpRKT_
                0x0800207c       0x58 bn_bg_blocks_manager.o
                0x0800207c                void _bn::assert::show_args<char [36], int, char [4], unsigned short>(char const*, char const*, char const*, int, char const (&) [36], int const&, char const (&) [4], unsigned short const&)
 .text._ZN3_bn6assert9show_argsIJA54_ciA4_ciEEEvPKcS5_S5_iDpRKT_
                0x080020d4       0x58 bn_bg_blocks_manager.o
                0x080020d4                void _bn::assert::show_args<char [54], int, char [4], int>(char const*, char const*, char const*, int, char const (&) [54], int const&, char const (&) [4], int const&)
 .text._ZN3_bn6assert9show_argsIA22_cEEvPKcS4_S4_iRKT_
                0x0800212c       0x48 bn_bg_blocks_manager.o
                0x0800212c                void _bn::assert::show_args<char [22]>(char const*, char const*, char const*, int, char const (&) [22])
 .text._ZNK2bn18regular_bg_map_ptr5tilesEv
                0x08002174       0x48 bn_bg_blocks_manager.o
                0x08002174                bn::regular_bg_map_ptr::tiles() const
 .text._ZNK2bn17affine_bg_map_ptr5tilesEv
                0x080021bc       0x48 bn_bg_blocks_manager.o
                0x080021bc                bn::affine_bg_map_ptr::tiles() const
 .text._ZNK2bn18regular_bg_map_ptr3bppEv
                0x08002204       0x4c bn_bg_blocks_manager.o
                0x08002204                bn::regular_bg_map_ptr::bpp() const
 .text._ZN2bn17bg_blocks_manager21update_affine_map_rowEiii
                0x08002250      0x108 bn_bg_blocks_manager.o
                0x08002250                bn::bg_blocks_manager::update_affine_map_row(int, int, int)
 .text._ZN2bn17bg_blocks_manager23set_affine_map_positionEiii
                0x08002358      0x1d0 bn_bg_blocks_manager.o
                0x08002358                bn::bg_blocks_manager::set_affine_map_position(int, int, int)
 .text._ZN2bn17bg_blocks_manager21update_affine_map_colEiii
                0x08002528      0x264 bn_bg_blocks_manager.o
                0x08002528                bn::bg_blocks_manager::update_affine_map_col(int, int, int)
 .text._ZN2bn17bg_blocks_manager22update_regular_map_colEiii
                0x0800278c      0x184 bn_bg_blocks_manager.o
                0x0800278c                bn::bg_blocks_manager::update_regular_map_col(int, int, int)
 .text._ZN2bn17bg_blocks_manager22update_regular_map_rowEiii
                0x08002910      0x14c bn_bg_blocks_manager.o
                0x08002910                bn::bg_blocks_manager::update_regular_map_row(int, int, int)
 .text._ZN2bn17bg_blocks_manager24set_regular_map_positionEiii
                0x08002a5c      0x1d0 bn_bg_blocks_manager.o
                0x08002a5c                bn::bg_blocks_manager::set_regular_map_position(int, int, int)
 .text._ZN2bn17bg_blocks_manager12_GLOBAL__N_112_commit_itemERKNS1_9item_typeE
                0x08002c2c      0x2a8 bn_bg_blocks_manager.o
 .text._ZN2bn17bg_blocks_manager6commitEv
                0x08002ed4       0x40 bn_bg_blocks_manager.o
                0x08002ed4                bn::bg_blocks_manager::commit()
 .text._ZN3_bn6assert9show_argsIJA34_ciA4_ciEEEvPKcS5_S5_iDpRKT_
                0x08002f14       0x58 bn_bg_blocks_manager.o
                0x08002f14                void _bn::assert::show_args<char [34], int, char [4], int>(char const*, char const*, char const*, int, char const (&) [34], int const&, char const (&) [4], int const&)
 .text._ZN3_bn6assert9show_argsIJA38_ciA4_ciEEEvPKcS5_S5_iDpRKT_
                0x08002f6c       0x58 bn_bg_blocks_manager.o
                0x08002f6c                void _bn::assert::show_args<char [38], int, char [4], int>(char const*, char const*, char const*, int, char const (&) [38], int const&, char const (&) [4], int const&)
 .text._ZN2bn17bg_blocks_manager12_GLOBAL__N_122_find_regular_map_implERKNS_19regular_bg_map_itemERKNS_20regular_bg_tiles_ptrERKNS_14bg_palette_ptrE
                0x08002fc4      0x394 bn_bg_blocks_manager.o
 .text._ZN3_bn6assert9show_argsIJA32_cA15_cPKtA16_ciA17_ciA34_cN2bn11string_viewEEEEvPKcSC_SC_iDpRKT_
                0x08003358       0x90 bn_bg_blocks_manager.o
                0x08003358                void _bn::assert::show_args<char [32], char [15], unsigned short const*, char [16], int, char [17], int, char [34], bn::string_view>(char const*, char const*, char const*, int, char const (&) [32], char const (&) [15], unsigned short const* const&, char const (&) [16], int const&, char const (&) [17], int const&, char const (&) [34], bn::string_view const&)
 .text._ZN3_bn6assert9show_argsIA26_cEEvPKcS4_S4_iRKT_
                0x080033e8       0x48 bn_bg_blocks_manager.o
                0x080033e8                void _bn::assert::show_args<char [26]>(char const*, char const*, char const*, int, char const (&) [26])
 .text._ZN3_bn6assert9show_argsIA46_cEEvPKcS4_S4_iRKT_
                0x08003430       0x48 bn_bg_blocks_manager.o
                0x08003430                void _bn::assert::show_args<char [46]>(char const*, char const*, char const*, int, char const (&) [46])
 .text._ZN3_bn6assert9show_argsIJA30_cA13_cPKtA14_ciA15_ciA17_ciA34_cN2bn11string_viewEEEEvPKcSD_SD_iDpRKT_
                0x08003478       0xa0 bn_bg_blocks_manager.o
                0x08003478                void _bn::assert::show_args<char [30], char [13], unsigned short const*, char [14], int, char [15], int, char [17], int, char [34], bn::string_view>(char const*, char const*, char const*, int, char const (&) [30], char const (&) [13], unsigned short const* const&, char const (&) [14], int const&, char const (&) [15], int const&, char const (&) [17], int const&, char const (&) [34], bn::string_view const&)
 .text._ZN3_bn6assert9show_argsIA17_cEEvPKcS4_S4_iRKT_
                0x08003518       0x48 bn_bg_blocks_manager.o
                0x08003518                void _bn::assert::show_args<char [17]>(char const*, char const*, char const*, int, char const (&) [17])
 .text._ZN2bn13ostringstream11append_argsIA4_cJiEEEvRKT_DpRKT0_
                0x08003560       0x18 bn_bg_blocks_manager.o
                0x08003560                void bn::ostringstream::append_args<char [4], int>(char const (&) [4], int const&)
 .text._ZN3_bn6assert9show_argsIJA39_cPKN2bn4tileEA4_ciEEEvPKcS9_S9_iDpRKT_
                0x08003578       0x5c bn_bg_blocks_manager.o
                0x08003578                void _bn::assert::show_args<char [39], bn::tile const*, char [4], int>(char const*, char const*, char const*, int, char const (&) [39], bn::tile const* const&, char const (&) [4], int const&)
 .text._ZN3_bn6assert9show_argsIA25_ciEEvPKcS4_S4_iRKT_RKT0_
                0x080035d4       0x54 bn_bg_blocks_manager.o
                0x080035d4                void _bn::assert::show_args<char [25], int>(char const*, char const*, char const*, int, char const (&) [25], int const&)
 .text._ZN2bn14iunordered_mapIPKviNS_17bg_blocks_manager12_GLOBAL__N_115identity_hasherENS_8equal_toIS2_EEE5eraseERKNS8_14const_iteratorE.constprop.0.isra.0
                0x08003628      0x1a8 bn_bg_blocks_manager.o
 .text._ZN2bn17bg_blocks_manager6updateEv
                0x080037d0      0x33c bn_bg_blocks_manager.o
                0x080037d0                bn::bg_blocks_manager::update()
 .text._ZN2bn17bg_blocks_manager12_GLOBAL__N_112_create_itemEiibONS1_11create_dataE
                0x08003b0c      0x95c bn_bg_blocks_manager.o
 .text._ZN2bn17bg_blocks_manager12_GLOBAL__N_112_create_implEONS1_11create_dataE
                0x08004468      0x1fc bn_bg_blocks_manager.o
 .text._ZN2bn17bg_blocks_manager20create_regular_tilesERKNS_21regular_bg_tiles_itemEb
                0x08004664      0x148 bn_bg_blocks_manager.o
                0x08004664                bn::bg_blocks_manager::create_regular_tiles(bn::regular_bg_tiles_item const&, bool)
 .text._ZN2bn17bg_blocks_manager18create_regular_mapERKNS_19regular_bg_map_itemEONS_20regular_bg_tiles_ptrEONS_14bg_palette_ptrEb
                0x080047ac      0x2a0 bn_bg_blocks_manager.o
                0x080047ac                bn::bg_blocks_manager::create_regular_map(bn::regular_bg_map_item const&, bn::regular_bg_tiles_ptr&&, bn::bg_palette_ptr&&, bool)
 .text._ZN2bn18regular_bg_map_ptr6createERKNS_15regular_bg_itemE
                0x08004a4c       0x54 bn_bg_blocks_manager.o
                0x08004a4c                bn::regular_bg_map_ptr::create(bn::regular_bg_item const&)
 .text.startup._GLOBAL__sub_I__ZN2bn7bg_maps16used_cells_countEv
                0x08004aa0       0x98 bn_bg_blocks_manager.o
 .text.exit._GLOBAL__sub_D__ZN2bn7bg_maps16used_cells_countEv
                0x08004b38       0x50 bn_bg_blocks_manager.o
 .text._ZN2bn11bgs_manager12_GLOBAL__N_129_check_unique_regular_big_mapERNS1_9item_typeE
                0x08004b88       0x68 bn_bgs_manager.o
 .text._ZN2bn11bgs_manager12_GLOBAL__N_133_update_item_hw_affine_attributesERKNS1_9item_typeE
                0x08004bf0       0x48 bn_bgs_manager.o
 .text._ZN2bn13ostringstream11append_argsIiJA4_ciEEEvRKT_DpRKT0_.isra.0
                0x08004c38       0x24 bn_bgs_manager.o
 .text._ZN2bn11bgs_manager5hw_idEPv
                0x08004c5c        0x8 bn_bgs_manager.o
                0x08004c5c                bn::bgs_manager::hw_id(void*)
 .text._ZN2bn11bgs_manager11hw_positionEPv
                0x08004c64        0x4 bn_bgs_manager.o
                0x08004c64                bn::bgs_manager::hw_position(void*)
 .text._ZN2bn11bgs_manager14mat_attributesEPv
                0x08004c68        0x4 bn_bgs_manager.o
                0x08004c68                bn::bgs_manager::mat_attributes(void*)
 .text._ZN2bn11bgs_manager20update_windows_flagsEPj
                0x08004c6c       0x7c bn_bgs_manager.o
                0x08004c6c                bn::bgs_manager::update_windows_flags(unsigned int*)
 .text._ZN2bn11bgs_manager36fill_hblank_effect_regular_positionsEiPKNS_7fixed_tILi12EEEPt
                0x08004ce8       0x38 bn_bgs_manager.o
                0x08004ce8                bn::bgs_manager::fill_hblank_effect_regular_positions(int, bn::fixed_t<12> const*, unsigned short*)
 .text._ZN2bn11bgs_manager45fill_hblank_effect_pivot_horizontal_positionsEPvPKNS_7fixed_tILi12EEEPj
                0x08004d20       0x24 bn_bgs_manager.o
                0x08004d20                bn::bgs_manager::fill_hblank_effect_pivot_horizontal_positions(void*, bn::fixed_t<12> const*, unsigned int*)
 .text._ZN2bn11bgs_manager43fill_hblank_effect_pivot_vertical_positionsEPvPKNS_7fixed_tILi12EEEPj
                0x08004d44       0x24 bn_bgs_manager.o
                0x08004d44                bn::bgs_manager::fill_hblank_effect_pivot_vertical_positions(void*, bn::fixed_t<12> const*, unsigned int*)
 .text._ZN2bn11bgs_manager6commitEb
                0x08004d68       0x58 bn_bgs_manager.o
                0x08004d68                bn::bgs_manager::commit(bool)
 .text._ZN2bn11bgs_manager4stopEv
                0x08004dc0       0x28 bn_bgs_manager.o
                0x08004dc0                bn::bgs_manager::stop()
 .text._ZN3_bn6assert9show_argsIA17_ciEEvPKcS4_S4_iRKT_RKT0_
                0x08004de8       0x54 bn_bgs_manager.o
                0x08004de8                void _bn::assert::show_args<char [17], int>(char const*, char const*, char const*, int, char const (&) [17], int const&)
 .text._ZN3_bn6assert9show_argsIA30_cEEvPKcS4_S4_iRKT_
                0x08004e3c       0x48 bn_bgs_manager.o
                0x08004e3c                void _bn::assert::show_args<char [30]>(char const*, char const*, char const*, int, char const (&) [30])
 .text._ZN3_bn6assert9show_argsIJA60_ciA4_ciEEEvPKcS5_S5_iDpRKT_
                0x08004e84       0x58 bn_bgs_manager.o
                0x08004e84                void _bn::assert::show_args<char [60], int, char [4], int>(char const*, char const*, char const*, int, char const (&) [60], int const&, char const (&) [4], int const&)
 .text._ZN3_bn6assert9show_argsIJA59_ciA4_ciEEEvPKcS5_S5_iDpRKT_
                0x08004edc       0x58 bn_bgs_manager.o
                0x08004edc                void _bn::assert::show_args<char [59], int, char [4], int>(char const*, char const*, char const*, int, char const (&) [59], int const&, char const (&) [4], int const&)
 .text._ZN3_bn6assert9show_argsIJA57_ciA4_ciEEEvPKcS5_S5_iDpRKT_
                0x08004f34       0x58 bn_bgs_manager.o
                0x08004f34                void _bn::assert::show_args<char [57], int, char [4], int>(char const*, char const*, char const*, int, char const (&) [57], int const&, char const (&) [4], int const&)
 .text._ZN2bn11bgs_manager14update_camerasEv
                0x08004f8c      0x2b4 bn_bgs_manager.o
                0x08004f8c                bn::bgs_manager::update_cameras()
 .text._ZN3_bn6assert9show_argsIA27_cEEvPKcS4_S4_iRKT_
                0x08005240       0x48 bn_bgs_manager.o
                0x08005240                void _bn::assert::show_args<char [27]>(char const*, char const*, char const*, int, char const (&) [27])
 .text._ZN3_bn6assert9show_argsIA31_cEEvPKcS4_S4_iRKT_
                0x08005288       0x48 bn_bgs_manager.o
                0x08005288                void _bn::assert::show_args<char [31]>(char const*, char const*, char const*, int, char const (&) [31])
 .text._ZN2bn11bgs_manager15rebuild_handlesEv.part.0
                0x080052d0      0x19c bn_bgs_manager.o
 .text._ZN2bn18regular_bg_builder11release_mapEv
                0x0800546c       0x78 bn_bgs_manager.o
                0x0800546c                bn::regular_bg_builder::release_map()
 .text._ZN2bn11bgs_manager37fill_hblank_effect_regular_attributesEPvPKNS_21regular_bg_attributesEPt
                0x080054e4      0x104 bn_bgs_manager.o
                0x080054e4                bn::bgs_manager::fill_hblank_effect_regular_attributes(void*, bn::regular_bg_attributes const*, unsigned short*)
 .text._ZN2bn11bgs_manager6updateEv
                0x080055e8      0x1b0 bn_bgs_manager.o
                0x080055e8                bn::bgs_manager::update()
 .text._ZN2bn11bgs_manager15commit_big_mapsEv
                0x08005798      0x1d0 bn_bgs_manager.o
                0x08005798                bn::bgs_manager::commit_big_maps()
 .text._ZN2bn11bgs_manager36fill_hblank_effect_affine_attributesEPvPKNS_20affine_bg_attributesEPt
                0x08005968      0x108 bn_bgs_manager.o
                0x08005968                bn::bgs_manager::fill_hblank_effect_affine_attributes(void*, bn::affine_bg_attributes const*, unsigned short*)
 .text._ZN2bn11bgs_manager12_GLOBAL__N_19item_type18update_regular_mapEv
                0x08005a70      0x228 bn_bgs_manager.o
 .text._ZN2bn11bgs_manager10affine_mapEPv
                0x08005c98       0x34 bn_bgs_manager.o
                0x08005c98                bn::bgs_manager::affine_map(void*)
 .text._ZN2bn11bgs_manager11regular_mapEPv
                0x08005ccc       0x34 bn_bgs_manager.o
                0x08005ccc                bn::bgs_manager::regular_map(void*)
 .text._ZN3_bn6assert9show_argsIA15_cEEvPKcS4_S4_iRKT_
                0x08005d00       0x48 bn_bgs_manager.o
                0x08005d00                void _bn::assert::show_args<char [15]>(char const*, char const*, char const*, int, char const (&) [15])
 .text._ZN2bn11bgs_manager12_GLOBAL__N_112_insert_itemERNS1_9item_typeE
                0x08005d48      0x104 bn_bgs_manager.o
 .text._ZN3_bn6assert9show_argsIA13_cEEvPKcS4_S4_iRKT_
                0x08005e4c       0x48 bn_bgs_manager.o
                0x08005e4c                void _bn::assert::show_args<char [13]>(char const*, char const*, char const*, int, char const (&) [13])
 .text._ZN2bn11bgs_manager6createEONS_18regular_bg_builderE
                0x08005e94      0x1dc bn_bgs_manager.o
                0x08005e94                bn::bgs_manager::create(bn::regular_bg_builder&&)
 .text._ZNK2bn15regular_bg_item9create_bgENS_7fixed_tILi12EEES2_
                0x08006070       0x74 bn_bgs_manager.o
                0x08006070                bn::regular_bg_item::create_bg(bn::fixed_t<12>, bn::fixed_t<12>) const
 .text.startup._GLOBAL__sub_I__ZN2bn3bgs16used_items_countEv
                0x080060e4       0x80 bn_bgs_manager.o
 .text.exit._GLOBAL__sub_D__ZN2bn3bgs16used_items_countEv
                0x08006164       0x14 bn_bgs_manager.o
 .text._ZN2bn10camera_ptrD2Ev
                0x08006178       0x38 bn_cameras_manager.o
                0x08006178                bn::camera_ptr::~camera_ptr()
                0x08006178                bn::camera_ptr::~camera_ptr()
 .text._ZNK2bn10camera_ptr8positionEv
                0x080061b0       0x14 bn_cameras_manager.o
                0x080061b0                bn::camera_ptr::position() const
 .text._ZN2bn15cameras_manager4initEv
                0x080061c4       0x10 bn_cameras_manager.o
                0x080061c4                bn::cameras_manager::init()
 .text._ZN2bn15cameras_manager6updateEv
                0x080061d4       0x28 bn_cameras_manager.o
                0x080061d4                bn::cameras_manager::update()
 .text._ZN2bn4core12_GLOBAL__N_111update_implEv
                0x080061fc       0xb0 bn_core.o
 .text._ZN2bn4core12_GLOBAL__N_14stopEb.constprop.0
                0x080062ac       0x40 bn_core.o
 .text._ZN2bn11string_viewC2EPKc
                0x080062ec       0x1c bn_core.o
                0x080062ec                bn::string_view::string_view(char const*)
                0x080062ec                bn::string_view::string_view(char const*)
 .text._ZN2bn4core6updateEv
                0x08006308       0x80 bn_core.o
                0x08006308                bn::core::update()
 .text._ZN2bn4core4initERKNS_11string_viewE
                0x08006388       0x94 bn_core.o
                0x08006388                bn::core::init(bn::string_view const&)
 .text._ZN2bn4core4initEv
                0x0800641c       0x18 bn_core.o
                0x0800641c                bn::core::init()
 .text._ZN2bn4core9on_vblankEv
                0x08006434       0x28 bn_core.o
                0x08006434                bn::core::on_vblank()
 .text._ZN3_bn6assert4showEPKcS2_S2_iRKN2bn12istring_baseE
                0x0800645c       0x60 bn_core.o
                0x0800645c                _bn::assert::show(char const*, char const*, char const*, int, bn::istring_base const&)
 .text.startup._GLOBAL__sub_I__ZN2bn4core4initEv
                0x080064bc       0x40 bn_core.o
 .text._ZN2bn15display_manager12_GLOBAL__N_134_update_rect_windows_hw_boundariesEi
                0x080064fc       0x88 bn_display_manager.o
 .text._ZN2bn15display_manager4initEv
                0x08006584       0x40 bn_display_manager.o
                0x08006584                bn::display_manager::init()
 .text._ZN2bn15display_manager8set_modeEi
                0x080065c4       0x1c bn_display_manager.o
                0x080065c4                bn::display_manager::set_mode(int)
 .text._ZN2bn15display_manager14set_bg_enabledEib
                0x080065e0       0x1c bn_display_manager.o
                0x080065e0                bn::display_manager::set_bg_enabled(int, bool)
 .text._ZN2bn15display_manager15disable_all_bgsEv
                0x080065fc       0x18 bn_display_manager.o
                0x080065fc                bn::display_manager::disable_all_bgs()
 .text._ZN2bn15display_manager36fill_mosaic_hblank_effect_attributesEPKNS_17mosaic_attributesEPt
                0x08006614       0xb4 bn_display_manager.o
                0x08006614                bn::display_manager::fill_mosaic_hblank_effect_attributes(bn::mosaic_attributes const*, unsigned short*)
 .text._ZN2bn15display_manager23set_blending_bg_enabledEib
                0x080066c8       0x14 bn_display_manager.o
                0x080066c8                bn::display_manager::set_blending_bg_enabled(int, bool)
 .text._ZN2bn15display_manager32blending_transparency_top_weightEv
                0x080066dc       0x18 bn_display_manager.o
                0x080066dc                bn::display_manager::blending_transparency_top_weight()
 .text._ZN2bn15display_manager35blending_transparency_bottom_weightEv
                0x080066f4       0x28 bn_display_manager.o
                0x080066f4                bn::display_manager::blending_transparency_bottom_weight()
 .text._ZN2bn15display_manager51fill_blending_transparency_hblank_effect_attributesEPKNS_32blending_transparency_attributesEPt
                0x0800671c       0x30 bn_display_manager.o
                0x0800671c                bn::display_manager::fill_blending_transparency_hblank_effect_attributes(bn::blending_transparency_attributes const*, unsigned short*)
 .text._ZN2bn15display_manager21blending_fade_enabledEv
                0x0800674c       0x10 bn_display_manager.o
                0x0800674c                bn::display_manager::blending_fade_enabled()
 .text._ZN2bn15display_manager39fill_blending_fade_hblank_effect_alphasEPKNS_19blending_fade_alphaEPt
                0x0800675c       0x24 bn_display_manager.o
                0x0800675c                bn::display_manager::fill_blending_fade_hblank_effect_alphas(bn::blending_fade_alpha const*, unsigned short*)
 .text._ZN2bn15display_manager26update_windows_visible_bgsEv
                0x08006780       0x10 bn_display_manager.o
                0x08006780                bn::display_manager::update_windows_visible_bgs()
 .text._ZN2bn15display_manager36rect_window_hw_horizontal_boundariesEi
                0x08006790       0x18 bn_display_manager.o
                0x08006790                bn::display_manager::rect_window_hw_horizontal_boundaries(int)
 .text._ZN2bn15display_manager34rect_window_hw_vertical_boundariesEi
                0x080067a8       0x18 bn_display_manager.o
                0x080067a8                bn::display_manager::rect_window_hw_vertical_boundaries(int)
 .text._ZN2bn15display_manager52fill_rect_window_hblank_effect_horizontal_boundariesERKNS_4pairIiiEEPKNS1_INS_7fixed_tILi12EEES6_EEPt
                0x080067c0      0x134 bn_display_manager.o
                0x080067c0                bn::display_manager::fill_rect_window_hblank_effect_horizontal_boundaries(bn::pair<int, int> const&, bn::pair<bn::fixed_t<12>, bn::fixed_t<12> > const*, unsigned short*)
 .text._ZN2bn15display_manager50fill_rect_window_hblank_effect_vertical_boundariesERKNS_4pairIiiEEPKNS1_INS_7fixed_tILi12EEES6_EEPt
                0x080068f4      0x134 bn_display_manager.o
                0x080068f4                bn::display_manager::fill_rect_window_hblank_effect_vertical_boundaries(bn::pair<int, int> const&, bn::pair<bn::fixed_t<12>, bn::fixed_t<12> > const*, unsigned short*)
 .text._ZN2bn15display_manager36fill_green_swap_hblank_effect_statesEPKbPt
                0x08006a28       0x38 bn_display_manager.o
                0x08006a28                bn::display_manager::fill_green_swap_hblank_effect_states(bool const*, unsigned short*)
 .text._ZN2bn15display_manager14update_camerasEv
                0x08006a60       0x40 bn_display_manager.o
                0x08006a60                bn::display_manager::update_cameras()
 .text._ZN2bn15display_manager6updateEv
                0x08006aa0      0x204 bn_display_manager.o
                0x08006aa0                bn::display_manager::update()
 .text._ZN2bn15display_manager6commitEv
                0x08006ca4      0x164 bn_display_manager.o
                0x08006ca4                bn::display_manager::commit()
 .text._ZN2bn15display_manager4stopEv
                0x08006e08       0x28 bn_display_manager.o
                0x08006e08                bn::display_manager::stop()
 .text._ZN3_bn6assert9show_argsIA66_cEEvPKcS4_S4_iRKT_
                0x08006e30       0x48 bn_display_manager.o
                0x08006e30                void _bn::assert::show_args<char [66]>(char const*, char const*, char const*, int, char const (&) [66])
 .text.startup._GLOBAL__sub_I__ZNK2bn6window7show_bgERKNS_14regular_bg_ptrE
                0x08006e78       0x7c bn_display_manager.o
 .text.exit._GLOBAL__sub_D__ZNK2bn6window7show_bgERKNS_14regular_bg_ptrE
                0x08006ef4       0x38 bn_display_manager.o
 .text._ZN2bn18igeneric_pool_baseC2EPci
                0x08006f2c       0x10 bn_generic_pool.o
                0x08006f2c                bn::igeneric_pool_base::igeneric_pool_base(char*, int)
                0x08006f2c                bn::igeneric_pool_base::igeneric_pool_base(char*, int)
 .text._ZN2bn18igeneric_pool_base5_freeEPc
                0x08006f3c       0x10 bn_generic_pool.o
                0x08006f3c                bn::igeneric_pool_base::_free(char*)
 .text._ZN3_bn6assert9show_argsIA18_cEEvPKcS4_S4_iRKT_
                0x08006f4c       0x48 bn_generic_pool.o
                0x08006f4c                void _bn::assert::show_args<char [18]>(char const*, char const*, char const*, int, char const (&) [18])
 .text._ZN2bn18igeneric_pool_baseD2Ev
                0x08006f94       0x30 bn_generic_pool.o
                0x08006f94                bn::igeneric_pool_base::~igeneric_pool_base()
                0x08006f94                bn::igeneric_pool_base::~igeneric_pool_base()
 .text._ZN2bn18igeneric_pool_base9_allocateEv
                0x08006fc4       0x48 bn_generic_pool.o
                0x08006fc4                bn::igeneric_pool_base::_allocate()
 .text._ZN2bn12gpio_manager6commitEv
                0x0800700c       0x48 bn_gpio_manager.o
                0x0800700c                bn::gpio_manager::commit()
 .text._ZN2bn12gpio_manager4stopEv
                0x08007054       0x3c bn_gpio_manager.o
                0x08007054                bn::gpio_manager::stop()
 .text._ZN2bn22hblank_effects_manager12_GLOBAL__N_19item_type18_output_values_ptrEv
                0x08007090       0x40 bn_hblank_effects_manager.o
 .text._ZN2bn7type_idINS_4pairIiiEEEENS_9type_id_tEv
                0x080070d0        0x8 bn_hblank_effects_manager.o
                0x080070d0                bn::type_id_t bn::type_id<bn::pair<int, int> >()
 .text._ZN2bn7type_idINS_33regular_bg_attributes_hbe_handler15last_value_typeEEENS_9type_id_tEv
                0x080070d8        0x8 bn_hblank_effects_manager.o
                0x080070d8                bn::type_id_t bn::type_id<bn::regular_bg_attributes_hbe_handler::last_value_type>()
 .text._ZN2bn7type_idINS_32affine_bg_attributes_hbe_handler15last_value_typeEEENS_9type_id_tEv
                0x080070e0        0x8 bn_hblank_effects_manager.o
                0x080070e0                bn::type_id_t bn::type_id<bn::affine_bg_attributes_hbe_handler::last_value_type>()
 .text._ZN2bn7type_idIiEENS_9type_id_tEv
                0x080070e8        0x8 bn_hblank_effects_manager.o
                0x080070e8                bn::type_id_t bn::type_id<int>()
 .text._ZN2bn7type_idINS_47affine_bg_pivot_horizontal_position_hbe_handler15last_value_typeEEENS_9type_id_tEv
                0x080070f0        0x8 bn_hblank_effects_manager.o
                0x080070f0                bn::type_id_t bn::type_id<bn::affine_bg_pivot_horizontal_position_hbe_handler::last_value_type>()
 .text._ZN2bn7type_idINS_45affine_bg_pivot_vertical_position_hbe_handler15last_value_typeEEENS_9type_id_tEv
                0x080070f8        0x8 bn_hblank_effects_manager.o
                0x080070f8                bn::type_id_t bn::type_id<bn::affine_bg_pivot_vertical_position_hbe_handler::last_value_type>()
 .text._ZN2bn7type_idINS_35sprite_first_attributes_hbe_handler15last_value_typeEEENS_9type_id_tEv
                0x08007100        0x8 bn_hblank_effects_manager.o
                0x08007100                bn::type_id_t bn::type_id<bn::sprite_first_attributes_hbe_handler::last_value_type>()
 .text._ZN2bn7type_idINS_35sprite_second_attributes_last_valueEEENS_9type_id_tEv
                0x08007108        0x8 bn_hblank_effects_manager.o
                0x08007108                bn::type_id_t bn::type_id<bn::sprite_second_attributes_last_value>()
 .text._ZN2bn7type_idINS_17sprite_shape_sizeEEENS_9type_id_tEv
                0x08007110        0x8 bn_hblank_effects_manager.o
                0x08007110                bn::type_id_t bn::type_id<bn::sprite_shape_size>()
 .text._ZN2bn22hblank_effects_manager7disableEv
                0x08007118       0x24 bn_hblank_effects_manager.o
                0x08007118                bn::hblank_effects_manager::disable()
 .text._ZN2bn22hblank_effects_manager6commitEv
                0x0800713c       0x74 bn_hblank_effects_manager.o
                0x0800713c                bn::hblank_effects_manager::commit()
 .text._ZN2bn22hblank_effects_manager12_GLOBAL__N_110_is_uint32ENS0_12handler_typeE
                0x080071b0       0x64 bn_hblank_effects_manager.o
 .text._ZN2bn22hblank_effects_manager12_GLOBAL__N_19item_type12check_updateEv
                0x08007214     0x1ad8 bn_hblank_effects_manager.o
 .text._ZN2bn22hblank_effects_manager6updateEv
                0x08008cec      0x1ec bn_hblank_effects_manager.o
                0x08008cec                bn::hblank_effects_manager::update()
 .text._ZN2bn22hblank_effects_manager4initEv
                0x08008ed8       0xd4 bn_hblank_effects_manager.o
                0x08008ed8                bn::hblank_effects_manager::init()
 .text._ZN3_bn6assert9show_argsIJA39_cPKN2bn5colorEA4_ciEEEvPKcS9_S9_iDpRKT_
                0x08008fac       0x5c bn_hblank_effects_manager.o
                0x08008fac                void _bn::assert::show_args<char [39], bn::color const*, char [4], int>(char const*, char const*, char const*, int, char const (&) [39], bn::color const* const&, char const (&) [4], int const&)
 .text.startup._GLOBAL__sub_I__ZN2bn4hbes10used_countEv
                0x08009008       0xfc bn_hblank_effects_manager.o
 .text.exit._GLOBAL__sub_D__ZN2bn4hbes10used_countEv
                0x08009104       0x3c bn_hblank_effects_manager.o
 .text._ZN2bn12hdma_manager7disableEv
                0x08009140       0x30 bn_hdma_manager.o
                0x08009140                bn::hdma_manager::disable()
 .text._ZN2bn12hdma_manager10force_stopEv
                0x08009170       0x3c bn_hdma_manager.o
                0x08009170                bn::hdma_manager::force_stop()
 .text._ZN2bn12hdma_manager6updateEv
                0x080091ac       0x6c bn_hdma_manager.o
                0x080091ac                bn::hdma_manager::update()
 .text._ZN2bn12hdma_manager6commitEb
                0x08009218      0x118 bn_hdma_manager.o
                0x08009218                bn::hdma_manager::commit(bool)
 .text.startup._GLOBAL__sub_I__ZN2bn4hdma7runningEv
                0x08009330       0x34 bn_hdma_manager.o
 .text._ZN2bn6keypad9a_pressedEv
                0x08009364       0x10 bn_keypad_manager.o
                0x08009364                bn::keypad::a_pressed()
 .text._ZN2bn6keypad9b_pressedEv
                0x08009374       0x10 bn_keypad_manager.o
                0x08009374                bn::keypad::b_pressed()
 .text._ZN2bn6keypad10right_heldEv
                0x08009384       0x10 bn_keypad_manager.o
                0x08009384                bn::keypad::right_held()
 .text._ZN2bn6keypad9left_heldEv
                0x08009394       0x10 bn_keypad_manager.o
                0x08009394                bn::keypad::left_held()
 .text._ZN2bn14keypad_manager4stopEv
                0x080093a4        0x4 bn_keypad_manager.o
                0x080093a4                bn::keypad_manager::stop()
 .text._ZN2bn14keypad_manager6updateEv
                0x080093a8       0xa8 bn_keypad_manager.o
                0x080093a8                bn::keypad_manager::update()
 .text._ZN3_bn6assert9show_argsIA24_ciEEvPKcS4_S4_iRKT_RKT0_
                0x08009450       0x54 bn_keypad_manager.o
                0x08009450                void _bn::assert::show_args<char [24], int>(char const*, char const*, char const*, int, char const (&) [24], int const&)
 .text._ZN2bn14keypad_manager4initERKNS_11string_viewE
                0x080094a4       0x58 bn_keypad_manager.o
                0x080094a4                bn::keypad_manager::init(bn::string_view const&)
 .text._ZN3_bn6assert9show_argsIA16_cEEvPKcS4_S4_iRKT_
                0x080094fc       0x48 bn_keypad_manager.o
                0x080094fc                void _bn::assert::show_args<char [16]>(char const*, char const*, char const*, int, char const (&) [16])
 .text._ZN2bn12link_manager4initEv
                0x08009544        0xc bn_link_manager.o
                0x08009544                bn::link_manager::init()
 .text._ZN2bn12link_manager6activeEv
                0x08009550        0xc bn_link_manager.o
                0x08009550                bn::link_manager::active()
 .text._ZN2bn12link_manager7disableEv
                0x0800955c       0x18 bn_link_manager.o
                0x0800955c                bn::link_manager::disable()
 .text._ZN3_bn6assert9show_argsIA28_ciEEvPKcS4_S4_iRKT_RKT0_
                0x08009574       0x54 bn_link_manager.o
                0x08009574                void _bn::assert::show_args<char [28], int>(char const*, char const*, char const*, int, char const (&) [28], int const&)
 .text._ZN2bn3logERKNS_12istring_baseE
                0x080095c8        0xc bn_log.o
                0x080095c8                bn::log(bn::istring_base const&)
 .text._ZN2bn14memory_manager4initEv
                0x080095d4       0x20 bn_memory_manager.o
                0x080095d4                bn::memory_manager::init()
 .text.exit._GLOBAL__sub_D__Znwj
                0x080095f4       0x14 bn_memory_manager.o
 .text._ZN2bn2hw8palettes9grayscaleEPKNS_5colorEiiPS2_.part.0
                0x08009608       0x40 bn_palettes_manager.o
 .text._ZN2bn14bg_palette_ptrC2ERKS0_
                0x08009648       0x2c bn_palettes_manager.o
                0x08009648                bn::bg_palette_ptr::bg_palette_ptr(bn::bg_palette_ptr const&)
                0x08009648                bn::bg_palette_ptr::bg_palette_ptr(bn::bg_palette_ptr const&)
 .text._ZNK2bn14bg_palette_ptr3bppEv
                0x08009674       0x20 bn_palettes_manager.o
                0x08009674                bn::bg_palette_ptr::bpp() const
 .text._ZN2bn18sprite_palette_ptrC2ERKS0_
                0x08009694       0x1c bn_palettes_manager.o
                0x08009694                bn::sprite_palette_ptr::sprite_palette_ptr(bn::sprite_palette_ptr const&)
                0x08009694                bn::sprite_palette_ptr::sprite_palette_ptr(bn::sprite_palette_ptr const&)
 .text._ZNK2bn18sprite_palette_ptr3bppEv
                0x080096b0       0x1c bn_palettes_manager.o
                0x080096b0                bn::sprite_palette_ptr::bpp() const
 .text._ZNK2bn13palettes_bank10log_statusEv
                0x080096cc      0x178 bn_palettes_manager.o
                0x080096cc                bn::palettes_bank::log_status() const
 .text._ZNK2bn13palettes_bank20retrieve_commit_dataEv
                0x08009844       0x4c bn_palettes_manager.o
                0x08009844                bn::palettes_bank::retrieve_commit_data() const
 .text._ZNK2bn13palettes_bank12_same_colorsERKNS_4spanIKNS_5colorEEEi
                0x08009890       0x50 bn_palettes_manager.o
                0x08009890                bn::palettes_bank::_same_colors(bn::span<bn::color const> const&, int) const
 .text._ZN2bn13palettes_bank10find_bpp_4ERKNS_4spanIKNS_5colorEEEt
                0x080098e0       0xd8 bn_palettes_manager.o
                0x080098e0                bn::palettes_bank::find_bpp_4(bn::span<bn::color const> const&, unsigned short)
 .text._ZNK2bn13palettes_bank21_apply_global_effectsEiPNS_5colorE
                0x080099b8      0x13c bn_palettes_manager.o
                0x080099b8                bn::palettes_bank::_apply_global_effects(int, bn::color*) const
 .text._ZNK2bn13palettes_bank25fill_hblank_effect_colorsEPKNS_5colorEPt
                0x08009af4       0x30 bn_palettes_manager.o
                0x08009af4                bn::palettes_bank::fill_hblank_effect_colors(bn::color const*, unsigned short*) const
 .text._ZNK2bn13palettes_bank7palette13apply_effectsEiPNS_5colorE
                0x08009b24       0xbc bn_palettes_manager.o
                0x08009b24                bn::palettes_bank::palette::apply_effects(int, bn::color*) const
 .text._ZNK2bn13palettes_bank25fill_hblank_effect_colorsEiPKNS_5colorEPt
                0x08009be0       0x44 bn_palettes_manager.o
                0x08009be0                bn::palettes_bank::fill_hblank_effect_colors(int, bn::color const*, unsigned short*) const
 .text._ZN2bn13palettes_bank15_update_paletteEi
                0x08009c24       0x6c bn_palettes_manager.o
                0x08009c24                bn::palettes_bank::_update_palette(int)
 .text._ZN2bn13palettes_bank6updateEv
                0x08009c90      0x124 bn_palettes_manager.o
                0x08009c90                bn::palettes_bank::update()
 .text._ZN2bn13palettes_bankC2Ev
                0x08009db4       0xcc bn_palettes_manager.o
                0x08009db4                bn::palettes_bank::palettes_bank()
                0x08009db4                bn::palettes_bank::palettes_bank()
 .text._ZN2bn16palettes_manager20sprite_palettes_bankEv
                0x08009e80        0x8 bn_palettes_manager.o
                0x08009e80                bn::palettes_manager::sprite_palettes_bank()
 .text._ZN2bn16palettes_manager16bg_palettes_bankEv
                0x08009e88        0x8 bn_palettes_manager.o
                0x08009e88                bn::palettes_manager::bg_palettes_bank()
 .text._ZN2bn16palettes_manager6updateEv
                0x08009e90       0x20 bn_palettes_manager.o
                0x08009e90                bn::palettes_manager::update()
 .text._ZN2bn16palettes_manager6commitEb
                0x08009eb0       0xf0 bn_palettes_manager.o
                0x08009eb0                bn::palettes_manager::commit(bool)
 .text._ZN2bn16palettes_manager4stopEv
                0x08009fa0       0x20 bn_palettes_manager.o
                0x08009fa0                bn::palettes_manager::stop()
 .text._ZN3_bn6assert9show_argsIA35_cEEvPKcS4_S4_iRKT_
                0x08009fc0       0x48 bn_palettes_manager.o
                0x08009fc0                void _bn::assert::show_args<char [35]>(char const*, char const*, char const*, int, char const (&) [35])
 .text._ZN2bn13palettes_bank11colors_hashERKNS_4spanIKNS_5colorEEE
                0x0800a008       0x50 bn_palettes_manager.o
                0x0800a008                bn::palettes_bank::colors_hash(bn::span<bn::color const> const&)
 .text._ZN3_bn6assert9show_argsIJA43_ciA36_cA42_cEEEvPKcS6_S6_iDpRKT_
                0x0800a058       0x64 bn_palettes_manager.o
                0x0800a058                void _bn::assert::show_args<char [43], int, char [36], char [42]>(char const*, char const*, char const*, int, char const (&) [43], int const&, char const (&) [36], char const (&) [42])
 .text._ZN2bn13palettes_bank12create_bpp_8ERKNS_4spanIKNS_5colorEEENS_16compression_typeEb
                0x0800a0bc      0x22c bn_palettes_manager.o
                0x0800a0bc                bn::palettes_bank::create_bpp_8(bn::span<bn::color const> const&, bn::compression_type, bool)
 .text._ZNK2bn15bg_palette_item10decompressENS_4spanINS_5colorEEE
                0x0800a2e8      0x188 bn_palettes_manager.o
                0x0800a2e8                bn::bg_palette_item::decompress(bn::span<bn::color>) const
 .text._ZNK2bn19sprite_palette_item10decompressENS_4spanINS_5colorEEE
                0x0800a470      0x188 bn_palettes_manager.o
                0x0800a470                bn::sprite_palette_item::decompress(bn::span<bn::color>) const
 .text._ZN2bn13palettes_bank12create_bpp_4ERKNS_4spanIKNS_5colorEEEtb
                0x0800a5f8      0x284 bn_palettes_manager.o
                0x0800a5f8                bn::palettes_bank::create_bpp_4(bn::span<bn::color const> const&, unsigned short, bool)
 .text._ZN2bn12_GLOBAL__N_112_create_implERKNS_15bg_palette_itemEb
                0x0800a87c       0x94 bn_palettes_manager.o
 .text._ZN2bn14bg_palette_ptr6createERKNS_15bg_palette_itemE
                0x0800a910       0x54 bn_palettes_manager.o
                0x0800a910                bn::bg_palette_ptr::create(bn::bg_palette_item const&)
 .text._ZNK2bn15bg_palette_item14create_paletteEv
                0x0800a964       0x10 bn_palettes_manager.o
                0x0800a964                bn::bg_palette_item::create_palette() const
 .text._ZN2bn12_GLOBAL__N_112_create_implERKNS_19sprite_palette_itemEb
                0x0800a974       0x7c bn_palettes_manager.o
 .text._ZNK2bn19sprite_palette_item14create_paletteEv
                0x0800a9f0       0x48 bn_palettes_manager.o
                0x0800a9f0                bn::sprite_palette_item::create_palette() const
 .text._ZN2bn14iunordered_mapItsNS_13palettes_bank15identity_hasherENS_8equal_toItEEE5eraseERKNS5_14const_iteratorE.isra.0
                0x0800aa38      0x174 bn_palettes_manager.o
 .text._ZN2bn13palettes_bank15decrease_usagesEi.part.0
                0x0800abac       0xdc bn_palettes_manager.o
 .text._ZN2bn14bg_palette_ptrD2Ev
                0x0800ac88       0x3c bn_palettes_manager.o
                0x0800ac88                bn::bg_palette_ptr::~bg_palette_ptr()
                0x0800ac88                bn::bg_palette_ptr::~bg_palette_ptr()
 .text._ZN2bn18sprite_palette_ptrD2Ev
                0x0800acc4       0x30 bn_palettes_manager.o
                0x0800acc4                bn::sprite_palette_ptr::~sprite_palette_ptr()
                0x0800acc4                bn::sprite_palette_ptr::~sprite_palette_ptr()
 .text._ZN2bn14bg_palette_ptraSERKS0_
                0x0800acf4       0x5c bn_palettes_manager.o
                0x0800acf4                bn::bg_palette_ptr::operator=(bn::bg_palette_ptr const&)
 .text.startup._GLOBAL__sub_I__ZN2bn11bg_palettes17used_colors_countEv
                0x0800ad50       0x20 bn_palettes_manager.o
 .text._ZN2bn26sprite_affine_mats_manager12_GLOBAL__N_119_sprite_double_sizeILi32ELi16EEEbiiiii
                0x0800ad70       0x84 bn_sprite_affine_mats_manager.o
 .text._ZN2bn26sprite_affine_mats_manager12_GLOBAL__N_119_sprite_double_sizeILi16ELi32EEEbiiiii
                0x0800adf4       0x84 bn_sprite_affine_mats_manager.o
 .text._ZNK2bn21sprite_affine_mat_ptr15horizontal_flipEv
                0x0800ae78       0x18 bn_sprite_affine_mats_manager.o
                0x0800ae78                bn::sprite_affine_mat_ptr::horizontal_flip() const
 .text._ZNK2bn21sprite_affine_mat_ptr13vertical_flipEv
                0x0800ae90       0x18 bn_sprite_affine_mats_manager.o
                0x0800ae90                bn::sprite_affine_mat_ptr::vertical_flip() const
 .text._ZNK2bn21sprite_affine_mat_ptr16flipped_identityEv
                0x0800aea8       0x14 bn_sprite_affine_mats_manager.o
                0x0800aea8                bn::sprite_affine_mat_ptr::flipped_identity() const
 .text._ZN2bn26sprite_affine_mats_manager13attach_spriteEiRNS_24intrusive_list_node_typeE
                0x0800aebc       0x2c bn_sprite_affine_mats_manager.o
                0x0800aebc                bn::sprite_affine_mats_manager::attach_sprite(int, bn::intrusive_list_node_type&)
 .text._ZN2bn26sprite_affine_mats_manager18sprite_double_sizeEiRKNS_17sprite_shape_sizeE
                0x0800aee8      0x1dc bn_sprite_affine_mats_manager.o
                0x0800aee8                bn::sprite_affine_mats_manager::sprite_double_size(int, bn::sprite_shape_size const&)
 .text._ZN2bn26sprite_affine_mats_manager20retrieve_commit_dataEv
                0x0800b0c4       0x38 bn_sprite_affine_mats_manager.o
                0x0800b0c4                bn::sprite_affine_mats_manager::retrieve_commit_data()
 .text._ZN3_bn6assert9show_argsIA37_cEEvPKcS4_S4_iRKT_
                0x0800b0fc       0x48 bn_sprite_affine_mats_manager.o
                0x0800b0fc                void _bn::assert::show_args<char [37]>(char const*, char const*, char const*, int, char const (&) [37])
 .text._ZN2bn26sprite_affine_mats_manager15decrease_usagesEi.part.0
                0x0800b144       0x68 bn_sprite_affine_mats_manager.o
 .text._ZN2bn21sprite_affine_mat_ptrD2Ev
                0x0800b1ac       0x34 bn_sprite_affine_mats_manager.o
                0x0800b1ac                bn::sprite_affine_mat_ptr::~sprite_affine_mat_ptr()
                0x0800b1ac                bn::sprite_affine_mat_ptr::~sprite_affine_mat_ptr()
 .text._ZN2bn26sprite_affine_mats_manager6updateEv
                0x0800b1e0       0xa0 bn_sprite_affine_mats_manager.o
                0x0800b1e0                bn::sprite_affine_mats_manager::update()
 .text._ZN2bn26sprite_affine_mats_manager4initEPv
                0x0800b280       0x6c bn_sprite_affine_mats_manager.o
                0x0800b280                bn::sprite_affine_mats_manager::init(void*)
 .text._ZN2bn26sprite_affine_mats_manager14dettach_spriteEiRNS_24intrusive_list_node_typeE
                0x0800b2ec       0x50 bn_sprite_affine_mats_manager.o
                0x0800b2ec                bn::sprite_affine_mats_manager::dettach_sprite(int, bn::intrusive_list_node_type&)
 .text.startup._GLOBAL__sub_I__ZN2bn18sprite_affine_mats10used_countEv
                0x0800b33c       0x98 bn_sprite_affine_mats_manager.o
 .text.exit._GLOBAL__sub_D__ZN2bn18sprite_affine_mats10used_countEv
                0x0800b3d4       0x3c bn_sprite_affine_mats_manager.o
 .text._ZN2bn21sprite_text_generator5_initEv
                0x0800b410      0x17c bn_sprite_text_generator.o
                0x0800b410                bn::sprite_text_generator::_init()
 .text._ZN2bn21sprite_text_generatorC2ERKNS_11sprite_fontE
                0x0800b58c       0x2c bn_sprite_text_generator.o
                0x0800b58c                bn::sprite_text_generator::sprite_text_generator(bn::sprite_font const&)
                0x0800b58c                bn::sprite_text_generator::sprite_text_generator(bn::sprite_font const&)
 .text._ZN3_bn6assert9show_argsIA54_cEEvPKcS4_S4_iRKT_
                0x0800b5b8       0x48 bn_sprite_text_generator.o
                0x0800b5b8                void _bn::assert::show_args<char [54]>(char const*, char const*, char const*, int, char const (&) [54])
 .text._ZN3_bn6assert9show_argsIJA25_ciA4_ctEEEvPKcS5_S5_iDpRKT_
                0x0800b600       0x64 bn_sprite_text_generator.o
                0x0800b600                void _bn::assert::show_args<char [25], int, char [4], unsigned short>(char const*, char const*, char const*, int, char const (&) [25], int const&, char const (&) [4], unsigned short const&)
 .text._ZN2bn14utf8_characterC2ERKc
                0x0800b664      0x144 bn_sprite_text_generator.o
                0x0800b664                bn::utf8_character::utf8_character(char const&)
                0x0800b664                bn::utf8_character::utf8_character(char const&)
 .text._ZN2bn12_GLOBAL__N_115_graphics_indexEcRKNS_23utf8_characters_map_refEPKcRi.part.0
                0x0800b7a8       0x8c bn_sprite_text_generator.o
 .text._ZN3_bn6assert9show_argsIJA20_ccA9_cN2bn11string_viewEA2_cEEEvPKcS8_S8_iDpRKT_
                0x0800b834       0x6c bn_sprite_text_generator.o
                0x0800b834                void _bn::assert::show_args<char [20], char, char [9], bn::string_view, char [2]>(char const*, char const*, char const*, int, char const (&) [20], char const&, char const (&) [9], bn::string_view const&, char const (&) [2])
 .text._ZNK2bn21sprite_text_generator5widthERKNS_11string_viewE
                0x0800b8a0      0x244 bn_sprite_text_generator.o
                0x0800b8a0                bn::sprite_text_generator::width(bn::string_view const&) const
 .text._ZN3_bn6assert9show_argsIA55_cEEvPKcS4_S4_iRKT_
                0x0800bae4       0x48 bn_sprite_text_generator.o
                0x0800bae4                void _bn::assert::show_args<char [55]>(char const*, char const*, char const*, int, char const (&) [55])
 .text._ZN2bn12_GLOBAL__N_120_build_sprite_assertILNS_11sprite_sizeE2EEEPNS_4tileERKNS_21sprite_text_generatorERKNS_18sprite_palette_ptrERKNS_11fixed_pointERNS_7ivectorINS_10sprite_ptrEEE
                0x0800bb2c      0x1c4 bn_sprite_text_generator.o
 .text._ZN2bn12_GLOBAL__N_120_build_sprite_assertILNS_11sprite_sizeE1EEEPNS_4tileERKNS_21sprite_text_generatorERKNS_18sprite_palette_ptrERKNS_11fixed_pointERNS_7ivectorINS_10sprite_ptrEEE
                0x0800bcf0      0x1c4 bn_sprite_text_generator.o
 .text._ZN2bn12_GLOBAL__N_19_generateILb0EEEbRKNS_21sprite_text_generatorERKNS_11fixed_pointERKNS_11string_viewERKNS_23utf8_characters_map_refEiibRNS_7ivectorINS_10sprite_ptrEEE.isra.0
                0x0800beb4     0x10e0 bn_sprite_text_generator.o
 .text._ZNK2bn21sprite_text_generator8generateENS_7fixed_tILi12EEES2_RKNS_11string_viewERNS_7ivectorINS_10sprite_ptrEEE
                0x0800cf94       0x40 bn_sprite_text_generator.o
                0x0800cf94                bn::sprite_text_generator::generate(bn::fixed_t<12>, bn::fixed_t<12>, bn::string_view const&, bn::ivector<bn::sprite_ptr>&) const
 .text._ZNK2bn16sprite_tiles_ptr2idEv
                0x0800cfd4       0x18 bn_sprite_tiles_manager.o
                0x0800cfd4                bn::sprite_tiles_ptr::id() const
 .text._ZNK2bn16sprite_tiles_ptr11tiles_countEv
                0x0800cfec       0x18 bn_sprite_tiles_manager.o
                0x0800cfec                bn::sprite_tiles_ptr::tiles_count() const
 .text._ZN2bn20sprite_tiles_manager10log_statusEv
                0x0800d004      0x1ec bn_sprite_tiles_manager.o
                0x0800d004                bn::sprite_tiles_manager::log_status()
 .text._ZN2bn20sprite_tiles_manager19commit_uncompressedEb
                0x0800d1f0       0xdc bn_sprite_tiles_manager.o
                0x0800d1f0                bn::sprite_tiles_manager::commit_uncompressed(bool)
 .text._ZN2bn20sprite_tiles_manager17commit_compressedEv
                0x0800d2cc       0xe8 bn_sprite_tiles_manager.o
                0x0800d2cc                bn::sprite_tiles_manager::commit_compressed()
 .text._ZN3_bn6assert9show_argsIJA44_cPKN2bn4tileEA4_cS6_EEEvPKcS9_S9_iDpRKT_
                0x0800d3b4       0x64 bn_sprite_tiles_manager.o
                0x0800d3b4                void _bn::assert::show_args<char [44], bn::tile const*, char [4], bn::tile const*>(char const*, char const*, char const*, int, char const (&) [44], bn::tile const* const&, char const (&) [4], bn::tile const* const&)
 .text._ZN3_bn6assert9show_argsIJA46_ciA4_cjEEEvPKcS5_S5_iDpRKT_
                0x0800d418       0x64 bn_sprite_tiles_manager.o
                0x0800d418                void _bn::assert::show_args<char [46], int, char [4], unsigned int>(char const*, char const*, char const*, int, char const (&) [46], int const&, char const (&) [4], unsigned int const&)
 .text._ZN3_bn6assert9show_argsIJA28_cA15_cPKN2bn4tileEA16_ciA34_cNS4_11string_viewEEEEvPKcSC_SC_iDpRKT_
                0x0800d47c       0x7c bn_sprite_tiles_manager.o
                0x0800d47c                void _bn::assert::show_args<char [28], char [15], bn::tile const*, char [16], int, char [34], bn::string_view>(char const*, char const*, char const*, int, char const (&) [28], char const (&) [15], bn::tile const* const&, char const (&) [16], int const&, char const (&) [34], bn::string_view const&)
 .text._ZN3_bn6assert9show_argsIJA44_ciA34_cN2bn11string_viewEEEEvPKcS7_S7_iDpRKT_
                0x0800d4f8       0x64 bn_sprite_tiles_manager.o
                0x0800d4f8                void _bn::assert::show_args<char [44], int, char [34], bn::string_view>(char const*, char const*, char const*, int, char const (&) [44], int const&, char const (&) [34], bn::string_view const&)
 .text._ZN2bn20sprite_tiles_manager4initEv
                0x0800d55c       0xec bn_sprite_tiles_manager.o
                0x0800d55c                bn::sprite_tiles_manager::init()
 .text._ZN2bn20sprite_tiles_manager12_GLOBAL__N_122_insert_to_commit_itemEiRNS1_9item_typeE.part.0
                0x0800d648       0x6c bn_sprite_tiles_manager.o
 .text._ZN2bn20sprite_tiles_manager12_GLOBAL__N_117_insert_free_itemEiPt
                0x0800d6b4       0xcc bn_sprite_tiles_manager.o
 .text._ZN2bn20sprite_tiles_manager12_GLOBAL__N_116_erase_free_itemEi
                0x0800d780       0xe4 bn_sprite_tiles_manager.o
 .text._ZN2bn20sprite_tiles_manager12_GLOBAL__N_121_erase_to_commit_itemEiRNS1_9item_typeE
                0x0800d864      0x100 bn_sprite_tiles_manager.o
 .text._ZN2bn20sprite_tiles_manager15decrease_usagesEi
                0x0800d964      0x134 bn_sprite_tiles_manager.o
                0x0800d964                bn::sprite_tiles_manager::decrease_usages(int)
 .text._ZN2bn16sprite_tiles_ptrD2Ev
                0x0800da98       0x18 bn_sprite_tiles_manager.o
                0x0800da98                bn::sprite_tiles_ptr::~sprite_tiles_ptr()
                0x0800da98                bn::sprite_tiles_ptr::~sprite_tiles_ptr()
 .text._ZN2bn14iunordered_mapIPKNS_4tileEiNS_4hashIS3_EENS_8equal_toIS3_EEE5eraseERKNS8_14const_iteratorE.isra.0
                0x0800dab0      0x17c bn_sprite_tiles_manager.o
 .text._ZN2bn20sprite_tiles_manager12_GLOBAL__N_112_create_itemEiPKNS_4tileENS_16compression_typeEib
                0x0800dc2c      0x2f0 bn_sprite_tiles_manager.o
 .text._ZN2bn20sprite_tiles_manager12_GLOBAL__N_114_allocate_implEi
                0x0800df1c       0xf8 bn_sprite_tiles_manager.o
 .text._ZN2bn20sprite_tiles_manager6updateEv
                0x0800e014      0x238 bn_sprite_tiles_manager.o
                0x0800e014                bn::sprite_tiles_manager::update()
 .text._ZN2bn20sprite_tiles_manager12_GLOBAL__N_112_create_implEPKNS_4tileENS_16compression_typeEi
                0x0800e24c      0x200 bn_sprite_tiles_manager.o
 .text._ZN2bn20sprite_tiles_manager12_GLOBAL__N_110_find_implEPKNS_4tileENS_16compression_typeEi
                0x0800e44c      0x29c bn_sprite_tiles_manager.o
 .text._ZN2bn20sprite_tiles_manager6createERKNS_4spanIKNS_4tileEEENS_16compression_typeE
                0x0800e6e8      0x144 bn_sprite_tiles_manager.o
                0x0800e6e8                bn::sprite_tiles_manager::create(bn::span<bn::tile const> const&, bn::compression_type)
 .text._ZN2bn16sprite_tiles_ptr6createERKNS_17sprite_tiles_itemEi
                0x0800e82c       0xe4 bn_sprite_tiles_manager.o
                0x0800e82c                bn::sprite_tiles_ptr::create(bn::sprite_tiles_item const&, int)
 .text._ZNK2bn17sprite_tiles_item12create_tilesEv
                0x0800e910       0x94 bn_sprite_tiles_manager.o
                0x0800e910                bn::sprite_tiles_item::create_tiles() const
 .text._ZNK2bn17sprite_tiles_item12create_tilesEi
                0x0800e9a4       0xe4 bn_sprite_tiles_manager.o
                0x0800e9a4                bn::sprite_tiles_item::create_tiles(int) const
 .text._ZN2bn20sprite_tiles_manager8allocateEiNS_8bpp_modeE
                0x0800ea88       0xc4 bn_sprite_tiles_manager.o
                0x0800ea88                bn::sprite_tiles_manager::allocate(int, bn::bpp_mode)
 .text._ZN2bn16sprite_tiles_ptr8allocateEiNS_8bpp_modeE
                0x0800eb4c       0x18 bn_sprite_tiles_manager.o
                0x0800eb4c                bn::sprite_tiles_ptr::allocate(int, bn::bpp_mode)
 .text._ZN2bn20sprite_tiles_manager4vramEi
                0x0800eb64       0x4c bn_sprite_tiles_manager.o
                0x0800eb64                bn::sprite_tiles_manager::vram(int)
 .text._ZN2bn16sprite_tiles_ptr4vramEv
                0x0800ebb0       0x14 bn_sprite_tiles_manager.o
                0x0800ebb0                bn::sprite_tiles_ptr::vram()
 .text.startup._GLOBAL__sub_I__ZN2bn12sprite_tiles16used_tiles_countEv
                0x0800ebc4      0x11c bn_sprite_tiles_manager.o
 .text._ZN2bn15sprites_manager12_GLOBAL__N_125_update_indexes_to_commitERKNS_20sprites_manager_itemE
                0x0800ece0       0x48 bn_sprites_manager.o
 .text._ZN2bn13ostringstream11append_argsIiJA4_ciEEEvRKT_DpRKT0_.isra.0
                0x0800ed28       0x24 bn_sprites_manager.o
 .text._ZN2bn15sprites_manager12_GLOBAL__N_123_update_item_dimensionsERNS_20sprites_manager_itemE
                0x0800ed4c       0xc4 bn_sprites_manager.o
 .text._ZNK2bn10sprite_ptr1xEv
                0x0800ee10        0x8 bn_sprites_manager.o
                0x0800ee10                bn::sprite_ptr::x() const
 .text._ZN2bn10sprite_ptr5set_xENS_7fixed_tILi12EEE
                0x0800ee18       0x48 bn_sprites_manager.o
                0x0800ee18                bn::sprite_ptr::set_x(bn::fixed_t<12>)
 .text._ZNK2bn10sprite_ptr1yEv
                0x0800ee60        0x8 bn_sprites_manager.o
                0x0800ee60                bn::sprite_ptr::y() const
 .text._ZN2bn10sprite_ptr5set_yENS_7fixed_tILi12EEE
                0x0800ee68       0x44 bn_sprites_manager.o
                0x0800ee68                bn::sprite_ptr::set_y(bn::fixed_t<12>)
 .text._ZN2bn10sprite_ptr12set_positionENS_7fixed_tILi12EEES2_
                0x0800eeac       0x70 bn_sprites_manager.o
                0x0800eeac                bn::sprite_ptr::set_position(bn::fixed_t<12>, bn::fixed_t<12>)
 .text._ZN2bn15sprites_manager4initEv
                0x0800ef1c       0x34 bn_sprites_manager.o
                0x0800ef1c                bn::sprites_manager::init()
 .text._ZN2bn15sprites_manager5hw_idEPv
                0x0800ef50        0x8 bn_sprites_manager.o
                0x0800ef50                bn::sprites_manager::hw_id(void*)
 .text._ZN2bn15sprites_manager5shapeEPv
                0x0800ef58        0x8 bn_sprites_manager.o
                0x0800ef58                bn::sprites_manager::shape(void*)
 .text._ZN2bn15sprites_manager4sizeEPv
                0x0800ef60        0x8 bn_sprites_manager.o
                0x0800ef60                bn::sprites_manager::size(void*)
 .text._ZN2bn15sprites_manager10shape_sizeEPv
                0x0800ef68       0x14 bn_sprites_manager.o
                0x0800ef68                bn::sprites_manager::shape_size(void*)
 .text._ZN2bn15sprites_manager11hw_positionEPv
                0x0800ef7c        0x4 bn_sprites_manager.o
                0x0800ef7c                bn::sprites_manager::hw_position(void*)
 .text._ZN2bn15sprites_manager9view_modeEPv
                0x0800ef80        0xc bn_sprites_manager.o
                0x0800ef80                bn::sprites_manager::view_mode(void*)
 .text._ZN2bn15sprites_manager10affine_matEPv
                0x0800ef8c        0x4 bn_sprites_manager.o
                0x0800ef8c                bn::sprites_manager::affine_mat(void*)
 .text._ZN2bn15sprites_manager39fill_hblank_effect_horizontal_positionsEPviPKNS_7fixed_tILi12EEEPt
                0x0800ef90       0x44 bn_sprites_manager.o
                0x0800ef90                bn::sprites_manager::fill_hblank_effect_horizontal_positions(void*, int, bn::fixed_t<12> const*, unsigned short*)
 .text._ZN2bn15sprites_manager37fill_hblank_effect_vertical_positionsEPviPKNS_7fixed_tILi12EEEPt
                0x0800efd4       0x44 bn_sprites_manager.o
                0x0800efd4                bn::sprites_manager::fill_hblank_effect_vertical_positions(void*, int, bn::fixed_t<12> const*, unsigned short*)
 .text._ZN2bn15sprites_manager35fill_hblank_effect_first_attributesEiNS_12sprite_shapeENS_8bpp_modeEiPKNS_23sprite_first_attributesEPt
                0x0800f018       0xdc bn_sprites_manager.o
                0x0800f018                bn::sprites_manager::fill_hblank_effect_first_attributes(int, bn::sprite_shape, bn::bpp_mode, int, bn::sprite_first_attributes const*, unsigned short*)
 .text._ZN2bn15sprites_manager44fill_hblank_effect_regular_second_attributesEPviNS_11sprite_sizeEPKNS_32sprite_regular_second_attributesEPt
                0x0800f0f4       0x60 bn_sprites_manager.o
                0x0800f0f4                bn::sprites_manager::fill_hblank_effect_regular_second_attributes(void*, int, bn::sprite_size, bn::sprite_regular_second_attributes const*, unsigned short*)
 .text._ZN2bn15sprites_manager43fill_hblank_effect_affine_second_attributesEPviNS_11sprite_sizeEPKNS_31sprite_affine_second_attributesEPt
                0x0800f154       0x58 bn_sprites_manager.o
                0x0800f154                bn::sprites_manager::fill_hblank_effect_affine_second_attributes(void*, int, bn::sprite_size, bn::sprite_affine_second_attributes const*, unsigned short*)
 .text._ZN2bn15sprites_manager14update_camerasEv
                0x0800f1ac       0x2c bn_sprites_manager.o
                0x0800f1ac                bn::sprites_manager::update_cameras()
 .text._ZN2bn15sprites_manager6commitEb
                0x0800f1d8       0xa4 bn_sprites_manager.o
                0x0800f1d8                bn::sprites_manager::commit(bool)
 .text._ZNK2bn17sprite_shape_size11tiles_countENS_8bpp_modeE.isra.0
                0x0800f27c      0x14c bn_sprites_manager.o
 .text._ZN2bn15sprites_manager12_GLOBAL__N_118_remove_affine_matERNS_20sprites_manager_itemE
                0x0800f3c8       0xd0 bn_sprites_manager.o
 .text._ZN2bn15sprites_manager40remove_identity_affine_mat_if_not_neededEPv
                0x0800f498       0x18 bn_sprites_manager.o
                0x0800f498                bn::sprites_manager::remove_identity_affine_mat_if_not_needed(void*)
 .text._ZN2bn14sprite_builder15release_paletteEv
                0x0800f4b0       0x78 bn_sprites_manager.o
                0x0800f4b0                bn::sprite_builder::release_palette()
 .text._ZN2bn14sprite_builder13release_tilesEv
                0x0800f528       0x78 bn_sprites_manager.o
                0x0800f528                bn::sprite_builder::release_tiles()
 .text._ZN2bn15sprites_manager7paletteEPv
                0x0800f5a0       0x34 bn_sprites_manager.o
                0x0800f5a0                bn::sprites_manager::palette(void*)
 .text._ZN2bn20sprites_manager_item13_builder_initERKNS_14sprite_builderE
                0x0800f5d4      0x350 bn_sprites_manager.o
                0x0800f5d4                bn::sprites_manager_item::_builder_init(bn::sprite_builder const&)
 .text._ZN2bn14sprite_builder11set_z_orderEi
                0x0800f924       0x48 bn_sprites_manager.o
                0x0800f924                bn::sprite_builder::set_z_order(int)
 .text._ZN2bn14sprite_builderC2ERKNS_17sprite_shape_sizeENS_16sprite_tiles_ptrENS_18sprite_palette_ptrE
                0x0800f96c      0x120 bn_sprites_manager.o
                0x0800f96c                bn::sprite_builder::sprite_builder(bn::sprite_shape_size const&, bn::sprite_tiles_ptr, bn::sprite_palette_ptr)
                0x0800f96c                bn::sprite_builder::sprite_builder(bn::sprite_shape_size const&, bn::sprite_tiles_ptr, bn::sprite_palette_ptr)
 .text._ZN2bn14sprite_builder15set_bg_priorityEi
                0x0800fa8c       0x38 bn_sprites_manager.o
                0x0800fa8c                bn::sprite_builder::set_bg_priority(int)
 .text._ZN2bn15sprites_manager6updateEv
                0x0800fac4      0x170 bn_sprites_manager.o
                0x0800fac4                bn::sprites_manager::update()
 .text._ZN3_bn6assert9show_argsIJA27_ciA4_ciEEEvPKcS5_S5_iDpRKT_
                0x0800fc34       0x58 bn_sprites_manager.o
                0x0800fc34                void _bn::assert::show_args<char [27], int, char [4], int>(char const*, char const*, char const*, int, char const (&) [27], int const&, char const (&) [4], int const&)
 .text._ZN2bn15sprites_manager35fill_hblank_effect_third_attributesENS_17sprite_shape_sizeEPKNS_23sprite_third_attributesEPt
                0x0800fc8c       0xc4 bn_sprites_manager.o
                0x0800fc8c                bn::sprites_manager::fill_hblank_effect_third_attributes(bn::sprite_shape_size, bn::sprite_third_attributes const*, unsigned short*)
 .text._ZN2bn14sorted_sprites6sorter6insertERNS_20sprites_manager_itemE
                0x0800fd50      0x170 bn_sprites_manager.o
                0x0800fd50                bn::sorted_sprites::sorter::insert(bn::sprites_manager_item&)
 .text._ZN2bn15sprites_manager6createERKNS_11fixed_pointERKNS_17sprite_shape_sizeEONS_16sprite_tiles_ptrEONS_18sprite_palette_ptrE
                0x0800fec0      0x1dc bn_sprites_manager.o
                0x0800fec0                bn::sprites_manager::create(bn::fixed_point const&, bn::sprite_shape_size const&, bn::sprite_tiles_ptr&&, bn::sprite_palette_ptr&&)
 .text._ZNK2bn11sprite_item13create_spriteENS_7fixed_tILi12EEES2_
                0x0801009c       0x44 bn_sprites_manager.o
                0x0801009c                bn::sprite_item::create_sprite(bn::fixed_t<12>, bn::fixed_t<12>) const
 .text._ZN2bn15sprites_manager6createEONS_14sprite_builderE
                0x080100e0      0x180 bn_sprites_manager.o
                0x080100e0                bn::sprites_manager::create(bn::sprite_builder&&)
 .text._ZN2bn10sprite_ptr6createEONS_14sprite_builderE
                0x08010260       0x14 bn_sprites_manager.o
                0x08010260                bn::sprite_ptr::create(bn::sprite_builder&&)
 .text._ZN2bn15sprites_manager15decrease_usagesEPv
                0x08010274      0x180 bn_sprites_manager.o
                0x08010274                bn::sprites_manager::decrease_usages(void*)
 .text._ZN2bn10sprite_ptrD2Ev
                0x080103f4       0x18 bn_sprites_manager.o
                0x080103f4                bn::sprite_ptr::~sprite_ptr()
                0x080103f4                bn::sprite_ptr::~sprite_ptr()
 .text.startup._GLOBAL__sub_I__ZN2bn7sprites16used_items_countEv
                0x0801040c       0x9c bn_sprites_manager.o
 .text.exit._GLOBAL__sub_D__ZN2bn7sprites16used_items_countEv
                0x080104a8       0x4c bn_sprites_manager.o
 .text._ZN2bn13ostringstreamC2ERNS_12istring_baseE
                0x080104f4        0x8 bn_sstream.o
                0x080104f4                bn::ostringstream::ostringstream(bn::istring_base&)
                0x080104f4                bn::ostringstream::ostringstream(bn::istring_base&)
 .text._ZNK2bn13ostringstream4sizeEv
                0x080104fc        0x8 bn_sstream.o
                0x080104fc                bn::ostringstream::size() const
 .text._ZN2bn13ostringstream6appendEPKc
                0x08010504       0x94 bn_sstream.o
                0x08010504                bn::ostringstream::append(char const*)
 .text._ZN2bn13ostringstream6appendEi
                0x08010598       0xb0 bn_sstream.o
                0x08010598                bn::ostringstream::append(int)
 .text._ZN2bn13ostringstream6appendERKNS_11string_viewE
                0x08010648       0x9c bn_sstream.o
                0x08010648                bn::ostringstream::append(bn::string_view const&)
 .text._ZN2bn13ostringstream6appendEj
                0x080106e4       0xb0 bn_sstream.o
                0x080106e4                bn::ostringstream::append(unsigned int)
 .text._ZN2bn13ostringstream6appendEPKv
                0x08010794      0x100 bn_sstream.o
                0x08010794                bn::ostringstream::append(void const*)
 .text._ZN2bn13ostringstream16_append_fractionEji
                0x08010894      0x114 bn_sstream.o
                0x08010894                bn::ostringstream::_append_fraction(unsigned int, int)
 .text._ZN2bn13ostringstream6appendEc
                0x080109a8       0x44 bn_sstream.o
                0x080109a8                bn::ostringstream::append(char)
 .text._ZN2bn5timerC2Ev
                0x080109ec       0x18 bn_timer.o
                0x080109ec                bn::timer::timer()
                0x080109ec                bn::timer::timer()
 .text._ZNK2bn5timer13elapsed_ticksEv
                0x08010a04       0x38 bn_timer.o
                0x08010a04                bn::timer::elapsed_ticks() const
 .text._ZN2bn5timer7restartEv
                0x08010a3c       0x18 bn_timer.o
                0x08010a3c                bn::timer::restart()
 .text._ZN2bn2hw5audio12_GLOBAL__N_124_disabled_vblank_handlerEv
                0x08010a54       0x10 bn_hw_audio.bn_noflto.o
 .text._ZN2bn2hw5audio12_GLOBAL__N_17_commitEv
                0x08010a64       0x7c bn_hw_audio.bn_noflto.o
 .text._ZN2bn2hw5audio12_GLOBAL__N_123_enabled_vblank_handlerEv
                0x08010ae0       0x24 bn_hw_audio.bn_noflto.o
 .text._ZN2bn2hw5audio4initEv
                0x08010b04       0x68 bn_hw_audio.bn_noflto.o
                0x08010b04                bn::hw::audio::init()
 .text._ZN2bn2hw5audio7disableEv
                0x08010b6c       0x30 bn_hw_audio.bn_noflto.o
                0x08010b6c                bn::hw::audio::disable()
 .text._ZN2bn2hw5audio13music_playingEv
                0x08010b9c       0x10 bn_hw_audio.bn_noflto.o
                0x08010b9c                bn::hw::audio::music_playing()
 .text._ZN2bn2hw5audio10play_musicEiib
                0x08010bac       0x2c bn_hw_audio.bn_noflto.o
                0x08010bac                bn::hw::audio::play_music(int, int, bool)
 .text._ZN2bn2hw5audio10stop_musicEv
                0x08010bd8        0xc bn_hw_audio.bn_noflto.o
                0x08010bd8                bn::hw::audio::stop_music()
 .text._ZN2bn2hw5audio11pause_musicEv
                0x08010be4        0xc bn_hw_audio.bn_noflto.o
                0x08010be4                bn::hw::audio::pause_music()
 .text._ZN2bn2hw5audio12resume_musicEv
                0x08010bf0        0xc bn_hw_audio.bn_noflto.o
                0x08010bf0                bn::hw::audio::resume_music()
 .text._ZN2bn2hw5audio14music_positionEv
                0x08010bfc        0xc bn_hw_audio.bn_noflto.o
                0x08010bfc                bn::hw::audio::music_position()
 .text._ZN2bn2hw5audio18set_music_positionEi
                0x08010c08        0xc bn_hw_audio.bn_noflto.o
                0x08010c08                bn::hw::audio::set_music_position(int)
 .text._ZN2bn2hw5audio16set_music_volumeEi
                0x08010c14        0xc bn_hw_audio.bn_noflto.o
                0x08010c14                bn::hw::audio::set_music_volume(int)
 .text._ZN2bn2hw5audio22disable_vblank_handlerEv
                0x08010c20       0x14 bn_hw_audio.bn_noflto.o
                0x08010c20                bn::hw::audio::disable_vblank_handler()
 .text._ZN2bn2hw5audio6updateEb
                0x08010c34       0x18 bn_hw_audio.bn_noflto.o
                0x08010c34                bn::hw::audio::update(bool)
 .text._ZN2bn2hw5audio6commitEv
                0x08010c4c       0x20 bn_hw_audio.bn_noflto.o
                0x08010c4c                bn::hw::audio::commit()
 .text._ZN2bn2hw5audio12_GLOBAL__N_119_add_sound_to_queueEit
                0x08010c6c       0xa0 bn_hw_audio.bn_noflto.o
 .text._ZN2bn2hw5audio15stop_all_soundsEv
                0x08010d0c       0x68 bn_hw_audio.bn_noflto.o
                0x08010d0c                bn::hw::audio::stop_all_sounds()
 .text._ZN2bn2hw5audio12_GLOBAL__N_119_check_sounds_queueEv.part.0
                0x08010d74       0x9c bn_hw_audio.bn_noflto.o
 .text._ZN2bn2hw5audio10play_soundEiiiii
                0x08010e10       0x44 bn_hw_audio.bn_noflto.o
                0x08010e10                bn::hw::audio::play_sound(int, int, int, int, int)
 .text._ZN2bn2hw5audio10play_soundEii
                0x08010e54       0x30 bn_hw_audio.bn_noflto.o
                0x08010e54                bn::hw::audio::play_sound(int, int)
 .text._ZN2bn2hw5audio19update_sounds_queueEv
                0x08010e84       0x94 bn_hw_audio.bn_noflto.o
                0x08010e84                bn::hw::audio::update_sounds_queue()
 .text.startup._GLOBAL__sub_I__ZN2bn2hw5audio4initEv
                0x08010f18       0x30 bn_hw_audio.bn_noflto.o
 .text.exit._GLOBAL__sub_D__ZN2bn2hw5audio4initEv
                0x08010f48       0x68 bn_hw_audio.bn_noflto.o
 .text._ZN3_bn6assert9show_argsIA40_cEEvPKcS4_S4_iRKT_
                0x08010fb0       0x48 bn_hw_common.bn_noflto.o
                0x08010fb0                void _bn::assert::show_args<char [40]>(char const*, char const*, char const*, int, char const (&) [40])
 .text.__aeabi_idiv0
                0x08010ff8       0x24 bn_hw_common.bn_noflto.o
                0x08010ff8                __aeabi_idiv0
 .text._ZN2bn2hw8game_pak14_slow_game_pakEv
                0x0801101c       0x84 bn_hw_game_pak.bn_ewram.o
                0x0801101c                bn::hw::game_pak::_slow_game_pak()
 .text._ZN2bn2hw8game_pak4initEv
                0x080110a0       0x28 bn_hw_game_pak.o
                0x080110a0                bn::hw::game_pak::init()
 .text._ZN2bn2hw3irq4initEv
                0x080110c8        0xc bn_hw_irq.o
                0x080110c8                bn::hw::irq::init()
 .text._ZN2bn2hw3irq7set_isrENS1_2idEPFvvE
                0x080110d4       0x10 bn_hw_irq.o
                0x080110d4                bn::hw::irq::set_isr(bn::hw::irq::id, void (*)())
 .text._ZN2bn2hw3irq6enableENS1_2idE
                0x080110e4       0x10 bn_hw_irq.o
                0x080110e4                bn::hw::irq::enable(bn::hw::irq::id)
 .text._ZN2bn2hw3irq7disableENS1_2idE
                0x080110f4       0x10 bn_hw_irq.o
                0x080110f4                bn::hw::irq::disable(bn::hw::irq::id)
 .text._ZN2bn2hw4link12_GLOBAL__N_119_resetStateCallbackEv
                0x08011104       0x4c bn_hw_link.o
 .text._ZN2bn2hw4link4initEv
                0x08011150       0xc0 bn_hw_link.o
                0x08011150                bn::hw::link::init()
 .text._ZN2bn2hw4link6activeEv
                0x08011210       0x10 bn_hw_link.o
                0x08011210                bn::hw::link::active()
 .text._ZN2bn2hw4link7disableEv
                0x08011220       0x6c bn_hw_link.o
                0x08011220                bn::hw::link::disable()
 .text._ZN2bn2hw4link6commitEv
                0x0801128c       0x30 bn_hw_link.o
                0x0801128c                bn::hw::link::commit()
 .text._ZN2bn2hw4link11_timer_intrEv
                0x080112bc       0xf8 bn_hw_link.o
                0x080112bc                bn::hw::link::_timer_intr()
 .text._ZN2bn2hw4link12_serial_intrEv
                0x080113b4      0x1bc bn_hw_link.o
                0x080113b4                bn::hw::link::_serial_intr()
 .text._ZN2bn2hw4link12_GLOBAL__N_117_sendDataCallbackEv
                0x08011570       0xe0 bn_hw_link.o
 .text._ZN2bn2hw4link12_GLOBAL__N_124_receiveResponseCallbackERK12LinkResponse
                0x08011650      0x158 bn_hw_link.o
 .text.startup._GLOBAL__sub_I__ZN2bn2hw4link4initEv
                0x080117a8       0x68 bn_hw_link.o
 .text._ZN2bn2hw3logERKNS_12istring_baseE
                0x08011810       0x58 bn_hw_log.o
                0x08011810                bn::hw::log(bn::istring_base const&)
 .text._ZN2bn2hw6memory4initEv
                0x08011868        0x4 bn_hw_memory.o
                0x08011868                bn::hw::memory::init()
 .text._ZN2bn2hw6memory16ewram_heap_startEv
                0x0801186c        0x8 bn_hw_memory.o
                0x0801186c                bn::hw::memory::ewram_heap_start()
 .text._ZN2bn2hw6memory14ewram_heap_endEv
                0x08011874        0x8 bn_hw_memory.o
                0x08011874                bn::hw::memory::ewram_heap_end()
 .text._ZN2bn2hw8palettes12_GLOBAL__N_110lut_effectEPKNS_5colorEPKhiPS3_
                0x0801187c       0x40 bn_hw_palettes.o
 .text._ZN2bn2hw8palettes10brightnessEPKNS_5colorEiiPS2_
                0x080118bc       0x54 bn_hw_palettes.o
                0x080118bc                bn::hw::palettes::brightness(bn::color const*, int, int, bn::color*)
 .text._ZN2bn2hw8palettes8contrastEPKNS_5colorEiiPS2_
                0x08011910       0x18 bn_hw_palettes.o
                0x08011910                bn::hw::palettes::contrast(bn::color const*, int, int, bn::color*)
 .text._ZN2bn2hw8palettes9intensityEPKNS_5colorEiiPS2_
                0x08011928       0x18 bn_hw_palettes.o
                0x08011928                bn::hw::palettes::intensity(bn::color const*, int, int, bn::color*)
 .text._ZN2bn2hw8palettes9hue_shiftEPKNS_5colorEiiPS2_
                0x08011940      0x14c bn_hw_palettes.o
                0x08011940                bn::hw::palettes::hue_shift(bn::color const*, int, int, bn::color*)
 .text._ZN2bn2hw8palettes6rotateEPKNS_5colorEiiPS2_
                0x08011a8c       0x2c bn_hw_palettes.o
                0x08011a8c                bn::hw::palettes::rotate(bn::color const*, int, int, bn::color*)
 .text._ZN2bn2hw4show5errorERKNS_11system_fontERKNS_11string_viewES7_S7_iS7_S7_
                0x08011ab8      0x3bc bn_hw_show.o
                0x08011ab8                bn::hw::show::error(bn::system_font const&, bn::string_view const&, bn::string_view const&, bn::string_view const&, int, bn::string_view const&, bn::string_view const&)
 .text._ZN2bn2hw12sprite_tiles10plot_tilesEiPKNS_4tileEiiPS2_
                0x08011e74       0x40 bn_hw_sprite_tiles.o
                0x08011e74                bn::hw::sprite_tiles::plot_tiles(int, bn::tile const*, int, int, bn::tile*)
 .text._ZN2bn2hw4sram4initEv
                0x08011eb4       0x18 bn_hw_sram.o
                0x08011eb4                bn::hw::sram::init()
 .text._ZN2bn11system_fontC2Ev
                0x08011ecc       0x18 bn_hw_system_font.o
                0x08011ecc                bn::system_font::system_font()
                0x08011ecc                bn::system_font::system_font()
 .text._ZNK2bn11system_font8tte_fontEv
                0x08011ee4        0x4 bn_hw_system_font.o
                0x08011ee4                bn::system_font::tte_font() const
 .text._ZN2bn2hw4text5parseEiRNS_5arrayIcLi32EEE
                0x08011ee8       0xbc bn_hw_text.o
                0x08011ee8                bn::hw::text::parse(int, bn::array<char, 32>&)
 .text._ZN2bn2hw4text5parseEjRNS_5arrayIcLi32EEE
                0x08011fa4       0xa0 bn_hw_text.o
                0x08011fa4                bn::hw::text::parse(unsigned int, bn::array<char, 32>&)
 .text._ZN2bn2hw4text5parseEPKvRNS_5arrayIcLi32EEE
                0x08012044       0x30 bn_hw_text.o
                0x08012044                bn::hw::text::parse(void const*, bn::array<char, 32>&)
 .text.clr_grayscale
                0x08012074       0x78 tonc_color.o
                0x08012074                clr_grayscale
 .text.sbmp16_rect
                0x080120ec       0x68 tonc_sbmp16.o
                0x080120ec                sbmp16_rect
 .text.bmp16_drawg_b1cts
                0x08012154       0xc0 bmp16_drawg_b1cs.o
                0x08012154                bmp16_drawg_b1cts
 .text.bmp16_erase
                0x08012214       0x24 tte_init_bmp.o
                0x08012214                bmp16_erase
 .text.tte_init_bmp
                0x08012238       0x60 tte_init_bmp.o
                0x08012238                tte_init_bmp
 .text.dummy_drawg
                0x08012298        0x4 tte_main.o
                0x08012298                dummy_drawg
 .text.dummy_erase
                0x0801229c        0x4 tte_main.o
                0x0801229c                dummy_erase
 .text.tte_init_base
                0x080122a0       0x68 tte_main.o
                0x080122a0                tte_init_base
 .text.utf8_decode_char
                0x08012308       0xb4 tte_main.o
                0x08012308                utf8_decode_char
 .text.tte_write
                0x080123bc       0xe8 tte_main.o
                0x080123bc                tte_write
 .text.tte_get_text_size
                0x080124a4       0xa4 tte_main.o
                0x080124a4                tte_get_text_size
 .text.tte_set_margins
                0x08012548       0x18 tte_main.o
                0x08012548                tte_set_margins
 .text.IRQ_Init
                0x08012560       0x48 interrupts_gba.o
                0x08012560                IRQ_Init
 .text.IRQ_SetHandler
                0x080125a8       0x10 interrupts_gba.o
                0x080125a8                IRQ_SetHandler
 .text.IRQ_Enable
                0x080125b8       0x64 interrupts_gba.o
                0x080125b8                IRQ_Enable
 .text.IRQ_Disable
                0x0801261c       0x60 interrupts_gba.o
                0x0801261c                IRQ_Disable
 .text.channel3_refresh_registers
                0x0801267c       0xd0 gbt_player.o
 .text.gbt_refresh_pattern_ptr
                0x0801274c       0x84 gbt_player.o
 .text.gbt_ch1234_nop
                0x080127d0        0x4 gbt_player.o
 .text.gbt_ch1234_speed
                0x080127d4       0x10 gbt_player.o
 .text.gbt_ch1234_jump_pattern
                0x080127e4       0x14 gbt_player.o